<html>
<body>
<pre>
<h1>礦ision Build Log</h1>
<h2>Tool Versions:</h2>
IDE-Version: μVision V5.24.2.0
Copyright (C) 2017 ARM Ltd and ARM Germany GmbH. All rights reserved.
License Information: 111 2802957734@qq.com, 111, LIC=RC93N-YZKLF-WF3I7-EH8LB-J0CQ6-AWNQR
 
Tool Versions:
Toolchain:       MDK-ARM Plus  Version: 5.24.1
Toolchain Path:  D:\keil5(4)\ARM\ARMCC\Bin
C Compiler:      Armcc.exe V5.06 update 5 (build 528)
Assembler:       Armasm.exe V5.06 update 5 (build 528)
Linker/Locator:  ArmLink.exe V5.06 update 5 (build 528)
Library Manager: ArmAr.exe V5.06 update 5 (build 528)
Hex Converter:   FromElf.exe V5.06 update 5 (build 528)
CPU DLL:         SARMCM3.DLL V5.24.1
Dialog DLL:      DCM.DLL V1.16.0.0
Target DLL:      CMSIS_AGDI.dll V1.28.3.0
Dialog DLL:      TCM.DLL V1.32.0.0
 
<h2>Project:</h2>
C:\Users\28029\Desktop\工作室\工创赛\中心部分\工程实训大赛\代码-1\PRJ\STM32_UART_CMD.uvprojx
Project File Date:  12/08/2024

<h2>Output:</h2>
*** Using Compiler 'V5.06 update 5 (build 528)', folder: 'D:\keil5(4)\ARM\ARMCC\Bin'
Build target 'STM32_PUL_WHILE'
compiling mpuiic.c...
..\MPU6050\mpuiic.c(87): warning:  #61-D: integer operation result is out of range
  	
PU_SDA_IN();      //SDA设置为输入  
..\MPU6050\mpuiic.c(87): warning:  #68-D: integer conversion resulted in a change of sign
  	
PU_SDA_IN();      //SDA设置为输入  
..\MPU6050\mpuiic.c(147): warning:  #61-D: integer operation result is out of range
  	
PU_SDA_IN();//SDA设置为输入
..\MPU6050\mpuiic.c(147): warning:  #68-D: integer conversion resulted in a change of sign
  	
PU_SDA_IN();//SDA设置为输入
..\MPU6050\mpuiic.c: 4 warnings, 0 errors
linking...
Program Size: Code=30468 RO-data=5244 RW-data=168 ZI-data=3120  
FromELF: creating hex file...
".\Objects\Template.axf" - 0 Error(s), 4 Warning(s).

<h2>Software Packages used:</h2>

Package Vendor: Keil
                http://www.keil.com/pack/Keil.STM32F1xx_DFP.2.2.0.pack
                Keil.STM32F1xx_DFP.2.2.0
                STMicroelectronics STM32F1 Series Device Support, Drivers and Examples

<h2>Collection of Component include folders:</h2>
  .\RTE\_STM32_PUL_WHILE
  D:\keil5(4)\ARM\PACK\Keil\STM32F1xx_DFP\2.2.0\Device\Include

<h2>Collection of Component Files used:</h2>
Build Time Elapsed:  00:00:01
</pre>
</body>
</html>
