Component: ARM Compiler 5.06 update 5 (build 528) Tool: armlink [4d35e2]

==============================================================================

Section Cross References

    main.o(i.Init) refers to system_stm32f10x.o(i.SystemInit) for SystemInit
    main.o(i.Init) refers to buzzer.o(i.Beep_Init) for Beep_Init
    main.o(i.Init) refers to mpu6050.o(i.MPU_Init) for MPU_Init
    main.o(i.Init) refers to inv_mpu.o(i.mpu_dmp_init) for mpu_dmp_init
    main.o(i.Init) refers to oled.o(i.OLED_Init) for OLED_Init
    main.o(i.Init) refers to ad.o(i.AD_Init) for AD_Init
    main.o(i.Init) refers to board.o(i.USART1_Init) for USART1_Init
    main.o(i.Init) refers to usart2.o(i.USART2_Init) for USART2_Init
    main.o(i.Init) refers to usart3.o(i.USART3_Init) for USART3_Init
    main.o(i.Init) refers to usart4.o(i.UART4_Init) for UART4_Init
    main.o(i.Init) refers to usart5.o(i.UART5_Init) for UART5_Init
    main.o(i.Init) refers to delay.o(i.Delay_ms) for Delay_ms
    main.o(i.Init) refers to usart4.o(i.initRingBuff) for initRingBuff
    main.o(i.Init) refers to usart2.o(i.runActionGroup) for runActionGroup
    main.o(i.Init) refers to oled.o(i.OLED_ShowString) for OLED_ShowString
    main.o(i.Init) refers to task_work.o(i.AD_Power) for AD_Power
    main.o(i.main) refers to main.o(i.Init) for Init
    main.o(i.main) refers to task_work.o(i.Run) for Run
    task_work.o(i.AD_Power) refers to ad.o(i.AD_GetValue) for AD_GetValue
    task_work.o(i.AD_Power) refers to oled.o(i.OLED_ShowString) for OLED_ShowString
    task_work.o(i.Catch) refers to usart2.o(i.runActionGroup) for runActionGroup
    task_work.o(i.Catch) refers to task_work.o(.data) for Order_Color_1
    task_work.o(i.OpenMv_Part) refers to stm32f10x_usart.o(i.USART_SendData) for USART_SendData
    task_work.o(i.OpenMv_Part) refers to task_work.o(.data) for Flag_Color
    task_work.o(i.Put) refers to usart2.o(i.runActionGroup) for runActionGroup
    task_work.o(i.Put) refers to task_work.o(.data) for Order_Color_1
    task_work.o(i.Ring_Adjust) refers to task_work.o(i.OpenMv_Part) for OpenMv_Part
    task_work.o(i.Ring_Adjust) refers to task_work.o(i.Set_Go) for Set_Go
    task_work.o(i.Ring_Adjust) refers to dfltui.o(.text) for __aeabi_ui2d
    task_work.o(i.Ring_Adjust) refers to dmul.o(.text) for __aeabi_dmul
    task_work.o(i.Ring_Adjust) refers to dadd.o(.text) for __aeabi_drsub
    task_work.o(i.Ring_Adjust) refers to d2f.o(.text) for __aeabi_d2f
    task_work.o(i.Ring_Adjust) refers to usart5.o(.data) for Ring_Data
    task_work.o(i.Run) refers to task_work.o(i.Set_Go) for Set_Go
    task_work.o(i.Run) refers to task_work.o(i.Try) for Try
    task_work.o(i.Run) refers to usart2.o(i.runActionGroup) for runActionGroup
    task_work.o(i.Run) refers to delay.o(i.Delay_ms) for Delay_ms
    task_work.o(i.Run) refers to task_work.o(i.OpenMv_Part) for OpenMv_Part
    task_work.o(i.Run) refers to task_work.o(i.Task_Catch_Work) for Task_Catch_Work
    task_work.o(i.Run) refers to task_work.o(i.Ring_Adjust) for Ring_Adjust
    task_work.o(i.Run) refers to task_work.o(i.Put) for Put
    task_work.o(i.Run) refers to task_work.o(i.Catch) for Catch
    task_work.o(i.Set_Go) refers to usart.o(i.usart_SendCmd) for usart_SendCmd
    task_work.o(i.Set_Go) refers to delay.o(i.Delay_ms) for Delay_ms
    task_work.o(i.Set_Go) refers to fmul.o(.text) for __aeabi_fmul
    task_work.o(i.Set_Go) refers to ffixui.o(.text) for __aeabi_f2uiz
    task_work.o(i.Set_Go) refers to emm_v5.o(i.Emm_V5_Pos_Control) for Emm_V5_Pos_Control
    task_work.o(i.Set_Go) refers to emm_v5.o(i.Emm_V5_Synchronous_motion) for Emm_V5_Synchronous_motion
    task_work.o(i.Set_Go) refers to usart.o(.bss) for rxCmd
    task_work.o(i.Set_Go) refers to task_work.o(.data) for motor_Flag
    task_work.o(i.Set_Go) refers to dfltui.o(.text) for __aeabi_ui2d
    task_work.o(i.Set_Go) refers to dmul.o(.text) for __aeabi_dmul
    task_work.o(i.Set_Go) refers to dfixui.o(.text) for __aeabi_d2uiz
    task_work.o(i.TRY) refers to task_work.o(i.Set_Go) for Set_Go
    task_work.o(i.TRY) refers to task_work.o(i.Try) for Try
    task_work.o(i.TRY) refers to delay.o(i.Delay_ms) for Delay_ms
    task_work.o(i.TRY) refers to emm_v5.o(i.Emm_V5_Pos_Control) for Emm_V5_Pos_Control
    task_work.o(i.TRY) refers to pca9685.o(i.calculate_PWM) for calculate_PWM
    task_work.o(i.TRY) refers to pca9685.o(i.setPWM) for setPWM
    task_work.o(i.Task_Catch_Work) refers to task_work.o(i.Set_Go) for Set_Go
    task_work.o(i.Task_Catch_Work) refers to usart2.o(i.runActionGroup) for runActionGroup
    task_work.o(i.Task_Catch_Work) refers to task_work.o(i.OpenMv_Part) for OpenMv_Part
    task_work.o(i.Task_Catch_Work) refers to usart5.o(.data) for Color_Data
    task_work.o(i.Task_Catch_Work) refers to task_work.o(.data) for Order_Color_1
    task_work.o(i.Try) refers to emm_v5.o(i.Emm_V5_Pos_Control) for Emm_V5_Pos_Control
    task_work.o(i.Try) refers to delay.o(i.Delay_ms) for Delay_ms
[...]
    i.__mathlib_dbl_infnan                   0x08003c1a   Section        0  dunder.o(i.__mathlib_dbl_infnan)
    i.__mathlib_dbl_infnan2                  0x08003c20   Section        0  dunder.o(i.__mathlib_dbl_infnan2)
    i.__mathlib_dbl_invalid                  0x08003c24   Section        0  dunder.o(i.__mathlib_dbl_invalid)
    i.__mathlib_dbl_underflow                0x08003c30   Section        0  dunder.o(i.__mathlib_dbl_underflow)
    i.__scatterload_copy                     0x08003c40   Section       14  handlers.o(i.__scatterload_copy)
    i.__scatterload_null                     0x08003c4e   Section        2  handlers.o(i.__scatterload_null)
    i.__scatterload_zeroinit                 0x08003c50   Section       14  handlers.o(i.__scatterload_zeroinit)
    i.__set_errno                            0x08003c60   Section        0  errno.o(i.__set_errno)
    i._fp_digits                             0x08003c6c   Section        0  printfa.o(i._fp_digits)
    _fp_digits                               0x08003c6d   Thumb Code   366  printfa.o(i._fp_digits)
    i._printf_core                           0x08003df0   Section        0  printfa.o(i._printf_core)
    _printf_core                             0x08003df1   Thumb Code  1744  printfa.o(i._printf_core)
    i._printf_post_padding                   0x080044cc   Section        0  printfa.o(i._printf_post_padding)
    _printf_post_padding                     0x080044cd   Thumb Code    36  printfa.o(i._printf_post_padding)
    i._printf_pre_padding                    0x080044f0   Section        0  printfa.o(i._printf_pre_padding)
    _printf_pre_padding                      0x080044f1   Thumb Code    46  printfa.o(i._printf_pre_padding)
    i._snputc                                0x0800451e   Section        0  printfa.o(i._snputc)
    _snputc                                  0x0800451f   Thumb Code    22  printfa.o(i._snputc)
    i.accel_self_test                        0x08004534   Section        0  inv_mpu.o(i.accel_self_test)
    accel_self_test                          0x08004535   Thumb Code   164  inv_mpu.o(i.accel_self_test)
    i.asin                                   0x080045dc   Section        0  asin.o(i.asin)
    i.atan                                   0x0800484c   Section        0  atan.o(i.atan)
    i.atan2                                  0x08004a6c   Section        0  atan2.o(i.atan2)
    i.calculate_PWM                          0x08004bec   Section        0  pca9685.o(i.calculate_PWM)
    i.clock_init                             0x08004c44   Section        0  board.o(i.clock_init)
    i.decode_gesture                         0x08004c64   Section        0  inv_mpu_dmp_motion_driver.o(i.decode_gesture)
    decode_gesture                           0x08004c65   Thumb Code    94  inv_mpu_dmp_motion_driver.o(i.decode_gesture)
    i.dmp_enable_6x_lp_quat                  0x08004cc8   Section        0  inv_mpu_dmp_motion_driver.o(i.dmp_enable_6x_lp_quat)
    i.dmp_enable_feature                     0x08004d04   Section        0  inv_mpu_dmp_motion_driver.o(i.dmp_enable_feature)
    i.dmp_enable_gyro_cal                    0x08004f20   Section        0  inv_mpu_dmp_motion_driver.o(i.dmp_enable_gyro_cal)
    i.dmp_enable_lp_quat                     0x08004f78   Section        0  inv_mpu_dmp_motion_driver.o(i.dmp_enable_lp_quat)
    i.dmp_load_motion_driver_firmware        0x08004fb4   Section        0  inv_mpu_dmp_motion_driver.o(i.dmp_load_motion_driver_firmware)
    i.dmp_read_fifo                          0x08004fcc   Section        0  inv_mpu_dmp_motion_driver.o(i.dmp_read_fifo)
    i.dmp_set_accel_bias                     0x08005198   Section        0  inv_mpu_dmp_motion_driver.o(i.dmp_set_accel_bias)
    i.dmp_set_fifo_rate                      0x080052c8   Section        0  inv_mpu_dmp_motion_driver.o(i.dmp_set_fifo_rate)
    i.dmp_set_gyro_bias                      0x08005338   Section        0  inv_mpu_dmp_motion_driver.o(i.dmp_set_gyro_bias)
    i.dmp_set_orientation                    0x08005468   Section        0  inv_mpu_dmp_motion_driver.o(i.dmp_set_orientation)
    i.dmp_set_shake_reject_thresh            0x080055a0   Section        0  inv_mpu_dmp_motion_driver.o(i.dmp_set_shake_reject_thresh)
    i.dmp_set_shake_reject_time              0x080055d8   Section        0  inv_mpu_dmp_motion_driver.o(i.dmp_set_shake_reject_time)
    i.dmp_set_shake_reject_timeout           0x080055fe   Section        0  inv_mpu_dmp_motion_driver.o(i.dmp_set_shake_reject_timeout)
    i.dmp_set_tap_axes                       0x08005624   Section        0  inv_mpu_dmp_motion_driver.o(i.dmp_set_tap_axes)
    i.dmp_set_tap_count                      0x0800566a   Section        0  inv_mpu_dmp_motion_driver.o(i.dmp_set_tap_count)
    i.dmp_set_tap_thresh                     0x08005690   Section        0  inv_mpu_dmp_motion_driver.o(i.dmp_set_tap_thresh)
    i.dmp_set_tap_time                       0x08005830   Section        0  inv_mpu_dmp_motion_driver.o(i.dmp_set_tap_time)
    i.dmp_set_tap_time_multi                 0x08005856   Section        0  inv_mpu_dmp_motion_driver.o(i.dmp_set_tap_time_multi)
    i.fifo_deQueue                           0x0800587c   Section        0  fifo.o(i.fifo_deQueue)
    i.fifo_enQueue                           0x080058ac   Section        0  fifo.o(i.fifo_enQueue)
    i.fifo_queueLength                       0x080058dc   Section        0  fifo.o(i.fifo_queueLength)
    i.get_accel_prod_shift                   0x08005918   Section        0  inv_mpu.o(i.get_accel_prod_shift)
    get_accel_prod_shift                     0x08005919   Thumb Code   168  inv_mpu.o(i.get_accel_prod_shift)
    i.get_st_biases                          0x080059cc   Section        0  inv_mpu.o(i.get_st_biases)
    get_st_biases                            0x080059cd   Thumb Code  1132  inv_mpu.o(i.get_st_biases)
    i.gyro_self_test                         0x08005e3c   Section        0  inv_mpu.o(i.gyro_self_test)
    gyro_self_test                           0x08005e3d   Thumb Code   256  inv_mpu.o(i.gyro_self_test)
    i.initRingBuff                           0x08005f4c   Section        0  usart4.o(i.initRingBuff)
    i.inv_orientation_matrix_to_scalar       0x08005f5c   Section        0  inv_mpu.o(i.inv_orientation_matrix_to_scalar)
    i.inv_row_2_scale                        0x08005f84   Section        0  inv_mpu.o(i.inv_row_2_scale)
    i.main                                   0x08005fd2   Section        0  main.o(i.main)
    i.mget_ms                                0x08005fde   Section        0  inv_mpu.o(i.mget_ms)
    i.mpu_configure_fifo                     0x08005fe0   Section        0  inv_mpu.o(i.mpu_configure_fifo)
    i.mpu_dmp_get_data                       0x08006050   Section        0  inv_mpu.o(i.mpu_dmp_get_data)
    i.mpu_dmp_init                           0x08006274   Section        0  inv_mpu.o(i.mpu_dmp_init)
    i.mpu_get_accel_fsr                      0x08006314   Section        0  inv_mpu.o(i.mpu_get_accel_fsr)
    i.mpu_get_accel_sens                     0x08006360   Section        0  inv_mpu.o(i.mpu_get_accel_sens)
    i.mpu_get_fifo_config                    0x080063b4   Section        0  inv_mpu.o(i.mpu_get_fifo_config)
    i.mpu_get_gyro_fsr                       0x080063c4   Section        0  inv_mpu.o(i.mpu_get_gyro_fsr)
    i.mpu_get_gyro_sens                      0x08006408   Section        0  inv_mpu.o(i.mpu_get_gyro_sens)
    i.mpu_get_lpf                            0x08006458   Section        0  inv_mpu.o(i.mpu_get_lpf)
    i.mpu_get_sample_rate                    0x080064a8   Section        0  inv_mpu.o(i.mpu_get_sample_rate)
    i.mpu_init                               0x080064c8   Section        0  inv_mpu.o(i.mpu_init)
    i.mpu_load_firmware                      0x08006658   Section        0  inv_mpu.o(i.mpu_load_firmware)
    i.mpu_lp_accel_mode                      0x08006710   Section        0  inv_mpu.o(i.mpu_lp_accel_mode)
    i.mpu_read_fifo_stream                   0x080067f0   Section        0  inv_mpu.o(i.mpu_read_fifo_stream)
    i.mpu_read_mem                           0x080068b0   Section        0  inv_mpu.o(i.mpu_read_mem)
    i.mpu_reset_fifo                         0x08006930   Section        0  inv_mpu.o(i.mpu_reset_fifo)
    i.mpu_run_self_test                      0x08006af8   Section        0  inv_mpu.o(i.mpu_run_self_test)
    i.mpu_set_accel_fsr                      0x08006c14   Section        0  inv_mpu.o(i.mpu_set_accel_fsr)
    i.mpu_set_bypass                         0x08006c98   Section        0  inv_mpu.o(i.mpu_set_bypass)
    i.mpu_set_dmp_state                      0x08006de4   Section        0  inv_mpu.o(i.mpu_set_dmp_state)
    i.mpu_set_gyro_fsr                       0x08006e74   Section        0  inv_mpu.o(i.mpu_set_gyro_fsr)
    i.mpu_set_int_latched                    0x08006efc   Section        0  inv_mpu.o(i.mpu_set_int_latched)
    i.mpu_set_lpf                            0x08006f68   Section        0  inv_mpu.o(i.mpu_set_lpf)
    i.mpu_set_sample_rate                    0x08006fec   Section        0  inv_mpu.o(i.mpu_set_sample_rate)
    i.mpu_set_sensors                        0x08007088   Section        0  inv_mpu.o(i.mpu_set_sensors)
    i.mpu_write_mem                          0x08007158   Section        0  inv_mpu.o(i.mpu_write_mem)
    i.nvic_init                              0x080071d8   Section        0  board.o(i.nvic_init)
    i.runActionGroup                         0x08007200   Section        0  usart2.o(i.runActionGroup)
    i.run_self_test                          0x08007244   Section        0  inv_mpu.o(i.run_self_test)
    i.setPWM                                 0x080072d8   Section        0  pca9685.o(i.setPWM)
    i.set_int_enable                         0x08007314   Section        0  inv_mpu.o(i.set_int_enable)
    set_int_enable                           0x08007315   Thumb Code   138  inv_mpu.o(i.set_int_enable)
    i.sqrt                                   0x080073a4   Section        0  sqrt.o(i.sqrt)
    i.usart_SendByte                         0x080073f0   Section        0  usart.o(i.usart_SendByte)
    i.usart_SendCmd                          0x0800742c   Section        0  usart.o(i.usart_SendCmd)
    i.usart_init                             0x08007458   Section        0  board.o(i.usart_init)
    i.writeRingBuff                          0x080074f4   Section        0  usart4.o(i.writeRingBuff)
    .constdata                               0x08007530   Section     1520  oled.o(.constdata)
    .constdata                               0x08007b20   Section       80  inv_mpu.o(.constdata)
    .constdata                               0x08007b70   Section     3062  inv_mpu_dmp_motion_driver.o(.constdata)
    dmp_memory                               0x08007b70   Data        3062  inv_mpu_dmp_motion_driver.o(.constdata)
    .constdata                               0x08008768   Section       80  asin.o(.constdata)
    pS                                       0x08008768   Data          48  asin.o(.constdata)
    qS                                       0x08008798   Data          32  asin.o(.constdata)
    .constdata                               0x080087b8   Section      152  atan.o(.constdata)
    atanhi                                   0x080087b8   Data          32  atan.o(.constdata)
    atanlo                                   0x080087d8   Data          32  atan.o(.constdata)
    aTodd                                    0x080087f8   Data          40  atan.o(.constdata)
    aTeven                                   0x08008820   Data          48  atan.o(.constdata)
    .constdata                               0x08008850   Section        8  qnan.o(.constdata)
    .data                                    0x20000000   Section       24  task_work.o(.data)
    .data                                    0x20000018   Section        3  usart.o(.data)
    .data                                    0x2000001b   Section        3  usart2.o(.data)
    .data                                    0x20000020   Section       20  usart3.o(.data)
    RxFlag                                   0x20000033   Data           1  usart3.o(.data)
    .data                                    0x20000034   Section       12  usart5.o(.data)
    RxFlag                                   0x2000003e   Data           1  usart5.o(.data)
    Num                                      0x2000003f   Data           1  usart5.o(.data)
    .data                                    0x20000040   Section       12  ad.o(.data)
    .data                                    0x2000004c   Section       20  stm32f10x_rcc.o(.data)
    APBAHBPrescTable                         0x2000004c   Data          16  stm32f10x_rcc.o(.data)
    ADCPrescTable                            0x2000005c   Data           4  stm32f10x_rcc.o(.data)
    .data                                    0x20000060   Section       53  inv_mpu.o(.data)
    st                                       0x20000060   Data          44  inv_mpu.o(.data)
    gyro_orientation                         0x2000008c   Data           9  inv_mpu.o(.data)
    .data                                    0x20000098   Section        4  errno.o(.data)
    _errno                                   0x20000098   Data           4  errno.o(.data)
    .bss                                     0x2000009c   Section      128  usart.o(.bss)
    .bss                                     0x2000011c   Section      138  usart2.o(.bss)
    .bss                                     0x200001a6   Section       10  usart3.o(.bss)
    .bss                                     0x200001b0   Section      506  usart4.o(.bss)
    .bss                                     0x200003aa   Section      258  fifo.o(.bss)
    .bss                                     0x200004ac   Section       16  inv_mpu_dmp_motion_driver.o(.bss)
    dmp                                      0x200004ac   Data          16  inv_mpu_dmp_motion_driver.o(.bss)
    STACK                                    0x200004c0   Section     2048  startup_stm32f10x_hd.o(STACK)

    Global Symbols

    Symbol Name                              Value     Ov Type        Size  Object(Section)

    BuildAttributes$$THM_ISAv4$P$D$K$B$S$PE$A:L22UL41UL21$X:L11$S22US41US21$IEEE1$IW$USESV6$~STKCKD$USESV7$~SHL$OTIME$ROPI$IEEEX$EBA8$MICROLIB$REQ8$PRES8$EABIv2 0x00000000   Number         0  anon$$obj.o ABSOLUTE
    __ARM_use_no_argv                        0x00000000   Number         0  main.o ABSOLUTE
    _printf_a                                0x00000000   Number         0  stubs.o ABSOLUTE
    _printf_c                                0x00000000   Number         0  stubs.o ABSOLUTE
    _printf_charcount                        0x00000000   Number         0  stubs.o ABSOLUTE
    _printf_d                                0x00000000   Number         0  stubs.o ABSOLUTE
    _printf_e                                0x00000000   Number         0  stubs.o ABSOLUTE
    _printf_f                                0x00000000   Number         0  stubs.o ABSOLUTE
    _printf_flags                            0x00000000   Number         0  stubs.o ABSOLUTE
    _printf_fp_dec                           0x00000000   Number         0  stubs.o ABSOLUTE
    _printf_fp_hex                           0x00000000   Number         0  stubs.o ABSOLUTE
    _printf_g                                0x00000000   Number         0  stubs.o ABSOLUTE
    _printf_i                                0x00000000   Number         0  stubs.o ABSOLUTE
    _printf_int_dec                          0x00000000   Number         0  stubs.o ABSOLUTE
    _printf_l                                0x00000000   Number         0  stubs.o ABSOLUTE
    _printf_lc                               0x00000000   Number         0  stubs.o ABSOLUTE
    _printf_ll                               0x00000000   Number         0  stubs.o ABSOLUTE
    _printf_lld                              0x00000000   Number         0  stubs.o ABSOLUTE
    _printf_lli                              0x00000000   Number         0  stubs.o ABSOLUTE
    _printf_llo                              0x00000000   Number         0  stubs.o ABSOLUTE
    _printf_llu                              0x00000000   Number         0  stubs.o ABSOLUTE
    _printf_llx                              0x00000000   Number         0  stubs.o ABSOLUTE
    _printf_longlong_dec                     0x00000000   Number         0  stubs.o ABSOLUTE
    _printf_longlong_hex                     0x00000000   Number         0  stubs.o ABSOLUTE
    _printf_longlong_oct                     0x00000000   Number         0  stubs.o ABSOLUTE
    _printf_ls                               0x00000000   Number         0  stubs.o ABSOLUTE
    _printf_mbtowc                           0x00000000   Number         0  stubs.o ABSOLUTE
    _printf_n                                0x00000000   Number         0  stubs.o ABSOLUTE
    _printf_o                                0x00000000   Number         0  stubs.o ABSOLUTE
    _printf_p                                0x00000000   Number         0  stubs.o ABSOLUTE
    _printf_percent                          0x00000000   Number         0  stubs.o ABSOLUTE
    _printf_pre_padding                      0x00000000   Number         0  stubs.o ABSOLUTE
    _printf_return_value                     0x00000000   Number         0  stubs.o ABSOLUTE
    _printf_s                                0x00000000   Number         0  stubs.o ABSOLUTE
    _printf_sizespec                         0x00000000   Number         0  stubs.o ABSOLUTE
    _printf_str                              0x00000000   Number         0  stubs.o ABSOLUTE
    _printf_truncate_signed                  0x00000000   Number         0  stubs.o ABSOLUTE
    _printf_truncate_unsigned                0x00000000   Number         0  stubs.o ABSOLUTE
    _printf_u                                0x00000000   Number         0  stubs.o ABSOLUTE
    _printf_wc                               0x00000000   Number         0  stubs.o ABSOLUTE
    _printf_wctomb                           0x00000000   Number         0  stubs.o ABSOLUTE
    _printf_widthprec                        0x00000000   Number         0  stubs.o ABSOLUTE
    _printf_x                                0x00000000   Number         0  stubs.o ABSOLUTE
    __cpp_initialize__aeabi_                  - Undefined Weak Reference
    __cxa_finalize                            - Undefined Weak Reference
    __decompress                              - Undefined Weak Reference
    _clock_init                               - Undefined Weak Reference
    _microlib_exit                            - Undefined Weak Reference
    __Vectors_Size                           0x00000130   Number         0  startup_stm32f10x_hd.o ABSOLUTE
    __Vectors                                0x08000000   Data           4  startup_stm32f10x_hd.o(RESET)
    __Vectors_End                            0x08000130   Data           0  startup_stm32f10x_hd.o(RESET)
    __main                                   0x08000131   Thumb Code     0  entry.o(.ARM.Collect$$$$00000000)
    _main_stk                                0x08000131   Thumb Code     0  entry2.o(.ARM.Collect$$$$00000001)
    _main_scatterload                        0x08000135   Thumb Code     0  entry5.o(.ARM.Collect$$$$00000004)
    __main_after_scatterload                 0x08000139   Thumb Code     0  entry5.o(.ARM.Collect$$$$00000004)
    _main_clock                              0x08000139   Thumb Code     0  entry7b.o(.ARM.Collect$$$$00000008)
    _main_cpp_init                           0x08000139   Thumb Code     0  entry8b.o(.ARM.Collect$$$$0000000A)
    _main_init                               0x08000139   Thumb Code     0  entry9a.o(.ARM.Collect$$$$0000000B)
    __rt_final_cpp                           0x08000141   Thumb Code     0  entry10a.o(.ARM.Collect$$$$0000000D)
    __rt_final_exit                          0x08000141   Thumb Code     0  entry11a.o(.ARM.Collect$$$$0000000F)
    Reset_Handler                            0x08000145   Thumb Code     8  startup_stm32f10x_hd.o(.text)
    ADC3_IRQHandler                          0x0800015f   Thumb Code     0  startup_stm32f10x_hd.o(.text)
    CAN1_RX1_IRQHandler                      0x0800015f   Thumb Code     0  startup_stm32f10x_hd.o(.text)
    CAN1_SCE_IRQHandler                      0x0800015f   Thumb Code     0  startup_stm32f10x_hd.o(.text)
    DMA1_Channel1_IRQHandler                 0x0800015f   Thumb Code     0  startup_stm32f10x_hd.o(.text)
    DMA1_Channel2_IRQHandler                 0x0800015f   Thumb Code     0  startup_stm32f10x_hd.o(.text)
    DMA1_Channel3_IRQHandler                 0x0800015f   Thumb Code     0  startup_stm32f10x_hd.o(.text)
    DMA1_Channel4_IRQHandler                 0x0800015f   Thumb Code     0  startup_stm32f10x_hd.o(.text)
    DMA1_Channel5_IRQHandler                 0x0800015f   Thumb Code     0  startup_stm32f10x_hd.o(.text)
    DMA1_Channel6_IRQHandler                 0x0800015f   Thumb Code     0  startup_stm32f10x_hd.o(.text)
    DMA1_Channel7_IRQHandler                 0x0800015f   Thumb Code     0  startup_stm32f10x_hd.o(.text)
    DMA2_Channel1_IRQHandler                 0x0800015f   Thumb Code     0  startup_stm32f10x_hd.o(.text)
    DMA2_Channel2_IRQHandler                 0x0800015f   Thumb Code     0  startup_stm32f10x_hd.o(.text)
    DMA2_Channel3_IRQHandler                 0x0800015f   Thumb Code     0  startup_stm32f10x_hd.o(.text)
    DMA2_Channel4_5_IRQHandler               0x0800015f   Thumb Code     0  startup_stm32f10x_hd.o(.text)
    EXTI0_IRQHandler                         0x0800015f   Thumb Code     0  startup_stm32f10x_hd.o(.text)
    EXTI15_10_IRQHandler                     0x0800015f   Thumb Code     0  startup_stm32f10x_hd.o(.text)
    EXTI1_IRQHandler                         0x0800015f   Thumb Code     0  startup_stm32f10x_hd.o(.text)
    EXTI2_IRQHandler                         0x0800015f   Thumb Code     0  startup_stm32f10x_hd.o(.text)
    EXTI3_IRQHandler                         0x0800015f   Thumb Code     0  startup_stm32f10x_hd.o(.text)
    EXTI4_IRQHandler                         0x0800015f   Thumb Code     0  startup_stm32f10x_hd.o(.text)
    EXTI9_5_IRQHandler                       0x0800015f   Thumb Code     0  startup_stm32f10x_hd.o(.text)
    FLASH_IRQHandler                         0x0800015f   Thumb Code     0  startup_stm32f10x_hd.o(.text)
    FSMC_IRQHandler                          0x0800015f   Thumb Code     0  startup_stm32f10x_hd.o(.text)
    I2C1_ER_IRQHandler                       0x0800015f   Thumb Code     0  startup_stm32f10x_hd.o(.text)
    I2C1_EV_IRQHandler                       0x0800015f   Thumb Code     0  startup_stm32f10x_hd.o(.text)
    I2C2_ER_IRQHandler                       0x0800015f   Thumb Code     0  startup_stm32f10x_hd.o(.text)
    I2C2_EV_IRQHandler                       0x0800015f   Thumb Code     0  startup_stm32f10x_hd.o(.text)
    PVD_IRQHandler                           0x0800015f   Thumb Code     0  startup_stm32f10x_hd.o(.text)
    RCC_IRQHandler                           0x0800015f   Thumb Code     0  startup_stm32f10x_hd.o(.text)
    RTCAlarm_IRQHandler                      0x0800015f   Thumb Code     0  startup_stm32f10x_hd.o(.text)
    RTC_IRQHandler                           0x0800015f   Thumb Code     0  startup_stm32f10x_hd.o(.text)
    SDIO_IRQHandler                          0x0800015f   Thumb Code     0  startup_stm32f10x_hd.o(.text)
    SPI1_IRQHandler                          0x0800015f   Thumb Code     0  startup_stm32f10x_hd.o(.text)
    SPI2_IRQHandler                          0x0800015f   Thumb Code     0  startup_stm32f10x_hd.o(.text)
    SPI3_IRQHandler                          0x0800015f   Thumb Code     0  startup_stm32f10x_hd.o(.text)
    TAMPER_IRQHandler                        0x0800015f   Thumb Code     0  startup_stm32f10x_hd.o(.text)
    TIM1_BRK_IRQHandler                      0x0800015f   Thumb Code     0  startup_stm32f10x_hd.o(.text)
    TIM1_CC_IRQHandler                       0x0800015f   Thumb Code     0  startup_stm32f10x_hd.o(.text)
    TIM1_TRG_COM_IRQHandler                  0x0800015f   Thumb Code     0  startup_stm32f10x_hd.o(.text)
    TIM1_UP_IRQHandler                       0x0800015f   Thumb Code     0  startup_stm32f10x_hd.o(.text)
    TIM2_IRQHandler                          0x0800015f   Thumb Code     0  startup_stm32f10x_hd.o(.text)
    TIM3_IRQHandler                          0x0800015f   Thumb Code     0  startup_stm32f10x_hd.o(.text)
    TIM4_IRQHandler                          0x0800015f   Thumb Code     0  startup_stm32f10x_hd.o(.text)
    TIM5_IRQHandler                          0x0800015f   Thumb Code     0  startup_stm32f10x_hd.o(.text)
    TIM6_IRQHandler                          0x0800015f   Thumb Code     0  startup_stm32f10x_hd.o(.text)
    TIM7_IRQHandler                          0x0800015f   Thumb Code     0  startup_stm32f10x_hd.o(.text)
    TIM8_BRK_IRQHandler                      0x0800015f   Thumb Code     0  startup_stm32f10x_hd.o(.text)
    TIM8_CC_IRQHandler                       0x0800015f   Thumb Code     0  startup_stm32f10x_hd.o(.text)
    TIM8_TRG_COM_IRQHandler                  0x0800015f   Thumb Code     0  startup_stm32f10x_hd.o(.text)
    TIM8_UP_IRQHandler                       0x0800015f   Thumb Code     0  startup_stm32f10x_hd.o(.text)
    USBWakeUp_IRQHandler                     0x0800015f   Thumb Code     0  startup_stm32f10x_hd.o(.text)
    USB_HP_CAN1_TX_IRQHandler                0x0800015f   Thumb Code     0  startup_stm32f10x_hd.o(.text)
    USB_LP_CAN1_RX0_IRQHandler               0x0800015f   Thumb Code     0  startup_stm32f10x_hd.o(.text)
    WWDG_IRQHandler                          0x0800015f   Thumb Code     0  startup_stm32f10x_hd.o(.text)
    __aeabi_ldivmod                          0x08000169   Thumb Code    98  ldiv.o(.text)
    __aeabi_memset                           0x080001cb   Thumb Code    14  memseta.o(.text)
    __aeabi_memset4                          0x080001cb   Thumb Code     0  memseta.o(.text)
    __aeabi_memset8                          0x080001cb   Thumb Code     0  memseta.o(.text)
    __aeabi_memclr                           0x080001d9   Thumb Code     4  memseta.o(.text)
    __aeabi_memclr4                          0x080001d9   Thumb Code     0  memseta.o(.text)
    __aeabi_memclr8                          0x080001d9   Thumb Code     0  memseta.o(.text)
    _memset$wrapper                          0x080001dd   Thumb Code    18  memseta.o(.text)
    memcmp                                   0x080001ef   Thumb Code    26  memcmp.o(.text)
    __aeabi_fadd                             0x08000209   Thumb Code   164  fadd.o(.text)
    __aeabi_fsub                             0x080002ad   Thumb Code     6  fadd.o(.text)
    __aeabi_frsub                            0x080002b3   Thumb Code     6  fadd.o(.text)
    __aeabi_fmul                             0x080002b9   Thumb Code   100  fmul.o(.text)
    __aeabi_fdiv                             0x0800031d   Thumb Code   124  fdiv.o(.text)
    __aeabi_dadd                             0x08000399   Thumb Code   322  dadd.o(.text)
    __aeabi_dsub                             0x080004db   Thumb Code     6  dadd.o(.text)
    __aeabi_drsub                            0x080004e1   Thumb Code     6  dadd.o(.text)
    __aeabi_dmul                             0x080004e7   Thumb Code   228  dmul.o(.text)
    __aeabi_ddiv                             0x080005cb   Thumb Code   222  ddiv.o(.text)
    __aeabi_i2f                              0x080006a9   Thumb Code    18  fflti.o(.text)
    __aeabi_ui2f                             0x080006bb   Thumb Code    10  ffltui.o(.text)
    __aeabi_ui2d                             0x080006c5   Thumb Code    26  dfltui.o(.text)
    __aeabi_f2iz                             0x080006df   Thumb Code    50  ffixi.o(.text)
    __aeabi_f2uiz                            0x08000711   Thumb Code    40  ffixui.o(.text)
    __aeabi_d2iz                             0x08000739   Thumb Code    62  dfixi.o(.text)
    __aeabi_d2uiz                            0x08000777   Thumb Code    50  dfixui.o(.text)
    __aeabi_f2d                              0x080007a9   Thumb Code    38  f2d.o(.text)
    __aeabi_d2f                              0x080007cf   Thumb Code    56  d2f.o(.text)
    __aeabi_cfcmpeq                          0x08000809   Thumb Code     0  cfcmple.o(.text)
    __aeabi_cfcmple                          0x08000809   Thumb Code    20  cfcmple.o(.text)
    __aeabi_cfrcmple                         0x0800081d   Thumb Code    20  cfrcmple.o(.text)
    __aeabi_uidiv                            0x08000831   Thumb Code     0  uidiv.o(.text)
    __aeabi_uidivmod                         0x08000831   Thumb Code    44  uidiv.o(.text)
    __aeabi_uldivmod                         0x0800085d   Thumb Code    98  uldiv.o(.text)
    __aeabi_llsl                             0x080008bf   Thumb Code    30  llshl.o(.text)
    _ll_shift_l                              0x080008bf   Thumb Code     0  llshl.o(.text)
    __aeabi_llsr                             0x080008dd   Thumb Code    32  llushr.o(.text)
    _ll_ushift_r                             0x080008dd   Thumb Code     0  llushr.o(.text)
    __aeabi_lasr                             0x080008fd   Thumb Code    36  llsshr.o(.text)
    _ll_sshift_r                             0x080008fd   Thumb Code     0  llsshr.o(.text)
    __I$use$fp                               0x08000921   Thumb Code     0  iusefp.o(.text)
    _float_round                             0x08000921   Thumb Code    18  fepilogue.o(.text)
    _float_epilogue                          0x08000933   Thumb Code    92  fepilogue.o(.text)
    _double_round                            0x0800098f   Thumb Code    30  depilogue.o(.text)
    _double_epilogue                         0x080009ad   Thumb Code   156  depilogue.o(.text)
    __ARM_scalbn                             0x08000a49   Thumb Code    46  dscalb.o(.text)
    scalbn                                   0x08000a49   Thumb Code     0  dscalb.o(.text)
    __aeabi_d2ulz                            0x08000a77   Thumb Code    48  dfixul.o(.text)
    __aeabi_cdrcmple                         0x08000aa9   Thumb Code    48  cdrcmple.o(.text)
    __scatterload                            0x08000ad9   Thumb Code    28  init.o(.text)
    __scatterload_rt2                        0x08000ad9   Thumb Code     0  init.o(.text)
    _dsqrt                                   0x08000afd   Thumb Code   162  dsqrt.o(.text)
    ADC1_2_IRQHandler                        0x08000ba1   Thumb Code   212  ad.o(i.ADC1_2_IRQHandler)
    ADC_AnalogWatchdogCmd                    0x08000cbd   Thumb Code    16  stm32f10x_adc.o(i.ADC_AnalogWatchdogCmd)
    ADC_AnalogWatchdogSingleChannelConfig    0x08000cd1   Thumb Code    16  stm32f10x_adc.o(i.ADC_AnalogWatchdogSingleChannelConfig)
    ADC_AnalogWatchdogThresholdsConfig       0x08000ce1   Thumb Code     6  stm32f10x_adc.o(i.ADC_AnalogWatchdogThresholdsConfig)
    ADC_ClearITPendingBit                    0x08000ce7   Thumb Code    10  stm32f10x_adc.o(i.ADC_ClearITPendingBit)
    ADC_Cmd                                  0x08000cf1   Thumb Code    22  stm32f10x_adc.o(i.ADC_Cmd)
    ADC_GetCalibrationStatus                 0x08000d07   Thumb Code    20  stm32f10x_adc.o(i.ADC_GetCalibrationStatus)
    ADC_GetConversionValue                   0x08000d1b   Thumb Code     8  stm32f10x_adc.o(i.ADC_GetConversionValue)
    ADC_GetITStatus                          0x08000d23   Thumb Code    36  stm32f10x_adc.o(i.ADC_GetITStatus)
    ADC_GetResetCalibrationStatus            0x08000d47   Thumb Code    20  stm32f10x_adc.o(i.ADC_GetResetCalibrationStatus)
    ADC_ITConfig                             0x08000d5b   Thumb Code    24  stm32f10x_adc.o(i.ADC_ITConfig)
    ADC_Init                                 0x08000d75   Thumb Code    70  stm32f10x_adc.o(i.ADC_Init)
    ADC_RegularChannelConfig                 0x08000dc5   Thumb Code   184  stm32f10x_adc.o(i.ADC_RegularChannelConfig)
    ADC_ResetCalibration                     0x08000e7d   Thumb Code    10  stm32f10x_adc.o(i.ADC_ResetCalibration)
    ADC_SoftwareStartConvCmd                 0x08000e87   Thumb Code    22  stm32f10x_adc.o(i.ADC_SoftwareStartConvCmd)
    ADC_StartCalibration                     0x08000e9d   Thumb Code    10  stm32f10x_adc.o(i.ADC_StartCalibration)
    AD_GetValue                              0x08000ea9   Thumb Code    10  ad.o(i.AD_GetValue)
    AD_Init                                  0x08000eb9   Thumb Code   238  ad.o(i.AD_Init)
    AD_Power                                 0x08000fb5   Thumb Code    38  task_work.o(i.AD_Power)
    Beep_Init                                0x08000ffd   Thumb Code    38  buzzer.o(i.Beep_Init)
    Beep_ON                                  0x08001029   Thumb Code    36  buzzer.o(i.Beep_ON)
    BusFault_Handler                         0x08001055   Thumb Code     4  stm32f10x_it.o(i.BusFault_Handler)
    Catch                                    0x08001059   Thumb Code   104  task_work.o(i.Catch)
    DebugMon_Handler                         0x080010c9   Thumb Code     2  stm32f10x_it.o(i.DebugMon_Handler)
    Delay_ms                                 0x080010cb   Thumb Code    24  delay.o(i.Delay_ms)
    Delay_s                                  0x080010e3   Thumb Code    24  delay.o(i.Delay_s)
    Delay_us                                 0x080010fb   Thumb Code    46  delay.o(i.Delay_us)
    Emm_V5_Pos_Control                       0x08001129   Thumb Code   108  emm_v5.o(i.Emm_V5_Pos_Control)
    Emm_V5_Synchronous_motion                0x08001195   Thumb Code    46  emm_v5.o(i.Emm_V5_Synchronous_motion)
    GPIO_Init                                0x080011c3   Thumb Code   278  stm32f10x_gpio.o(i.GPIO_Init)
    GPIO_PinRemapConfig                      0x080012d9   Thumb Code   138  stm32f10x_gpio.o(i.GPIO_PinRemapConfig)
    GPIO_SetBits                             0x08001369   Thumb Code     4  stm32f10x_gpio.o(i.GPIO_SetBits)
    GPIO_StructInit                          0x0800136d   Thumb Code    16  stm32f10x_gpio.o(i.GPIO_StructInit)
    GPIO_WriteBit                            0x0800137d   Thumb Code    10  stm32f10x_gpio.o(i.GPIO_WriteBit)
    HardFault_Handler                        0x08001387   Thumb Code     4  stm32f10x_it.o(i.HardFault_Handler)
    IIC_Send_Byte                            0x0800138d   Thumb Code    90  iic.o(i.IIC_Send_Byte)
    IIC_Start                                0x080013f5   Thumb Code    64  iic.o(i.IIC_Start)
    IIC_Stop                                 0x08001441   Thumb Code    62  iic.o(i.IIC_Stop)
    IIC_Wait_Ack                             0x0800148d   Thumb Code    82  iic.o(i.IIC_Wait_Ack)
    Init                                     0x080014ed   Thumb Code   114  main.o(i.Init)
    MPU_IIC_Ack                              0x08001569   Thumb Code    62  mpuiic.o(i.MPU_IIC_Ack)
    MPU_IIC_Delay                            0x080015b5   Thumb Code    10  mpuiic.o(i.MPU_IIC_Delay)
    MPU_IIC_Init                             0x080015c1   Thumb Code    62  mpuiic.o(i.MPU_IIC_Init)
    MPU_IIC_NAck                             0x08001609   Thumb Code    62  mpuiic.o(i.MPU_IIC_NAck)
    MPU_IIC_Read_Byte                        0x08001655   Thumb Code    94  mpuiic.o(i.MPU_IIC_Read_Byte)
    MPU_IIC_Send_Byte                        0x080016c1   Thumb Code    80  mpuiic.o(i.MPU_IIC_Send_Byte)
    MPU_IIC_Start                            0x0800171d   Thumb Code    60  mpuiic.o(i.MPU_IIC_Start)
    MPU_IIC_Stop                             0x08001765   Thumb Code    58  mpuiic.o(i.MPU_IIC_Stop)
    MPU_IIC_Wait_Ack                         0x080017ad   Thumb Code    86  mpuiic.o(i.MPU_IIC_Wait_Ack)
    MPU_Init                                 0x08001811   Thumb Code   122  mpu6050.o(i.MPU_Init)
    MPU_Read_Byte                            0x0800188b   Thumb Code    58  mpu6050.o(i.MPU_Read_Byte)
    MPU_Read_Len                             0x080018c5   Thumb Code   116  mpu6050.o(i.MPU_Read_Len)
    MPU_Set_Accel_Fsr                        0x08001939   Thumb Code    16  mpu6050.o(i.MPU_Set_Accel_Fsr)
    MPU_Set_Gyro_Fsr                         0x08001949   Thumb Code    16  mpu6050.o(i.MPU_Set_Gyro_Fsr)
    MPU_Set_LPF                              0x08001959   Thumb Code    58  mpu6050.o(i.MPU_Set_LPF)
    MPU_Set_Rate                             0x08001993   Thumb Code    58  mpu6050.o(i.MPU_Set_Rate)
    MPU_Write_Byte                           0x080019cd   Thumb Code    68  mpu6050.o(i.MPU_Write_Byte)
    MPU_Write_Len                            0x08001a11   Thumb Code    96  mpu6050.o(i.MPU_Write_Len)
    Make_Date                                0x08001a71   Thumb Code    60  usart3.o(i.Make_Date)
    MemManage_Handler                        0x08001aad   Thumb Code     4  stm32f10x_it.o(i.MemManage_Handler)
    NMI_Handler                              0x08001ab1   Thumb Code     2  stm32f10x_it.o(i.NMI_Handler)
    NVIC_Init                                0x08001ab5   Thumb Code   100  misc.o(i.NVIC_Init)
    NVIC_PriorityGroupConfig                 0x08001b25   Thumb Code    10  misc.o(i.NVIC_PriorityGroupConfig)
    OLED_Clear                               0x08001b39   Thumb Code    42  oled.o(i.OLED_Clear)
    OLED_Init                                0x08001b63   Thumb Code   174  oled.o(i.OLED_Init)
    OLED_Pow                                 0x08001c11   Thumb Code    20  oled.o(i.OLED_Pow)
    OLED_SPI_Init                            0x08001c25   Thumb Code   144  oled.o(i.OLED_SPI_Init)
    OLED_SPI_SendByte                        0x08001cb9   Thumb Code    54  oled.o(i.OLED_SPI_SendByte)
    OLED_SetCursor                           0x08001cf5   Thumb Code    34  oled.o(i.OLED_SetCursor)
    OLED_ShowChar                            0x08001d19   Thumb Code   110  oled.o(i.OLED_ShowChar)
    OLED_ShowHexNum                          0x08001d8d   Thumb Code    84  oled.o(i.OLED_ShowHexNum)
    OLED_ShowNum                             0x08001de1   Thumb Code    68  oled.o(i.OLED_ShowNum)
    OLED_ShowString                          0x08001e25   Thumb Code    40  oled.o(i.OLED_ShowString)
    OLED_WriteCommand                        0x08001e4d   Thumb Code    42  oled.o(i.OLED_WriteCommand)
    OLED_WriteData                           0x08001e7d   Thumb Code    42  oled.o(i.OLED_WriteData)
    OpenMv_Part                              0x08001ead   Thumb Code    68  task_work.o(i.OpenMv_Part)
    PCA9685_write                            0x08001efd   Thumb Code    46  pca9685.o(i.PCA9685_write)
    PendSV_Handler                           0x08001f2b   Thumb Code     2  stm32f10x_it.o(i.PendSV_Handler)
    Put                                      0x08001f2d   Thumb Code    84  task_work.o(i.Put)
    RCC_ADCCLKConfig                         0x08001f89   Thumb Code    18  stm32f10x_rcc.o(i.RCC_ADCCLKConfig)
    RCC_APB1PeriphClockCmd                   0x08001fa1   Thumb Code    26  stm32f10x_rcc.o(i.RCC_APB1PeriphClockCmd)
    RCC_APB1PeriphResetCmd                   0x08001fc1   Thumb Code    26  stm32f10x_rcc.o(i.RCC_APB1PeriphResetCmd)
    RCC_APB2PeriphClockCmd                   0x08001fe1   Thumb Code    26  stm32f10x_rcc.o(i.RCC_APB2PeriphClockCmd)
    RCC_APB2PeriphResetCmd                   0x08002001   Thumb Code    26  stm32f10x_rcc.o(i.RCC_APB2PeriphResetCmd)
    RCC_GetClocksFreq                        0x08002021   Thumb Code   192  stm32f10x_rcc.o(i.RCC_GetClocksFreq)
    Ring_Adjust                              0x080020f5   Thumb Code   460  task_work.o(i.Ring_Adjust)
    Run                                      0x08002309   Thumb Code   428  task_work.o(i.Run)
    SVC_Handler                              0x080024e5   Thumb Code     2  stm32f10x_it.o(i.SVC_Handler)
    Serial_SendArray_USART2                  0x080024e9   Thumb Code    34  usart2.o(i.Serial_SendArray_USART2)
    Serial_SendArray_USART3                  0x08002511   Thumb Code    34  usart3.o(i.Serial_SendArray_USART3)
    Set_Go                                   0x08002621   Thumb Code  1684  task_work.o(i.Set_Go)
    Set_ON                                   0x08002cd1   Thumb Code    20  usart3.o(i.Set_ON)
    SysTick_Handler                          0x08002cf1   Thumb Code     2  stm32f10x_it.o(i.SysTick_Handler)
    SystemInit                               0x08002cf5   Thumb Code    78  system_stm32f10x.o(i.SystemInit)
    TJCPrintf                                0x08002d55   Thumb Code   138  usart4.o(i.TJCPrintf)
    Task_Catch_Work                          0x08002de5   Thumb Code   184  task_work.o(i.Task_Catch_Work)
    Try                                      0x08002eb1   Thumb Code   662  task_work.o(i.Try)
    UART4_IRQHandler                         0x08003199   Thumb Code    42  usart4.o(i.UART4_IRQHandler)
    UART4_Init                               0x080031c9   Thumb Code   202  usart4.o(i.UART4_Init)
    UART5_IRQHandler                         0x0800329d   Thumb Code   320  usart5.o(i.UART5_IRQHandler)
    UART5_Init                               0x08003401   Thumb Code   172  usart5.o(i.UART5_Init)
    USART1_IRQHandler                        0x080034b9   Thumb Code   122  usart.o(i.USART1_IRQHandler)
    USART1_Init                              0x08003545   Thumb Code    16  board.o(i.USART1_Init)
    USART2_IRQHandler                        0x08003555   Thumb Code   152  usart2.o(i.USART2_IRQHandler)
    USART2_Init                              0x08003601   Thumb Code   170  usart2.o(i.USART2_Init)
    USART3_IRQHandler                        0x080036b5   Thumb Code   186  usart3.o(i.USART3_IRQHandler)
    USART3_Init                              0x08003795   Thumb Code   172  usart3.o(i.USART3_Init)
    USART_ClearFlag                          0x08003849   Thumb Code    18  stm32f10x_usart.o(i.USART_ClearFlag)
    USART_ClearITPendingBit                  0x0800385b   Thumb Code    30  stm32f10x_usart.o(i.USART_ClearITPendingBit)
    USART_Cmd                                0x08003879   Thumb Code    24  stm32f10x_usart.o(i.USART_Cmd)
    USART_DeInit                             0x08003891   Thumb Code   134  stm32f10x_usart.o(i.USART_DeInit)
    USART_GetFlagStatus                      0x0800392d   Thumb Code    26  stm32f10x_usart.o(i.USART_GetFlagStatus)
    USART_GetITStatus                        0x08003947   Thumb Code    84  stm32f10x_usart.o(i.USART_GetITStatus)
    USART_ITConfig                           0x0800399b   Thumb Code    74  stm32f10x_usart.o(i.USART_ITConfig)
    USART_Init                               0x080039e5   Thumb Code   210  stm32f10x_usart.o(i.USART_Init)
    USART_ReceiveData                        0x08003abd   Thumb Code    10  stm32f10x_usart.o(i.USART_ReceiveData)
    USART_SendData                           0x08003ac7   Thumb Code     8  stm32f10x_usart.o(i.USART_SendData)
    USART_StructInit                         0x08003acf   Thumb Code    24  stm32f10x_usart.o(i.USART_StructInit)
    UsageFault_Handler                       0x08003ae7   Thumb Code     4  stm32f10x_it.o(i.UsageFault_Handler)
    Usart2WriteBuf                           0x08003aed   Thumb Code    44  usart2.o(i.Usart2WriteBuf)
    __0vsnprintf                             0x08003b1d   Thumb Code    40  printfa.o(i.__0vsnprintf)
    __1vsnprintf                             0x08003b1d   Thumb Code     0  printfa.o(i.__0vsnprintf)
    __2vsnprintf                             0x08003b1d   Thumb Code     0  printfa.o(i.__0vsnprintf)
    __c89vsnprintf                           0x08003b1d   Thumb Code     0  printfa.o(i.__0vsnprintf)
    vsnprintf                                0x08003b1d   Thumb Code     0  printfa.o(i.__0vsnprintf)
    __ARM_fpclassify                         0x08003b49   Thumb Code    40  fpclassify.o(i.__ARM_fpclassify)
    __kernel_poly                            0x08003b71   Thumb Code   170  poly.o(i.__kernel_poly)
    __mathlib_dbl_infnan                     0x08003c1b   Thumb Code     6  dunder.o(i.__mathlib_dbl_infnan)
    __mathlib_dbl_infnan2                    0x08003c21   Thumb Code     4  dunder.o(i.__mathlib_dbl_infnan2)
    __mathlib_dbl_invalid                    0x08003c25   Thumb Code    12  dunder.o(i.__mathlib_dbl_invalid)
    __mathlib_dbl_underflow                  0x08003c31   Thumb Code    10  dunder.o(i.__mathlib_dbl_underflow)
    __scatterload_copy                       0x08003c41   Thumb Code    14  handlers.o(i.__scatterload_copy)
    __scatterload_null                       0x08003c4f   Thumb Code     2  handlers.o(i.__scatterload_null)
    __scatterload_zeroinit                   0x08003c51   Thumb Code    14  handlers.o(i.__scatterload_zeroinit)
    __set_errno                              0x08003c61   Thumb Code     6  errno.o(i.__set_errno)
    asin                                     0x080045dd   Thumb Code   572  asin.o(i.asin)
    atan                                     0x0800484d   Thumb Code   474  atan.o(i.atan)
    atan2                                    0x08004a6d   Thumb Code   346  atan2.o(i.atan2)
    calculate_PWM                            0x08004bed   Thumb Code    66  pca9685.o(i.calculate_PWM)
    clock_init                               0x08004c45   Thumb Code    28  board.o(i.clock_init)
    dmp_enable_6x_lp_quat                    0x08004cc9   Thumb Code    60  inv_mpu_dmp_motion_driver.o(i.dmp_enable_6x_lp_quat)
    dmp_enable_feature                       0x08004d05   Thumb Code   530  inv_mpu_dmp_motion_driver.o(i.dmp_enable_feature)
    dmp_enable_gyro_cal                      0x08004f21   Thumb Code    62  inv_mpu_dmp_motion_driver.o(i.dmp_enable_gyro_cal)
    dmp_enable_lp_quat                       0x08004f79   Thumb Code    60  inv_mpu_dmp_motion_driver.o(i.dmp_enable_lp_quat)
    dmp_load_motion_driver_firmware          0x08004fb5   Thumb Code    20  inv_mpu_dmp_motion_driver.o(i.dmp_load_motion_driver_firmware)
    dmp_read_fifo                            0x08004fcd   Thumb Code   456  inv_mpu_dmp_motion_driver.o(i.dmp_read_fifo)
    dmp_set_accel_bias                       0x08005199   Thumb Code   300  inv_mpu_dmp_motion_driver.o(i.dmp_set_accel_bias)
    dmp_set_fifo_rate                        0x080052c9   Thumb Code    96  inv_mpu_dmp_motion_driver.o(i.dmp_set_fifo_rate)
    dmp_set_gyro_bias                        0x08005339   Thumb Code   294  inv_mpu_dmp_motion_driver.o(i.dmp_set_gyro_bias)
    dmp_set_orientation                      0x08005469   Thumb Code   290  inv_mpu_dmp_motion_driver.o(i.dmp_set_orientation)
    dmp_set_shake_reject_thresh              0x080055a1   Thumb Code    56  inv_mpu_dmp_motion_driver.o(i.dmp_set_shake_reject_thresh)
    dmp_set_shake_reject_time                0x080055d9   Thumb Code    38  inv_mpu_dmp_motion_driver.o(i.dmp_set_shake_reject_time)
    dmp_set_shake_reject_timeout             0x080055ff   Thumb Code    38  inv_mpu_dmp_motion_driver.o(i.dmp_set_shake_reject_timeout)
    dmp_set_tap_axes                         0x08005625   Thumb Code    70  inv_mpu_dmp_motion_driver.o(i.dmp_set_tap_axes)
    dmp_set_tap_count                        0x0800566b   Thumb Code    38  inv_mpu_dmp_motion_driver.o(i.dmp_set_tap_count)
    dmp_set_tap_thresh                       0x08005691   Thumb Code   396  inv_mpu_dmp_motion_driver.o(i.dmp_set_tap_thresh)
    dmp_set_tap_time                         0x08005831   Thumb Code    38  inv_mpu_dmp_motion_driver.o(i.dmp_set_tap_time)
    dmp_set_tap_time_multi                   0x08005857   Thumb Code    38  inv_mpu_dmp_motion_driver.o(i.dmp_set_tap_time_multi)
    fifo_deQueue                             0x0800587d   Thumb Code    44  fifo.o(i.fifo_deQueue)
    fifo_enQueue                             0x080058ad   Thumb Code    42  fifo.o(i.fifo_enQueue)
    fifo_queueLength                         0x080058dd   Thumb Code    56  fifo.o(i.fifo_queueLength)
    initRingBuff                             0x08005f4d   Thumb Code    12  usart4.o(i.initRingBuff)
    inv_orientation_matrix_to_scalar         0x08005f5d   Thumb Code    40  inv_mpu.o(i.inv_orientation_matrix_to_scalar)
    inv_row_2_scale                          0x08005f85   Thumb Code    78  inv_mpu.o(i.inv_row_2_scale)
    main                                     0x08005fd3   Thumb Code    12  main.o(i.main)
    mget_ms                                  0x08005fdf   Thumb Code     2  inv_mpu.o(i.mget_ms)
    mpu_configure_fifo                       0x08005fe1   Thumb Code   106  inv_mpu.o(i.mpu_configure_fifo)
    mpu_dmp_get_data                         0x08006051   Thumb Code   544  inv_mpu.o(i.mpu_dmp_get_data)
    mpu_dmp_init                             0x08006275   Thumb Code   154  inv_mpu.o(i.mpu_dmp_init)
    mpu_get_accel_fsr                        0x08006315   Thumb Code    72  inv_mpu.o(i.mpu_get_accel_fsr)
    mpu_get_accel_sens                       0x08006361   Thumb Code    78  inv_mpu.o(i.mpu_get_accel_sens)
    mpu_get_fifo_config                      0x080063b5   Thumb Code    12  inv_mpu.o(i.mpu_get_fifo_config)
    mpu_get_gyro_fsr                         0x080063c5   Thumb Code    64  inv_mpu.o(i.mpu_get_gyro_fsr)
    mpu_get_gyro_sens                        0x08006409   Thumb Code    58  inv_mpu.o(i.mpu_get_gyro_sens)
    mpu_get_lpf                              0x08006459   Thumb Code    74  inv_mpu.o(i.mpu_get_lpf)
    mpu_get_sample_rate                      0x080064a9   Thumb Code    26  inv_mpu.o(i.mpu_get_sample_rate)
    mpu_init                                 0x080064c9   Thumb Code   396  inv_mpu.o(i.mpu_init)
    mpu_load_firmware                        0x08006659   Thumb Code   180  inv_mpu.o(i.mpu_load_firmware)
    mpu_lp_accel_mode                        0x08006711   Thumb Code   218  inv_mpu.o(i.mpu_lp_accel_mode)
    mpu_read_fifo_stream                     0x080067f1   Thumb Code   186  inv_mpu.o(i.mpu_read_fifo_stream)
    mpu_read_mem                             0x080068b1   Thumb Code   122  inv_mpu.o(i.mpu_read_mem)
    mpu_reset_fifo                           0x08006931   Thumb Code   450  inv_mpu.o(i.mpu_reset_fifo)
    mpu_run_self_test                        0x08006af9   Thumb Code   278  inv_mpu.o(i.mpu_run_self_test)
    mpu_set_accel_fsr                        0x08006c15   Thumb Code   126  inv_mpu.o(i.mpu_set_accel_fsr)
    mpu_set_bypass                           0x08006c99   Thumb Code   328  inv_mpu.o(i.mpu_set_bypass)
    mpu_set_dmp_state                        0x08006de5   Thumb Code   138  inv_mpu.o(i.mpu_set_dmp_state)
    mpu_set_gyro_fsr                         0x08006e75   Thumb Code   132  inv_mpu.o(i.mpu_set_gyro_fsr)
    mpu_set_int_latched                      0x08006efd   Thumb Code   102  inv_mpu.o(i.mpu_set_int_latched)
    mpu_set_lpf                              0x08006f69   Thumb Code   126  inv_mpu.o(i.mpu_set_lpf)
    mpu_set_sample_rate                      0x08006fed   Thumb Code   152  inv_mpu.o(i.mpu_set_sample_rate)
    mpu_set_sensors                          0x08007089   Thumb Code   202  inv_mpu.o(i.mpu_set_sensors)
    mpu_write_mem                            0x08007159   Thumb Code   122  inv_mpu.o(i.mpu_write_mem)
    nvic_init                                0x080071d9   Thumb Code    40  board.o(i.nvic_init)
    runActionGroup                           0x08007201   Thumb Code    58  usart2.o(i.runActionGroup)
    run_self_test                            0x08007245   Thumb Code   148  inv_mpu.o(i.run_self_test)
    setPWM                                   0x080072d9   Thumb Code    58  pca9685.o(i.setPWM)
    sqrt                                     0x080073a5   Thumb Code    76  sqrt.o(i.sqrt)
    usart_SendByte                           0x080073f1   Thumb Code    56  usart.o(i.usart_SendByte)
    usart_SendCmd                            0x0800742d   Thumb Code    44  usart.o(i.usart_SendCmd)
    usart_init                               0x08007459   Thumb Code   148  board.o(i.usart_init)
    writeRingBuff                            0x080074f5   Thumb Code    54  usart4.o(i.writeRingBuff)
    OLED_F8x16                               0x08007530   Data        1520  oled.o(.constdata)
    reg                                      0x08007b20   Data          27  inv_mpu.o(.constdata)
    hw                                       0x08007b3c   Data          12  inv_mpu.o(.constdata)
    test                                     0x08007b48   Data          40  inv_mpu.o(.constdata)
    __mathlib_zero                           0x08008850   Data           8  qnan.o(.constdata)
    Region$$Table$$Base                      0x08008858   Number         0  anon$$obj.o(Region$$Table)
    Region$$Table$$Limit                     0x08008878   Number         0  anon$$obj.o(Region$$Table)
    Flag_Color                               0x20000000   Data           1  task_work.o(.data)
    Flag_Ring                                0x20000001   Data           1  task_work.o(.data)
    motor_Flag                               0x20000002   Data           1  task_work.o(.data)
    Order_Color_1                            0x20000003   Data           3  task_work.o(.data)
    Order_Color_2                            0x20000006   Data           3  task_work.o(.data)
    pitch                                    0x2000000c   Data           4  task_work.o(.data)
    roll                                     0x20000010   Data           4  task_work.o(.data)
    yaw                                      0x20000014   Data           4  task_work.o(.data)
    rxFrameFlag                              0x20000018   Data           1  usart.o(.data)
    rxCount                                  0x20000019   Data           1  usart.o(.data)
    Motor_Flag                               0x2000001a   Data           1  usart.o(.data)
    Temp                                     0x2000001b   Data           1  usart2.o(.data)
    rx_Flag                                  0x2000001c   Data           1  usart2.o(.data)
    Servo_Flag                               0x2000001d   Data           1  usart2.o(.data)
    Get_Flag                                 0x20000020   Data           4  usart3.o(.data)
    DATA1                                    0x20000024   Data           4  usart3.o(.data)
    DATA2                                    0x20000028   Data           4  usart3.o(.data)
    data1                                    0x2000002c   Data           3  usart3.o(.data)
    data2                                    0x2000002f   Data           3  usart3.o(.data)
    Num                                      0x20000032   Data           1  usart3.o(.data)
    Color_Data                               0x20000034   Data           3  usart5.o(.data)
    D1                                       0x20000037   Data           3  usart5.o(.data)
    Ring_Data                                0x2000003a   Data           2  usart5.o(.data)
    D2                                       0x2000003c   Data           2  usart5.o(.data)
    AFlag                                    0x20000040   Data           4  ad.o(.data)
    ADValue                                  0x20000044   Data           2  ad.o(.data)
    Voltage                                  0x20000048   Data           4  ad.o(.data)
    rxCmd                                    0x2000009c   Data         128  usart.o(.bss)
    Arry                                     0x2000011c   Data          10  usart2.o(.bss)
    LobotTxBuf                               0x20000126   Data         128  usart2.o(.bss)
    DATA_Temp                                0x200001a6   Data          10  usart3.o(.bss)
    ringBuff                                 0x200001b0   Data         506  usart4.o(.bss)
    rxFIFO                                   0x200003aa   Data         258  fifo.o(.bss)
    __initial_sp                             0x20000cc0   Data           0  startup_stm32f10x_hd.o(STACK)



==============================================================================

Memory Map of the image

  Image Entry point : 0x08000131

  Load Region LR_IROM1 (Base: 0x08000000, Size: 0x00008914, Max: 0x00040000, ABSOLUTE)

    Execution Region ER_IROM1 (Exec base: 0x08000000, Load base: 0x08000000, Size: 0x00008878, Max: 0x00040000, ABSOLUTE)

    Exec Addr    Load Addr    Size         Type   Attr      Idx    E Section Name        Object

    0x08000000   0x08000000   0x00000130   Data   RO          967    RESET               startup_stm32f10x_hd.o
    0x08000130   0x08000130   0x00000000   Code   RO         2603  * .ARM.Collect$$$$00000000  mc_w.l(entry.o)
    0x08000130   0x08000130   0x00000004   Code   RO         2946    .ARM.Collect$$$$00000001  mc_w.l(entry2.o)
    0x08000134   0x08000134   0x00000004   Code   RO         2949    .ARM.Collect$$$$00000004  mc_w.l(entry5.o)
    0x08000138   0x08000138   0x00000000   Code   RO         2951    .ARM.Collect$$$$00000008  mc_w.l(entry7b.o)
    0x08000138   0x08000138   0x00000000   Code   RO         2953    .ARM.Collect$$$$0000000A  mc_w.l(entry8b.o)
    0x08000138   0x08000138   0x00000008   Code   RO         2954    .ARM.Collect$$$$0000000B  mc_w.l(entry9a.o)
    0x08000140   0x08000140   0x00000000   Code   RO         2956    .ARM.Collect$$$$0000000D  mc_w.l(entry10a.o)
    0x08000140   0x08000140   0x00000000   Code   RO         2958    .ARM.Collect$$$$0000000F  mc_w.l(entry11a.o)
    0x08000140   0x08000140   0x00000004   Code   RO         2947    .ARM.Collect$$$$00002712  mc_w.l(entry2.o)
    0x08000144   0x08000144   0x00000024   Code   RO          968    .text               startup_stm32f10x_hd.o
    0x08000168   0x08000168   0x00000062   Code   RO         2606    .text               mc_w.l(ldiv.o)
    0x080001ca   0x080001ca   0x00000024   Code   RO         2608    .text               mc_w.l(memseta.o)
    0x080001ee   0x080001ee   0x0000001a   Code   RO         2610    .text               mc_w.l(memcmp.o)
    0x08000208   0x08000208   0x000000b0   Code   RO         2873    .text               mf_w.l(fadd.o)
    0x080002b8   0x080002b8   0x00000064   Code   RO         2875    .text               mf_w.l(fmul.o)
    0x0800031c   0x0800031c   0x0000007c   Code   RO         2877    .text               mf_w.l(fdiv.o)
    0x08000398   0x08000398   0x0000014e   Code   RO         2879    .text               mf_w.l(dadd.o)
    0x080004e6   0x080004e6   0x000000e4   Code   RO         2881    .text               mf_w.l(dmul.o)
    0x080005ca   0x080005ca   0x000000de   Code   RO         2883    .text               mf_w.l(ddiv.o)
    0x080006a8   0x080006a8   0x00000012   Code   RO         2885    .text               mf_w.l(fflti.o)
    0x080006ba   0x080006ba   0x0000000a   Code   RO         2887    .text               mf_w.l(ffltui.o)
    0x080006c4   0x080006c4   0x0000001a   Code   RO         2891    .text               mf_w.l(dfltui.o)
    0x080006de   0x080006de   0x00000032   Code   RO         2893    .text               mf_w.l(ffixi.o)
    0x08000710   0x08000710   0x00000028   Code   RO         2895    .text               mf_w.l(ffixui.o)
    0x08000738   0x08000738   0x0000003e   Code   RO         2897    .text               mf_w.l(dfixi.o)
    0x08000776   0x08000776   0x00000032   Code   RO         2899    .text               mf_w.l(dfixui.o)
    0x080007a8   0x080007a8   0x00000026   Code   RO         2901    .text               mf_w.l(f2d.o)
    0x080007ce   0x080007ce   0x00000038   Code   RO         2903    .text               mf_w.l(d2f.o)
    0x08000806   0x08000806   0x00000002   PAD
    0x08000808   0x08000808   0x00000014   Code   RO         2905    .text               mf_w.l(cfcmple.o)
    0x0800081c   0x0800081c   0x00000014   Code   RO         2907    .text               mf_w.l(cfrcmple.o)
    0x08000830   0x08000830   0x0000002c   Code   RO         2961    .text               mc_w.l(uidiv.o)
    0x0800085c   0x0800085c   0x00000062   Code   RO         2963    .text               mc_w.l(uldiv.o)
    0x080008be   0x080008be   0x0000001e   Code   RO         2965    .text               mc_w.l(llshl.o)
    0x080008dc   0x080008dc   0x00000020   Code   RO         2967    .text               mc_w.l(llushr.o)
    0x080008fc   0x080008fc   0x00000024   Code   RO         2969    .text               mc_w.l(llsshr.o)
    0x08000920   0x08000920   0x00000000   Code   RO         2978    .text               mc_w.l(iusefp.o)
    0x08000920   0x08000920   0x0000006e   Code   RO         2979    .text               mf_w.l(fepilogue.o)
    0x0800098e   0x0800098e   0x000000ba   Code   RO         2981    .text               mf_w.l(depilogue.o)
    0x08000a48   0x08000a48   0x0000002e   Code   RO         2983    .text               mf_w.l(dscalb.o)
    0x08000a76   0x08000a76   0x00000030   Code   RO         2985    .text               mf_w.l(dfixul.o)
    0x08000aa6   0x08000aa6   0x00000002   PAD
    0x08000aa8   0x08000aa8   0x00000030   Code   RO         2987    .text               mf_w.l(cdrcmple.o)
    0x08000ad8   0x08000ad8   0x00000024   Code   RO         2989    .text               mc_w.l(init.o)
    0x08000afc   0x08000afc   0x000000a2   Code   RO         2991    .text               mf_w.l(dsqrt.o)
    0x08000b9e   0x08000b9e   0x00000002   PAD
    0x08000ba0   0x08000ba0   0x0000011c   Code   RO          924    i.ADC1_2_IRQHandler  ad.o
    0x08000cbc   0x08000cbc   0x00000014   Code   RO         1659    i.ADC_AnalogWatchdogCmd  stm32f10x_adc.o
    0x08000cd0   0x08000cd0   0x00000010   Code   RO         1660    i.ADC_AnalogWatchdogSingleChannelConfig  stm32f10x_adc.o
    0x08000ce0   0x08000ce0   0x00000006   Code   RO         1661    i.ADC_AnalogWatchdogThresholdsConfig  stm32f10x_adc.o
    0x08000ce6   0x08000ce6   0x0000000a   Code   RO         1664    i.ADC_ClearITPendingBit  stm32f10x_adc.o
    0x08000cf0   0x08000cf0   0x00000016   Code   RO         1665    i.ADC_Cmd           stm32f10x_adc.o
    0x08000d06   0x08000d06   0x00000014   Code   RO         1673    i.ADC_GetCalibrationStatus  stm32f10x_adc.o
    0x08000d1a   0x08000d1a   0x00000008   Code   RO         1674    i.ADC_GetConversionValue  stm32f10x_adc.o
    0x08000d22   0x08000d22   0x00000024   Code   RO         1677    i.ADC_GetITStatus   stm32f10x_adc.o
    0x08000d46   0x08000d46   0x00000014   Code   RO         1679    i.ADC_GetResetCalibrationStatus  stm32f10x_adc.o
    0x08000d5a   0x08000d5a   0x00000018   Code   RO         1682    i.ADC_ITConfig      stm32f10x_adc.o
    0x08000d72   0x08000d72   0x00000002   PAD
    0x08000d74   0x08000d74   0x00000050   Code   RO         1683    i.ADC_Init          stm32f10x_adc.o
    0x08000dc4   0x08000dc4   0x000000b8   Code   RO         1687    i.ADC_RegularChannelConfig  stm32f10x_adc.o
    0x08000e7c   0x08000e7c   0x0000000a   Code   RO         1688    i.ADC_ResetCalibration  stm32f10x_adc.o
    0x08000e86   0x08000e86   0x00000016   Code   RO         1690    i.ADC_SoftwareStartConvCmd  stm32f10x_adc.o
    0x08000e9c   0x08000e9c   0x0000000a   Code   RO         1692    i.ADC_StartCalibration  stm32f10x_adc.o
    0x08000ea6   0x08000ea6   0x00000002   PAD
    0x08000ea8   0x08000ea8   0x00000010   Code   RO          925    i.AD_GetValue       ad.o
    0x08000eb8   0x08000eb8   0x000000fc   Code   RO          926    i.AD_Init           ad.o
    0x08000fb4   0x08000fb4   0x00000048   Code   RO          172    i.AD_Power          task_work.o
    0x08000ffc   0x08000ffc   0x0000002c   Code   RO          903    i.Beep_Init         buzzer.o
    0x08001028   0x08001028   0x0000002c   Code   RO          904    i.Beep_ON           buzzer.o
    0x08001054   0x08001054   0x00000004   Code   RO          109    i.BusFault_Handler  stm32f10x_it.o
    0x08001058   0x08001058   0x00000070   Code   RO          173    i.Catch             task_work.o
    0x080010c8   0x080010c8   0x00000002   Code   RO          110    i.DebugMon_Handler  stm32f10x_it.o
    0x080010ca   0x080010ca   0x00000018   Code   RO         1048    i.Delay_ms          delay.o
    0x080010e2   0x080010e2   0x00000018   Code   RO         1049    i.Delay_s           delay.o
    0x080010fa   0x080010fa   0x0000002e   Code   RO         1050    i.Delay_us          delay.o
    0x08001128   0x08001128   0x0000006c   Code   RO          248    i.Emm_V5_Pos_Control  emm_v5.o
    0x08001194   0x08001194   0x0000002e   Code   RO          253    i.Emm_V5_Synchronous_motion  emm_v5.o
    0x080011c2   0x080011c2   0x00000116   Code   RO         1078    i.GPIO_Init         stm32f10x_gpio.o
    0x080012d8   0x080012d8   0x00000090   Code   RO         1080    i.GPIO_PinRemapConfig  stm32f10x_gpio.o
    0x08001368   0x08001368   0x00000004   Code   RO         1086    i.GPIO_SetBits      stm32f10x_gpio.o
    0x0800136c   0x0800136c   0x00000010   Code   RO         1087    i.GPIO_StructInit   stm32f10x_gpio.o
    0x0800137c   0x0800137c   0x0000000a   Code   RO         1089    i.GPIO_WriteBit     stm32f10x_gpio.o
    0x08001386   0x08001386   0x00000004   Code   RO          111    i.HardFault_Handler  stm32f10x_it.o
    0x0800138a   0x0800138a   0x00000002   PAD
    0x0800138c   0x0800138c   0x00000068   Code   RO          671    i.IIC_Send_Byte     iic.o
    0x080013f4   0x080013f4   0x0000004c   Code   RO          672    i.IIC_Start         iic.o
    0x08001440   0x08001440   0x0000004c   Code   RO          673    i.IIC_Stop          iic.o
    0x0800148c   0x0800148c   0x00000060   Code   RO          674    i.IIC_Wait_Ack      iic.o
    0x080014ec   0x080014ec   0x0000007c   Code   RO            1    i.Init              main.o
    0x08001568   0x08001568   0x0000004c   Code   RO         2482    i.MPU_IIC_Ack       mpuiic.o
    0x080015b4   0x080015b4   0x0000000a   Code   RO         2483    i.MPU_IIC_Delay     mpuiic.o
    0x080015be   0x080015be   0x00000002   PAD
    0x080015c0   0x080015c0   0x00000048   Code   RO         2484    i.MPU_IIC_Init      mpuiic.o
    0x08001608   0x08001608   0x0000004c   Code   RO         2485    i.MPU_IIC_NAck      mpuiic.o
    0x08001654   0x08001654   0x0000006c   Code   RO         2486    i.MPU_IIC_Read_Byte  mpuiic.o
    0x080016c0   0x080016c0   0x0000005c   Code   RO         2487    i.MPU_IIC_Send_Byte  mpuiic.o
    0x0800171c   0x0800171c   0x00000048   Code   RO         2488    i.MPU_IIC_Start     mpuiic.o
    0x08001764   0x08001764   0x00000048   Code   RO         2489    i.MPU_IIC_Stop      mpuiic.o
    0x080017ac   0x080017ac   0x00000064   Code   RO         2490    i.MPU_IIC_Wait_Ack  mpuiic.o
    0x08001810   0x08001810   0x0000007a   Code   RO         2403    i.MPU_Init          mpu6050.o
    0x0800188a   0x0800188a   0x0000003a   Code   RO         2404    i.MPU_Read_Byte     mpu6050.o
    0x080018c4   0x080018c4   0x00000074   Code   RO         2405    i.MPU_Read_Len      mpu6050.o
    0x08001938   0x08001938   0x00000010   Code   RO         2406    i.MPU_Set_Accel_Fsr  mpu6050.o
    0x08001948   0x08001948   0x00000010   Code   RO         2407    i.MPU_Set_Gyro_Fsr  mpu6050.o
    0x08001958   0x08001958   0x0000003a   Code   RO         2408    i.MPU_Set_LPF       mpu6050.o
    0x08001992   0x08001992   0x0000003a   Code   RO         2409    i.MPU_Set_Rate      mpu6050.o
    0x080019cc   0x080019cc   0x00000044   Code   RO         2410    i.MPU_Write_Byte    mpu6050.o
    0x08001a10   0x08001a10   0x00000060   Code   RO         2411    i.MPU_Write_Len     mpu6050.o
    0x08001a70   0x08001a70   0x0000003c   Code   RO          507    i.Make_Date         usart3.o
    0x08001aac   0x08001aac   0x00000004   Code   RO          112    i.MemManage_Handler  stm32f10x_it.o
    0x08001ab0   0x08001ab0   0x00000002   Code   RO          113    i.NMI_Handler       stm32f10x_it.o
    0x08001ab2   0x08001ab2   0x00000002   PAD
    0x08001ab4   0x08001ab4   0x00000070   Code   RO         1566    i.NVIC_Init         misc.o
    0x08001b24   0x08001b24   0x00000014   Code   RO         1567    i.NVIC_PriorityGroupConfig  misc.o
    0x08001b38   0x08001b38   0x0000002a   Code   RO          571    i.OLED_Clear        oled.o
    0x08001b62   0x08001b62   0x000000ae   Code   RO          572    i.OLED_Init         oled.o
    0x08001c10   0x08001c10   0x00000014   Code   RO          573    i.OLED_Pow          oled.o
    0x08001c24   0x08001c24   0x00000094   Code   RO          574    i.OLED_SPI_Init     oled.o
    0x08001cb8   0x08001cb8   0x0000003c   Code   RO          575    i.OLED_SPI_SendByte  oled.o
    0x08001cf4   0x08001cf4   0x00000022   Code   RO          576    i.OLED_SetCursor    oled.o
    0x08001d16   0x08001d16   0x00000002   PAD
    0x08001d18   0x08001d18   0x00000074   Code   RO          578    i.OLED_ShowChar     oled.o
    0x08001d8c   0x08001d8c   0x00000054   Code   RO          579    i.OLED_ShowHexNum   oled.o
    0x08001de0   0x08001de0   0x00000044   Code   RO          580    i.OLED_ShowNum      oled.o
    0x08001e24   0x08001e24   0x00000028   Code   RO          582    i.OLED_ShowString   oled.o
    0x08001e4c   0x08001e4c   0x00000030   Code   RO          583    i.OLED_WriteCommand  oled.o
    0x08001e7c   0x08001e7c   0x00000030   Code   RO          584    i.OLED_WriteData    oled.o
    0x08001eac   0x08001eac   0x00000050   Code   RO          174    i.OpenMv_Part       task_work.o
    0x08001efc   0x08001efc   0x0000002e   Code   RO          726    i.PCA9685_write     pca9685.o
    0x08001f2a   0x08001f2a   0x00000002   Code   RO          114    i.PendSV_Handler    stm32f10x_it.o
    0x08001f2c   0x08001f2c   0x0000005c   Code   RO          175    i.Put               task_work.o
    0x08001f88   0x08001f88   0x00000018   Code   RO         1186    i.RCC_ADCCLKConfig  stm32f10x_rcc.o
    0x08001fa0   0x08001fa0   0x00000020   Code   RO         1188    i.RCC_APB1PeriphClockCmd  stm32f10x_rcc.o
    0x08001fc0   0x08001fc0   0x00000020   Code   RO         1189    i.RCC_APB1PeriphResetCmd  stm32f10x_rcc.o
    0x08001fe0   0x08001fe0   0x00000020   Code   RO         1190    i.RCC_APB2PeriphClockCmd  stm32f10x_rcc.o
    0x08002000   0x08002000   0x00000020   Code   RO         1191    i.RCC_APB2PeriphResetCmd  stm32f10x_rcc.o
    0x08002020   0x08002020   0x000000d4   Code   RO         1198    i.RCC_GetClocksFreq  stm32f10x_rcc.o
    0x080020f4   0x080020f4   0x00000214   Code   RO          176    i.Ring_Adjust       task_work.o
    0x08002308   0x08002308   0x000001dc   Code   RO          177    i.Run               task_work.o
    0x080024e4   0x080024e4   0x00000002   Code   RO          115    i.SVC_Handler       stm32f10x_it.o
    0x080024e6   0x080024e6   0x00000002   PAD
    0x080024e8   0x080024e8   0x00000028   Code   RO          437    i.Serial_SendArray_USART2  usart2.o
    0x08002510   0x08002510   0x00000028   Code   RO          509    i.Serial_SendArray_USART3  usart3.o
    0x08002538   0x08002538   0x00000008   Code   RO          972    i.SetSysClock       system_stm32f10x.o
    0x08002540   0x08002540   0x000000e0   Code   RO          973    i.SetSysClockTo72   system_stm32f10x.o
    0x08002620   0x08002620   0x000006b0   Code   RO          178    i.Set_Go            task_work.o
    0x08002cd0   0x08002cd0   0x00000020   Code   RO          513    i.Set_ON            usart3.o
    0x08002cf0   0x08002cf0   0x00000002   Code   RO          116    i.SysTick_Handler   stm32f10x_it.o
    0x08002cf2   0x08002cf2   0x00000002   PAD
    0x08002cf4   0x08002cf4   0x00000060   Code   RO          975    i.SystemInit        system_stm32f10x.o
    0x08002d54   0x08002d54   0x00000090   Code   RO          776    i.TJCPrintf         usart4.o
    0x08002de4   0x08002de4   0x000000cc   Code   RO          180    i.Task_Catch_Work   task_work.o
    0x08002eb0   0x08002eb0   0x000002e8   Code   RO          181    i.Try               task_work.o
    0x08003198   0x08003198   0x00000030   Code   RO          778    i.UART4_IRQHandler  usart4.o
    0x080031c8   0x080031c8   0x000000d4   Code   RO          779    i.UART4_Init        usart4.o
    0x0800329c   0x0800329c   0x00000164   Code   RO          856    i.UART5_IRQHandler  usart5.o
    0x08003400   0x08003400   0x000000b8   Code   RO          857    i.UART5_Init        usart5.o
    0x080034b8   0x080034b8   0x0000008c   Code   RO          332    i.USART1_IRQHandler  usart.o
    0x08003544   0x08003544   0x00000010   Code   RO          406    i.USART1_Init       board.o
    0x08003554   0x08003554   0x000000ac   Code   RO          441    i.USART2_IRQHandler  usart2.o
    0x08003600   0x08003600   0x000000b4   Code   RO          442    i.USART2_Init       usart2.o
    0x080036b4   0x080036b4   0x000000e0   Code   RO          514    i.USART3_IRQHandler  usart3.o
    0x08003794   0x08003794   0x000000b4   Code   RO          515    i.USART3_Init       usart3.o
    0x08003848   0x08003848   0x00000012   Code   RO         1386    i.USART_ClearFlag   stm32f10x_usart.o
    0x0800385a   0x0800385a   0x0000001e   Code   RO         1387    i.USART_ClearITPendingBit  stm32f10x_usart.o
    0x08003878   0x08003878   0x00000018   Code   RO         1390    i.USART_Cmd         stm32f10x_usart.o
    0x08003890   0x08003890   0x0000009c   Code   RO         1392    i.USART_DeInit      stm32f10x_usart.o
    0x0800392c   0x0800392c   0x0000001a   Code   RO         1393    i.USART_GetFlagStatus  stm32f10x_usart.o
    0x08003946   0x08003946   0x00000054   Code   RO         1394    i.USART_GetITStatus  stm32f10x_usart.o
    0x0800399a   0x0800399a   0x0000004a   Code   RO         1396    i.USART_ITConfig    stm32f10x_usart.o
    0x080039e4   0x080039e4   0x000000d8   Code   RO         1397    i.USART_Init        stm32f10x_usart.o
    0x08003abc   0x08003abc   0x0000000a   Code   RO         1404    i.USART_ReceiveData  stm32f10x_usart.o
    0x08003ac6   0x08003ac6   0x00000008   Code   RO         1407    i.USART_SendData    stm32f10x_usart.o
    0x08003ace   0x08003ace   0x00000018   Code   RO         1413    i.USART_StructInit  stm32f10x_usart.o
    0x08003ae6   0x08003ae6   0x00000004   Code   RO          117    i.UsageFault_Handler  stm32f10x_it.o
    0x08003aea   0x08003aea   0x00000002   PAD
    0x08003aec   0x08003aec   0x00000030   Code   RO          443    i.Usart2WriteBuf    usart2.o
    0x08003b1c   0x08003b1c   0x0000002c   Code   RO         2850    i.__0vsnprintf      mc_w.l(printfa.o)
    0x08003b48   0x08003b48   0x00000028   Code   RO         2933    i.__ARM_fpclassify  m_ws.l(fpclassify.o)
    0x08003b70   0x08003b70   0x000000aa   Code   RO         2935    i.__kernel_poly     m_ws.l(poly.o)
    0x08003c1a   0x08003c1a   0x00000006   Code   RO         2920    i.__mathlib_dbl_infnan  m_ws.l(dunder.o)
    0x08003c20   0x08003c20   0x00000004   Code   RO         2921    i.__mathlib_dbl_infnan2  m_ws.l(dunder.o)
    0x08003c24   0x08003c24   0x0000000c   Code   RO         2922    i.__mathlib_dbl_invalid  m_ws.l(dunder.o)
    0x08003c30   0x08003c30   0x00000010   Code   RO         2925    i.__mathlib_dbl_underflow  m_ws.l(dunder.o)
    0x08003c40   0x08003c40   0x0000000e   Code   RO         2997    i.__scatterload_copy  mc_w.l(handlers.o)
    0x08003c4e   0x08003c4e   0x00000002   Code   RO         2998    i.__scatterload_null  mc_w.l(handlers.o)
    0x08003c50   0x08003c50   0x0000000e   Code   RO         2999    i.__scatterload_zeroinit  mc_w.l(handlers.o)
    0x08003c5e   0x08003c5e   0x00000002   PAD
    0x08003c60   0x08003c60   0x0000000c   Code   RO         2973    i.__set_errno       mc_w.l(errno.o)
    0x08003c6c   0x08003c6c   0x00000184   Code   RO         2852    i._fp_digits        mc_w.l(printfa.o)
    0x08003df0   0x08003df0   0x000006dc   Code   RO         2853    i._printf_core      mc_w.l(printfa.o)
    0x080044cc   0x080044cc   0x00000024   Code   RO         2854    i._printf_post_padding  mc_w.l(printfa.o)
    0x080044f0   0x080044f0   0x0000002e   Code   RO         2855    i._printf_pre_padding  mc_w.l(printfa.o)
    0x0800451e   0x0800451e   0x00000016   Code   RO         2856    i._snputc           mc_w.l(printfa.o)
    0x08004534   0x08004534   0x000000a8   Code   RO         1881    i.accel_self_test   inv_mpu.o
    0x080045dc   0x080045dc   0x00000270   Code   RO         2582    i.asin              m_ws.l(asin.o)
    0x0800484c   0x0800484c   0x00000220   Code   RO         2910    i.atan              m_ws.l(atan.o)
    0x08004a6c   0x08004a6c   0x00000180   Code   RO         2592    i.atan2             m_ws.l(atan2.o)
    0x08004bec   0x08004bec   0x00000058   Code   RO          727    i.calculate_PWM     pca9685.o
    0x08004c44   0x08004c44   0x00000020   Code   RO          407    i.clock_init        board.o
    0x08004c64   0x08004c64   0x00000064   Code   RO         2211    i.decode_gesture    inv_mpu_dmp_motion_driver.o
    0x08004cc8   0x08004cc8   0x0000003c   Code   RO         2212    i.dmp_enable_6x_lp_quat  inv_mpu_dmp_motion_driver.o
    0x08004d04   0x08004d04   0x0000021c   Code   RO         2213    i.dmp_enable_feature  inv_mpu_dmp_motion_driver.o
    0x08004f20   0x08004f20   0x00000058   Code   RO         2214    i.dmp_enable_gyro_cal  inv_mpu_dmp_motion_driver.o
    0x08004f78   0x08004f78   0x0000003c   Code   RO         2215    i.dmp_enable_lp_quat  inv_mpu_dmp_motion_driver.o
    0x08004fb4   0x08004fb4   0x00000018   Code   RO         2220    i.dmp_load_motion_driver_firmware  inv_mpu_dmp_motion_driver.o
    0x08004fcc   0x08004fcc   0x000001cc   Code   RO         2221    i.dmp_read_fifo     inv_mpu_dmp_motion_driver.o
    0x08005198   0x08005198   0x00000130   Code   RO         2224    i.dmp_set_accel_bias  inv_mpu_dmp_motion_driver.o
    0x080052c8   0x080052c8   0x00000070   Code   RO         2225    i.dmp_set_fifo_rate  inv_mpu_dmp_motion_driver.o
    0x08005338   0x08005338   0x00000130   Code   RO         2226    i.dmp_set_gyro_bias  inv_mpu_dmp_motion_driver.o
    0x08005468   0x08005468   0x00000138   Code   RO         2228    i.dmp_set_orientation  inv_mpu_dmp_motion_driver.o
    0x080055a0   0x080055a0   0x00000038   Code   RO         2231    i.dmp_set_shake_reject_thresh  inv_mpu_dmp_motion_driver.o
    0x080055d8   0x080055d8   0x00000026   Code   RO         2232    i.dmp_set_shake_reject_time  inv_mpu_dmp_motion_driver.o
    0x080055fe   0x080055fe   0x00000026   Code   RO         2233    i.dmp_set_shake_reject_timeout  inv_mpu_dmp_motion_driver.o
    0x08005624   0x08005624   0x00000046   Code   RO         2234    i.dmp_set_tap_axes  inv_mpu_dmp_motion_driver.o
    0x0800566a   0x0800566a   0x00000026   Code   RO         2235    i.dmp_set_tap_count  inv_mpu_dmp_motion_driver.o
    0x08005690   0x08005690   0x000001a0   Code   RO         2236    i.dmp_set_tap_thresh  inv_mpu_dmp_motion_driver.o
    0x08005830   0x08005830   0x00000026   Code   RO         2237    i.dmp_set_tap_time  inv_mpu_dmp_motion_driver.o
    0x08005856   0x08005856   0x00000026   Code   RO         2238    i.dmp_set_tap_time_multi  inv_mpu_dmp_motion_driver.o
    0x0800587c   0x0800587c   0x00000030   Code   RO         1006    i.fifo_deQueue      fifo.o
    0x080058ac   0x080058ac   0x00000030   Code   RO         1007    i.fifo_enQueue      fifo.o
    0x080058dc   0x080058dc   0x0000003c   Code   RO         1009    i.fifo_queueLength  fifo.o
    0x08005918   0x08005918   0x000000b4   Code   RO         1882    i.get_accel_prod_shift  inv_mpu.o
    0x080059cc   0x080059cc   0x00000470   Code   RO         1883    i.get_st_biases     inv_mpu.o
    0x08005e3c   0x08005e3c   0x00000110   Code   RO         1884    i.gyro_self_test    inv_mpu.o
    0x08005f4c   0x08005f4c   0x00000010   Code   RO          782    i.initRingBuff      usart4.o
    0x08005f5c   0x08005f5c   0x00000028   Code   RO         1885    i.inv_orientation_matrix_to_scalar  inv_mpu.o
    0x08005f84   0x08005f84   0x0000004e   Code   RO         1886    i.inv_row_2_scale   inv_mpu.o
    0x08005fd2   0x08005fd2   0x0000000c   Code   RO            2    i.main              main.o
    0x08005fde   0x08005fde   0x00000002   Code   RO         1887    i.mget_ms           inv_mpu.o
    0x08005fe0   0x08005fe0   0x00000070   Code   RO         1888    i.mpu_configure_fifo  inv_mpu.o
    0x08006050   0x08006050   0x00000224   Code   RO         1889    i.mpu_dmp_get_data  inv_mpu.o
    0x08006274   0x08006274   0x000000a0   Code   RO         1890    i.mpu_dmp_init      inv_mpu.o
    0x08006314   0x08006314   0x0000004c   Code   RO         1891    i.mpu_get_accel_fsr  inv_mpu.o
    0x08006360   0x08006360   0x00000054   Code   RO         1893    i.mpu_get_accel_sens  inv_mpu.o
    0x080063b4   0x080063b4   0x00000010   Code   RO         1898    i.mpu_get_fifo_config  inv_mpu.o
    0x080063c4   0x080063c4   0x00000044   Code   RO         1899    i.mpu_get_gyro_fsr  inv_mpu.o
    0x08006408   0x08006408   0x00000050   Code   RO         1901    i.mpu_get_gyro_sens  inv_mpu.o
    0x08006458   0x08006458   0x00000050   Code   RO         1903    i.mpu_get_lpf       inv_mpu.o
    0x080064a8   0x080064a8   0x00000020   Code   RO         1905    i.mpu_get_sample_rate  inv_mpu.o
    0x080064c8   0x080064c8   0x00000190   Code   RO         1907    i.mpu_init          inv_mpu.o
    0x08006658   0x08006658   0x000000b8   Code   RO         1908    i.mpu_load_firmware  inv_mpu.o
    0x08006710   0x08006710   0x000000e0   Code   RO         1909    i.mpu_lp_accel_mode  inv_mpu.o
    0x080067f0   0x080067f0   0x000000c0   Code   RO         1912    i.mpu_read_fifo_stream  inv_mpu.o
    0x080068b0   0x080068b0   0x00000080   Code   RO         1913    i.mpu_read_mem      inv_mpu.o
    0x08006930   0x08006930   0x000001c8   Code   RO         1916    i.mpu_reset_fifo    inv_mpu.o
    0x08006af8   0x08006af8   0x0000011c   Code   RO         1917    i.mpu_run_self_test  inv_mpu.o
    0x08006c14   0x08006c14   0x00000084   Code   RO         1919    i.mpu_set_accel_fsr  inv_mpu.o
    0x08006c98   0x08006c98   0x0000014c   Code   RO         1920    i.mpu_set_bypass    inv_mpu.o
    0x08006de4   0x08006de4   0x00000090   Code   RO         1922    i.mpu_set_dmp_state  inv_mpu.o
    0x08006e74   0x08006e74   0x00000088   Code   RO         1923    i.mpu_set_gyro_fsr  inv_mpu.o
    0x08006efc   0x08006efc   0x0000006c   Code   RO         1924    i.mpu_set_int_latched  inv_mpu.o
    0x08006f68   0x08006f68   0x00000084   Code   RO         1926    i.mpu_set_lpf       inv_mpu.o
    0x08006fec   0x08006fec   0x0000009c   Code   RO         1927    i.mpu_set_sample_rate  inv_mpu.o
    0x08007088   0x08007088   0x000000d0   Code   RO         1928    i.mpu_set_sensors   inv_mpu.o
    0x08007158   0x08007158   0x00000080   Code   RO         1929    i.mpu_write_mem     inv_mpu.o
    0x080071d8   0x080071d8   0x00000028   Code   RO          408    i.nvic_init         board.o
    0x08007200   0x08007200   0x00000044   Code   RO          444    i.runActionGroup    usart2.o
    0x08007244   0x08007244   0x00000094   Code   RO         1930    i.run_self_test     inv_mpu.o
    0x080072d8   0x080072d8   0x0000003a   Code   RO          729    i.setPWM            pca9685.o
    0x08007312   0x08007312   0x00000002   PAD
    0x08007314   0x08007314   0x00000090   Code   RO         1931    i.set_int_enable    inv_mpu.o
    0x080073a4   0x080073a4   0x0000004c   Code   RO         2939    i.sqrt              m_ws.l(sqrt.o)
    0x080073f0   0x080073f0   0x0000003c   Code   RO          334    i.usart_SendByte    usart.o
    0x0800742c   0x0800742c   0x0000002c   Code   RO          335    i.usart_SendCmd     usart.o
    0x08007458   0x08007458   0x0000009c   Code   RO          409    i.usart_init        board.o
    0x080074f4   0x080074f4   0x0000003c   Code   RO          785    i.writeRingBuff     usart4.o
    0x08007530   0x08007530   0x000005f0   Data   RO          585    .constdata          oled.o
    0x08007b20   0x08007b20   0x00000050   Data   RO         1933    .constdata          inv_mpu.o
    0x08007b70   0x08007b70   0x00000bf6   Data   RO         2240    .constdata          inv_mpu_dmp_motion_driver.o
    0x08008766   0x08008766   0x00000002   PAD
    0x08008768   0x08008768   0x00000050   Data   RO         2583    .constdata          m_ws.l(asin.o)
    0x080087b8   0x080087b8   0x00000098   Data   RO         2911    .constdata          m_ws.l(atan.o)
    0x08008850   0x08008850   0x00000008   Data   RO         2937    .constdata          m_ws.l(qnan.o)
    0x08008858   0x08008858   0x00000020   Data   RO         2995    Region$$Table       anon$$obj.o


    Execution Region RW_IRAM1 (Exec base: 0x20000000, Load base: 0x08008878, Size: 0x00000cc0, Max: 0x0000c000, ABSOLUTE)

    Exec Addr    Load Addr    Size         Type   Attr      Idx    E Section Name        Object

    0x20000000   0x08008878   0x00000018   Data   RW          182    .data               task_work.o
    0x20000018   0x08008890   0x00000003   Data   RW          337    .data               usart.o
    0x2000001b   0x08008893   0x00000003   Data   RW          446    .data               usart2.o
    0x2000001e   0x08008896   0x00000002   PAD
    0x20000020   0x08008898   0x00000014   Data   RW          517    .data               usart3.o
    0x20000034   0x080088ac   0x0000000c   Data   RW          858    .data               usart5.o
    0x20000040   0x080088b8   0x0000000c   Data   RW          927    .data               ad.o
    0x2000004c   0x080088c4   0x00000014   Data   RW         1218    .data               stm32f10x_rcc.o
    0x20000060   0x080088d8   0x00000035   Data   RW         1934    .data               inv_mpu.o
    0x20000095   0x0800890d   0x00000003   PAD
    0x20000098   0x08008910   0x00000004   Data   RW         2974    .data               mc_w.l(errno.o)
    0x2000009c        -       0x00000080   Zero   RW          336    .bss                usart.o
    0x2000011c        -       0x0000008a   Zero   RW          445    .bss                usart2.o
    0x200001a6        -       0x0000000a   Zero   RW          516    .bss                usart3.o
    0x200001b0        -       0x000001fa   Zero   RW          786    .bss                usart4.o
    0x200003aa        -       0x00000102   Zero   RW         1011    .bss                fifo.o
    0x200004ac        -       0x00000010   Zero   RW         2239    .bss                inv_mpu_dmp_motion_driver.o
    0x200004bc   0x08008914   0x00000004   PAD
    0x200004c0        -       0x00000800   Zero   RW          965    STACK               startup_stm32f10x_hd.o


==============================================================================

Image component sizes


      Code (inc. data)   RO Data    RW Data    ZI Data      Debug   Object Name

       552         92          0         12          0      11116   ad.o
       244         12          0          0          0       2044   board.o
        88         14          0          0          0        950   buzzer.o
         0          0          0          0          0         32   core_cm3.o
        94          0          0          0          0       1512   delay.o
       154          0          0          0          0       1433   emm_v5.o
       156         14          0          0        258       2450   fifo.o
       352         54          0          0          0       2130   iic.o
      6768        214         80         53          0      30924   inv_mpu.o
      3096        122       3062          0         16      20630   inv_mpu_dmp_motion_driver.o
       136         10          0          0          0     233690   main.o
       132         22          0          0          0       1735   misc.o
       608          0          0          0          0       6187   mpu6050.o
       678        104          0          0          0       4882   mpuiic.o
       882         28       1520          0          0       7766   oled.o
       192         22          0          0          0       1773   pca9685.o
        36          8        304          0       2048        804   startup_stm32f10x_hd.o
       488         14          0          0          0      12135   stm32f10x_adc.o
       452          6          0          0          0       4811   stm32f10x_gpio.o
        26          0          0          0          0       4050   stm32f10x_it.o
       364         50          0         20          0       6615   stm32f10x_rcc.o
       670         28          0          0          0       9243   stm32f10x_usart.o
       328         28          0          0          0       1965   system_stm32f10x.o
      4024        334          0         24          0       8577   task_work.o
       244         22          0          3        128       3092   usart.o
       508         50          0          3        138       4120   usart2.o
       536         64          0         20         10       4122   usart3.o
       480         32          0          0        506       3714   usart4.o
       540         48          0         12          0       2612   usart5.o

    ----------------------------------------------------------------------
     22848       1392       5000        152       3108     395114   Object Totals
         0          0         32          0          0          0   (incl. Generated)
        20          0          2          5          4          0   (incl. Padding)

    ----------------------------------------------------------------------

      Code (inc. data)   RO Data    RW Data    ZI Data      Debug   Library Member Name

       624         52         80          0          0        168   asin.o
       544         70        152          0          0        124   atan.o
       384         38          0          0          0        144   atan2.o
        38          6          0          0          0        272   dunder.o
        40          0          0          0          0         68   fpclassify.o
       170          0          0          0          0         96   poly.o
         0          0          8          0          0          0   qnan.o
        76          0          0          0          0         84   sqrt.o
         0          0          0          0          0          0   entry.o
         0          0          0          0          0          0   entry10a.o
         0          0          0          0          0          0   entry11a.o
         8          4          0          0          0          0   entry2.o
         4          0          0          0          0          0   entry5.o
         0          0          0          0          0          0   entry7b.o
         0          0          0          0          0          0   entry8b.o
         8          4          0          0          0          0   entry9a.o
        12          6          0          4          0         68   errno.o
        30          0          0          0          0          0   handlers.o
        36          8          0          0          0         68   init.o
         0          0          0          0          0          0   iusefp.o
        98          0          0          0          0         84   ldiv.o
        30          0          0          0          0         68   llshl.o
        36          0          0          0          0         68   llsshr.o
        32          0          0          0          0         68   llushr.o
        26          0          0          0          0         80   memcmp.o
        36          0          0          0          0        108   memseta.o
      2292         84          0          0          0        516   printfa.o
        44          0          0          0          0         80   uidiv.o
        98          0          0          0          0         92   uldiv.o
        48          0          0          0          0         68   cdrcmple.o
        20          0          0          0          0         68   cfcmple.o
        20          0          0          0          0         68   cfrcmple.o
        56          0          0          0          0         88   d2f.o
       334          0          0          0          0        148   dadd.o
       222          0          0          0          0        100   ddiv.o
       186          0          0          0          0        176   depilogue.o
        62          0          0          0          0         80   dfixi.o
        50          0          0          0          0         76   dfixui.o
        48          0          0          0          0         68   dfixul.o
        26          0          0          0          0         76   dfltui.o
       228          0          0          0          0         96   dmul.o
        46          0          0          0          0         80   dscalb.o
       162          0          0          0          0        100   dsqrt.o
        38          0          0          0          0         68   f2d.o
       176          0          0          0          0        140   fadd.o
       124          0          0          0          0         88   fdiv.o
       110          0          0          0          0        168   fepilogue.o
        50          0          0          0          0         68   ffixi.o
        40          0          0          0          0         68   ffixui.o
        18          0          0          0          0         68   fflti.o
        10          0          0          0          0         68   ffltui.o
       100          0          0          0          0         76   fmul.o

    ----------------------------------------------------------------------
      6848        272        240          4          0       4360   Library Totals
         8          0          0          0          0          0   (incl. Padding)

    ----------------------------------------------------------------------

      Code (inc. data)   RO Data    RW Data    ZI Data      Debug   Library Name

      1876        166        240          0          0        956   m_ws.l
      2790        106          0          4          0       1300   mc_w.l
      2174          0          0          0          0       2104   mf_w.l

    ----------------------------------------------------------------------
      6848        272        240          4          0       4360   Library Totals

    ----------------------------------------------------------------------

==============================================================================


      Code (inc. data)   RO Data    RW Data    ZI Data      Debug   

     29696       1664       5240        156       3108     387562   Grand Totals
     29696       1664       5240        156       3108     387562   ELF Image Totals
     29696       1664       5240        156          0          0   ROM Totals

==============================================================================

    Total RO  Size (Code + RO Data)                34936 (  34.12kB)
    Total RW  Size (RW Data + ZI Data)              3264 (   3.19kB)
    Total ROM Size (Code + RO Data + RW Data)      35092 (  34.27kB)

==============================================================================

