Component: ARM Compiler 5.06 update 5 (build 528) Tool: armlink [4d35e2]

==============================================================================

Section Cross References

    main.o(i.Init) refers to system_stm32f10x.o(i.SystemInit) for SystemInit
    main.o(i.Init) refers to buzzer.o(i.Beep_Init) for Beep_Init
    main.o(i.Init) refers to mpu6050.o(i.MPU_Init) for MPU_Init
    main.o(i.Init) refers to inv_mpu.o(i.mpu_dmp_init) for mpu_dmp_init
    main.o(i.Init) refers to oled.o(i.OLED_Init) for OLED_Init
    main.o(i.Init) refers to ad.o(i.AD_Init) for AD_Init
    main.o(i.Init) refers to board.o(i.USART1_Init) for USART1_Init
    main.o(i.Init) refers to usart2.o(i.USART2_Init) for USART2_Init
    main.o(i.Init) refers to usart3.o(i.USART3_Init) for USART3_Init
    main.o(i.Init) refers to usart4.o(i.UART4_Init) for UART4_Init
    main.o(i.Init) refers to usart5.o(i.UART5_Init) for UART5_Init
    main.o(i.Init) refers to delay.o(i.Delay_ms) for Delay_ms
    main.o(i.Init) refers to usart4.o(i.initRingBuff) for initRingBuff
    main.o(i.Init) refers to usart2.o(i.runActionGroup) for runActionGroup
    main.o(i.Init) refers to oled.o(i.OLED_ShowString) for OLED_ShowString
    main.o(i.Init) refers to task_work.o(i.AD_Power) for AD_Power
    main.o(i.main) refers to main.o(i.Init) for Init
    main.o(i.main) refers to task_work.o(i.Run) for Run
    task_work.o(i.AD_Power) refers to ad.o(i.AD_GetValue) for AD_GetValue
    task_work.o(i.AD_Power) refers to oled.o(i.OLED_ShowString) for OLED_ShowString
    task_work.o(i.Car_Adjust) refers to task_work.o(i.Contral_Car) for Contral_Car
    task_work.o(i.Car_Adjust) refers to dflti.o(.text) for __aeabi_i2d
    task_work.o(i.Car_Adjust) refers to dmul.o(.text) for __aeabi_dmul
    task_work.o(i.Car_Adjust) refers to d2f.o(.text) for __aeabi_d2f
    task_work.o(i.Car_Adjust) refers to task_work.o(i.Ring_Adjust) for Ring_Adjust
    task_work.o(i.Car_Adjust) refers to task_work.o(.data) for ban
    task_work.o(i.Car_Adjust) refers to usart5.o(.data) for Ring_Data
    task_work.o(i.Catch) refers to usart2.o(i.runActionGroup) for runActionGroup
    task_work.o(i.Contral_Car) refers to fmul.o(.text) for __aeabi_fmul
    task_work.o(i.Contral_Car) refers to ffixui.o(.text) for __aeabi_f2uiz
    task_work.o(i.Contral_Car) refers to usart.o(i.usart_SendCmd) for usart_SendCmd
    task_work.o(i.Contral_Car) refers to delay.o(i.Delay_ms) for Delay_ms
    task_work.o(i.Contral_Car) refers to emm_v5.o(i.Emm_V5_Pos_Control) for Emm_V5_Pos_Control
    task_work.o(i.Contral_Car) refers to emm_v5.o(i.Emm_V5_Synchronous_motion) for Emm_V5_Synchronous_motion
    task_work.o(i.Contral_Car) refers to task_work.o(.data) for DIR
    task_work.o(i.Contral_Car) refers to task_work.o(.bss) for MOTOR
    task_work.o(i.Contral_Car) refers to usart.o(.bss) for rxCmd
    task_work.o(i.Contral_Turn_Car) refers to task_work.o(i.Contral_Car) for Contral_Car
    task_work.o(i.LAST_Car_Adjust) refers to task_work.o(i.Contral_Car) for Contral_Car
    task_work.o(i.LAST_Car_Adjust) refers to task_work.o(.data) for Car_D
    task_work.o(i.LAST_PUT) refers to task_work.o(i.LAST_Car_Adjust) for LAST_Car_Adjust
    task_work.o(i.LAST_PUT) refers to usart2.o(i.runActionGroup) for runActionGroup
    task_work.o(i.LAST_PUT) refers to task_work.o(i.Contral_Car) for Contral_Car
    task_work.o(i.OpenMv_Part) refers to stm32f10x_usart.o(i.USART_SendData) for USART_SendData
    task_work.o(i.OpenMv_Part) refers to task_work.o(.data) for Flag_Color
    task_work.o(i.PUT) refers to task_work.o(i.Car_Adjust) for Car_Adjust
    task_work.o(i.PUT) refers to usart2.o(i.runActionGroup) for runActionGroup
    task_work.o(i.PUT) refers to task_work.o(i.Contral_Car) for Contral_Car
    task_work.o(i.PUT1) refers to task_work.o(i.Car_Adjust) for Car_Adjust
    task_work.o(i.PUT1) refers to delay.o(i.Delay_ms) for Delay_ms
    task_work.o(i.PUT1) refers to task_work.o(i.Contral_Car) for Contral_Car
    task_work.o(i.PUT1) refers to usart2.o(i.runActionGroup) for runActionGroup
    task_work.o(i.Put) refers to task_work.o(i.Contral_Car) for Contral_Car
    task_work.o(i.Put) refers to usart2.o(i.runActionGroup) for runActionGroup
    task_work.o(i.Put) refers to usart5.o(.data) for Ring_Data
    task_work.o(i.Ring_Adjust) refers to task_work.o(i.OpenMv_Part) for OpenMv_Part
    task_work.o(i.Ring_Adjust) refers to task_work.o(i.Contral_Car) for Contral_Car
    task_work.o(i.Ring_Adjust) refers to dfltui.o(.text) for __aeabi_ui2d
    task_work.o(i.Ring_Adjust) refers to dmul.o(.text) for __aeabi_dmul
    task_work.o(i.Ring_Adjust) refers to dadd.o(.text) for __aeabi_drsub
    task_work.o(i.Ring_Adjust) refers to d2f.o(.text) for __aeabi_d2f
    task_work.o(i.Ring_Adjust) refers to usart5.o(.data) for Ring_Data
    task_work.o(i.Run) refers to task_work.o(i.Contral_Car) for Contral_Car
    task_work.o(i.Run) refers to task_work.o(i.Try) for Try
[...]
    _printf_pre_padding                      0x080047e1   Thumb Code    46  printfa.o(i._printf_pre_padding)
    i._snputc                                0x0800480e   Section        0  printfa.o(i._snputc)
    _snputc                                  0x0800480f   Thumb Code    22  printfa.o(i._snputc)
    i.accel_self_test                        0x08004824   Section        0  inv_mpu.o(i.accel_self_test)
    accel_self_test                          0x08004825   Thumb Code   164  inv_mpu.o(i.accel_self_test)
    i.asin                                   0x080048cc   Section        0  asin.o(i.asin)
    i.atan                                   0x08004b3c   Section        0  atan.o(i.atan)
    i.atan2                                  0x08004d5c   Section        0  atan2.o(i.atan2)
    i.calculate_PWM                          0x08004edc   Section        0  pca9685.o(i.calculate_PWM)
    i.clock_init                             0x08004f34   Section        0  board.o(i.clock_init)
    i.decode_gesture                         0x08004f54   Section        0  inv_mpu_dmp_motion_driver.o(i.decode_gesture)
    decode_gesture                           0x08004f55   Thumb Code    94  inv_mpu_dmp_motion_driver.o(i.decode_gesture)
    i.dmp_enable_6x_lp_quat                  0x08004fb8   Section        0  inv_mpu_dmp_motion_driver.o(i.dmp_enable_6x_lp_quat)
    i.dmp_enable_feature                     0x08004ff4   Section        0  inv_mpu_dmp_motion_driver.o(i.dmp_enable_feature)
    i.dmp_enable_gyro_cal                    0x08005210   Section        0  inv_mpu_dmp_motion_driver.o(i.dmp_enable_gyro_cal)
    i.dmp_enable_lp_quat                     0x08005268   Section        0  inv_mpu_dmp_motion_driver.o(i.dmp_enable_lp_quat)
    i.dmp_load_motion_driver_firmware        0x080052a4   Section        0  inv_mpu_dmp_motion_driver.o(i.dmp_load_motion_driver_firmware)
    i.dmp_read_fifo                          0x080052bc   Section        0  inv_mpu_dmp_motion_driver.o(i.dmp_read_fifo)
    i.dmp_set_accel_bias                     0x08005488   Section        0  inv_mpu_dmp_motion_driver.o(i.dmp_set_accel_bias)
    i.dmp_set_fifo_rate                      0x080055b8   Section        0  inv_mpu_dmp_motion_driver.o(i.dmp_set_fifo_rate)
    i.dmp_set_gyro_bias                      0x08005628   Section        0  inv_mpu_dmp_motion_driver.o(i.dmp_set_gyro_bias)
    i.dmp_set_orientation                    0x08005758   Section        0  inv_mpu_dmp_motion_driver.o(i.dmp_set_orientation)
    i.dmp_set_shake_reject_thresh            0x08005890   Section        0  inv_mpu_dmp_motion_driver.o(i.dmp_set_shake_reject_thresh)
    i.dmp_set_shake_reject_time              0x080058c8   Section        0  inv_mpu_dmp_motion_driver.o(i.dmp_set_shake_reject_time)
    i.dmp_set_shake_reject_timeout           0x080058ee   Section        0  inv_mpu_dmp_motion_driver.o(i.dmp_set_shake_reject_timeout)
    i.dmp_set_tap_axes                       0x08005914   Section        0  inv_mpu_dmp_motion_driver.o(i.dmp_set_tap_axes)
    i.dmp_set_tap_count                      0x0800595a   Section        0  inv_mpu_dmp_motion_driver.o(i.dmp_set_tap_count)
    i.dmp_set_tap_thresh                     0x08005980   Section        0  inv_mpu_dmp_motion_driver.o(i.dmp_set_tap_thresh)
    i.dmp_set_tap_time                       0x08005b20   Section        0  inv_mpu_dmp_motion_driver.o(i.dmp_set_tap_time)
    i.dmp_set_tap_time_multi                 0x08005b46   Section        0  inv_mpu_dmp_motion_driver.o(i.dmp_set_tap_time_multi)
    i.fifo_deQueue                           0x08005b6c   Section        0  fifo.o(i.fifo_deQueue)
    i.fifo_enQueue                           0x08005b9c   Section        0  fifo.o(i.fifo_enQueue)
    i.fifo_queueLength                       0x08005bcc   Section        0  fifo.o(i.fifo_queueLength)
    i.get_accel_prod_shift                   0x08005c08   Section        0  inv_mpu.o(i.get_accel_prod_shift)
    get_accel_prod_shift                     0x08005c09   Thumb Code   168  inv_mpu.o(i.get_accel_prod_shift)
    i.get_st_biases                          0x08005cbc   Section        0  inv_mpu.o(i.get_st_biases)
    get_st_biases                            0x08005cbd   Thumb Code  1132  inv_mpu.o(i.get_st_biases)
    i.gyro_self_test                         0x0800612c   Section        0  inv_mpu.o(i.gyro_self_test)
    gyro_self_test                           0x0800612d   Thumb Code   256  inv_mpu.o(i.gyro_self_test)
    i.initRingBuff                           0x0800623c   Section        0  usart4.o(i.initRingBuff)
    i.inv_orientation_matrix_to_scalar       0x0800624c   Section        0  inv_mpu.o(i.inv_orientation_matrix_to_scalar)
    i.inv_row_2_scale                        0x08006274   Section        0  inv_mpu.o(i.inv_row_2_scale)
    i.main                                   0x080062c2   Section        0  main.o(i.main)
    i.mget_ms                                0x080062ce   Section        0  inv_mpu.o(i.mget_ms)
    i.mpu_configure_fifo                     0x080062d0   Section        0  inv_mpu.o(i.mpu_configure_fifo)
    i.mpu_dmp_get_data                       0x08006340   Section        0  inv_mpu.o(i.mpu_dmp_get_data)
    i.mpu_dmp_init                           0x08006564   Section        0  inv_mpu.o(i.mpu_dmp_init)
    i.mpu_get_accel_fsr                      0x08006604   Section        0  inv_mpu.o(i.mpu_get_accel_fsr)
    i.mpu_get_accel_sens                     0x08006650   Section        0  inv_mpu.o(i.mpu_get_accel_sens)
    i.mpu_get_fifo_config                    0x080066a4   Section        0  inv_mpu.o(i.mpu_get_fifo_config)
    i.mpu_get_gyro_fsr                       0x080066b4   Section        0  inv_mpu.o(i.mpu_get_gyro_fsr)
    i.mpu_get_gyro_sens                      0x080066f8   Section        0  inv_mpu.o(i.mpu_get_gyro_sens)
    i.mpu_get_lpf                            0x08006748   Section        0  inv_mpu.o(i.mpu_get_lpf)
    i.mpu_get_sample_rate                    0x08006798   Section        0  inv_mpu.o(i.mpu_get_sample_rate)
    i.mpu_init                               0x080067b8   Section        0  inv_mpu.o(i.mpu_init)
    i.mpu_load_firmware                      0x08006948   Section        0  inv_mpu.o(i.mpu_load_firmware)
    i.mpu_lp_accel_mode                      0x08006a00   Section        0  inv_mpu.o(i.mpu_lp_accel_mode)
    i.mpu_read_fifo_stream                   0x08006ae0   Section        0  inv_mpu.o(i.mpu_read_fifo_stream)
    i.mpu_read_mem                           0x08006ba0   Section        0  inv_mpu.o(i.mpu_read_mem)
    i.mpu_reset_fifo                         0x08006c20   Section        0  inv_mpu.o(i.mpu_reset_fifo)
    i.mpu_run_self_test                      0x08006de8   Section        0  inv_mpu.o(i.mpu_run_self_test)
    i.mpu_set_accel_fsr                      0x08006f04   Section        0  inv_mpu.o(i.mpu_set_accel_fsr)
    i.mpu_set_bypass                         0x08006f88   Section        0  inv_mpu.o(i.mpu_set_bypass)
    i.mpu_set_dmp_state                      0x080070d4   Section        0  inv_mpu.o(i.mpu_set_dmp_state)
    i.mpu_set_gyro_fsr                       0x08007164   Section        0  inv_mpu.o(i.mpu_set_gyro_fsr)
    i.mpu_set_int_latched                    0x080071ec   Section        0  inv_mpu.o(i.mpu_set_int_latched)
    i.mpu_set_lpf                            0x08007258   Section        0  inv_mpu.o(i.mpu_set_lpf)
    i.mpu_set_sample_rate                    0x080072dc   Section        0  inv_mpu.o(i.mpu_set_sample_rate)
    i.mpu_set_sensors                        0x08007378   Section        0  inv_mpu.o(i.mpu_set_sensors)
    i.mpu_write_mem                          0x08007448   Section        0  inv_mpu.o(i.mpu_write_mem)
    i.nvic_init                              0x080074c8   Section        0  board.o(i.nvic_init)
    i.runActionGroup                         0x080074f0   Section        0  usart2.o(i.runActionGroup)
    i.run_self_test                          0x08007548   Section        0  inv_mpu.o(i.run_self_test)
    i.setPWM                                 0x080075dc   Section        0  pca9685.o(i.setPWM)
    i.set_int_enable                         0x08007618   Section        0  inv_mpu.o(i.set_int_enable)
    set_int_enable                           0x08007619   Thumb Code   138  inv_mpu.o(i.set_int_enable)
    i.sqrt                                   0x080076a8   Section        0  sqrt.o(i.sqrt)
    i.usart_SendByte                         0x080076f4   Section        0  usart.o(i.usart_SendByte)
    i.usart_SendCmd                          0x08007730   Section        0  usart.o(i.usart_SendCmd)
    i.usart_init                             0x0800775c   Section        0  board.o(i.usart_init)
    i.writeRingBuff                          0x080077f8   Section        0  usart4.o(i.writeRingBuff)
    .constdata                               0x08007834   Section     1520  oled.o(.constdata)
    .constdata                               0x08007e24   Section       80  inv_mpu.o(.constdata)
    .constdata                               0x08007e74   Section     3062  inv_mpu_dmp_motion_driver.o(.constdata)
    dmp_memory                               0x08007e74   Data        3062  inv_mpu_dmp_motion_driver.o(.constdata)
    .constdata                               0x08008a70   Section       80  asin.o(.constdata)
    pS                                       0x08008a70   Data          48  asin.o(.constdata)
    qS                                       0x08008aa0   Data          32  asin.o(.constdata)
    .constdata                               0x08008ac0   Section      152  atan.o(.constdata)
    atanhi                                   0x08008ac0   Data          32  atan.o(.constdata)
    atanlo                                   0x08008ae0   Data          32  atan.o(.constdata)
    aTodd                                    0x08008b00   Data          40  atan.o(.constdata)
    aTeven                                   0x08008b28   Data          48  atan.o(.constdata)
    .constdata                               0x08008b58   Section        8  qnan.o(.constdata)
    .data                                    0x20000000   Section       36  task_work.o(.data)
    ban                                      0x20000020   Data           4  task_work.o(.data)
    .data                                    0x20000024   Section        3  usart.o(.data)
    .data                                    0x20000027   Section        3  usart2.o(.data)
    .data                                    0x2000002c   Section       20  usart3.o(.data)
    RxFlag                                   0x2000003f   Data           1  usart3.o(.data)
    .data                                    0x20000040   Section       12  usart5.o(.data)
    RxFlag                                   0x2000004a   Data           1  usart5.o(.data)
    Num                                      0x2000004b   Data           1  usart5.o(.data)
    .data                                    0x2000004c   Section       12  ad.o(.data)
    .data                                    0x20000058   Section       20  stm32f10x_rcc.o(.data)
    APBAHBPrescTable                         0x20000058   Data          16  stm32f10x_rcc.o(.data)
    ADCPrescTable                            0x20000068   Data           4  stm32f10x_rcc.o(.data)
    .data                                    0x2000006c   Section       53  inv_mpu.o(.data)
    st                                       0x2000006c   Data          44  inv_mpu.o(.data)
    gyro_orientation                         0x20000098   Data           9  inv_mpu.o(.data)
    .data                                    0x200000a4   Section        4  errno.o(.data)
    _errno                                   0x200000a4   Data           4  errno.o(.data)
    .bss                                     0x200000a8   Section       12  task_work.o(.bss)
    .bss                                     0x200000b4   Section      128  usart.o(.bss)
    .bss                                     0x20000134   Section      138  usart2.o(.bss)
    .bss                                     0x200001be   Section       10  usart3.o(.bss)
    .bss                                     0x200001c8   Section      506  usart4.o(.bss)
    .bss                                     0x200003c2   Section      258  fifo.o(.bss)
    .bss                                     0x200004c4   Section       16  inv_mpu_dmp_motion_driver.o(.bss)
    dmp                                      0x200004c4   Data          16  inv_mpu_dmp_motion_driver.o(.bss)
    STACK                                    0x200004d8   Section     2048  startup_stm32f10x_hd.o(STACK)

    Global Symbols

    Symbol Name                              Value     Ov Type        Size  Object(Section)

    BuildAttributes$$THM_ISAv4$P$D$K$B$S$PE$A:L22UL41UL21$X:L11$S22US41US21$IEEE1$IW$USESV6$~STKCKD$USESV7$~SHL$OTIME$ROPI$IEEEX$EBA8$MICROLIB$REQ8$PRES8$EABIv2 0x00000000   Number         0  anon$$obj.o ABSOLUTE
    __ARM_use_no_argv                        0x00000000   Number         0  main.o ABSOLUTE
    _printf_a                                0x00000000   Number         0  stubs.o ABSOLUTE
    _printf_c                                0x00000000   Number         0  stubs.o ABSOLUTE
    _printf_charcount                        0x00000000   Number         0  stubs.o ABSOLUTE
    _printf_d                                0x00000000   Number         0  stubs.o ABSOLUTE
    _printf_e                                0x00000000   Number         0  stubs.o ABSOLUTE
    _printf_f                                0x00000000   Number         0  stubs.o ABSOLUTE
    _printf_flags                            0x00000000   Number         0  stubs.o ABSOLUTE
    _printf_fp_dec                           0x00000000   Number         0  stubs.o ABSOLUTE
    _printf_fp_hex                           0x00000000   Number         0  stubs.o ABSOLUTE
    _printf_g                                0x00000000   Number         0  stubs.o ABSOLUTE
    _printf_i                                0x00000000   Number         0  stubs.o ABSOLUTE
    _printf_int_dec                          0x00000000   Number         0  stubs.o ABSOLUTE
    _printf_l                                0x00000000   Number         0  stubs.o ABSOLUTE
    _printf_lc                               0x00000000   Number         0  stubs.o ABSOLUTE
    _printf_ll                               0x00000000   Number         0  stubs.o ABSOLUTE
    _printf_lld                              0x00000000   Number         0  stubs.o ABSOLUTE
    _printf_lli                              0x00000000   Number         0  stubs.o ABSOLUTE
    _printf_llo                              0x00000000   Number         0  stubs.o ABSOLUTE
    _printf_llu                              0x00000000   Number         0  stubs.o ABSOLUTE
    _printf_llx                              0x00000000   Number         0  stubs.o ABSOLUTE
    _printf_longlong_dec                     0x00000000   Number         0  stubs.o ABSOLUTE
    _printf_longlong_hex                     0x00000000   Number         0  stubs.o ABSOLUTE
    _printf_longlong_oct                     0x00000000   Number         0  stubs.o ABSOLUTE
    _printf_ls                               0x00000000   Number         0  stubs.o ABSOLUTE
    _printf_mbtowc                           0x00000000   Number         0  stubs.o ABSOLUTE
    _printf_n                                0x00000000   Number         0  stubs.o ABSOLUTE
    _printf_o                                0x00000000   Number         0  stubs.o ABSOLUTE
    _printf_p                                0x00000000   Number         0  stubs.o ABSOLUTE
    _printf_percent                          0x00000000   Number         0  stubs.o ABSOLUTE
    _printf_pre_padding                      0x00000000   Number         0  stubs.o ABSOLUTE
    _printf_return_value                     0x00000000   Number         0  stubs.o ABSOLUTE
    _printf_s                                0x00000000   Number         0  stubs.o ABSOLUTE
    _printf_sizespec                         0x00000000   Number         0  stubs.o ABSOLUTE
    _printf_str                              0x00000000   Number         0  stubs.o ABSOLUTE
    _printf_truncate_signed                  0x00000000   Number         0  stubs.o ABSOLUTE
    _printf_truncate_unsigned                0x00000000   Number         0  stubs.o ABSOLUTE
    _printf_u                                0x00000000   Number         0  stubs.o ABSOLUTE
    _printf_wc                               0x00000000   Number         0  stubs.o ABSOLUTE
    _printf_wctomb                           0x00000000   Number         0  stubs.o ABSOLUTE
    _printf_widthprec                        0x00000000   Number         0  stubs.o ABSOLUTE
    _printf_x                                0x00000000   Number         0  stubs.o ABSOLUTE
    __cpp_initialize__aeabi_                  - Undefined Weak Reference
    __cxa_finalize                            - Undefined Weak Reference
    __decompress                              - Undefined Weak Reference
    _clock_init                               - Undefined Weak Reference
    _microlib_exit                            - Undefined Weak Reference
    __Vectors_Size                           0x00000130   Number         0  startup_stm32f10x_hd.o ABSOLUTE
    __Vectors                                0x08000000   Data           4  startup_stm32f10x_hd.o(RESET)
    __Vectors_End                            0x08000130   Data           0  startup_stm32f10x_hd.o(RESET)
    __main                                   0x08000131   Thumb Code     0  entry.o(.ARM.Collect$$$$00000000)
    _main_stk                                0x08000131   Thumb Code     0  entry2.o(.ARM.Collect$$$$00000001)
    _main_scatterload                        0x08000135   Thumb Code     0  entry5.o(.ARM.Collect$$$$00000004)
    __main_after_scatterload                 0x08000139   Thumb Code     0  entry5.o(.ARM.Collect$$$$00000004)
    _main_clock                              0x08000139   Thumb Code     0  entry7b.o(.ARM.Collect$$$$00000008)
    _main_cpp_init                           0x08000139   Thumb Code     0  entry8b.o(.ARM.Collect$$$$0000000A)
    _main_init                               0x08000139   Thumb Code     0  entry9a.o(.ARM.Collect$$$$0000000B)
    __rt_final_cpp                           0x08000141   Thumb Code     0  entry10a.o(.ARM.Collect$$$$0000000D)
    __rt_final_exit                          0x08000141   Thumb Code     0  entry11a.o(.ARM.Collect$$$$0000000F)
    Reset_Handler                            0x08000145   Thumb Code     8  startup_stm32f10x_hd.o(.text)
    ADC3_IRQHandler                          0x0800015f   Thumb Code     0  startup_stm32f10x_hd.o(.text)
    CAN1_RX1_IRQHandler                      0x0800015f   Thumb Code     0  startup_stm32f10x_hd.o(.text)
    CAN1_SCE_IRQHandler                      0x0800015f   Thumb Code     0  startup_stm32f10x_hd.o(.text)
    DMA1_Channel1_IRQHandler                 0x0800015f   Thumb Code     0  startup_stm32f10x_hd.o(.text)
    DMA1_Channel2_IRQHandler                 0x0800015f   Thumb Code     0  startup_stm32f10x_hd.o(.text)
    DMA1_Channel3_IRQHandler                 0x0800015f   Thumb Code     0  startup_stm32f10x_hd.o(.text)
    DMA1_Channel4_IRQHandler                 0x0800015f   Thumb Code     0  startup_stm32f10x_hd.o(.text)
    DMA1_Channel5_IRQHandler                 0x0800015f   Thumb Code     0  startup_stm32f10x_hd.o(.text)
    DMA1_Channel6_IRQHandler                 0x0800015f   Thumb Code     0  startup_stm32f10x_hd.o(.text)
    DMA1_Channel7_IRQHandler                 0x0800015f   Thumb Code     0  startup_stm32f10x_hd.o(.text)
    DMA2_Channel1_IRQHandler                 0x0800015f   Thumb Code     0  startup_stm32f10x_hd.o(.text)
    DMA2_Channel2_IRQHandler                 0x0800015f   Thumb Code     0  startup_stm32f10x_hd.o(.text)
    DMA2_Channel3_IRQHandler                 0x0800015f   Thumb Code     0  startup_stm32f10x_hd.o(.text)
    DMA2_Channel4_5_IRQHandler               0x0800015f   Thumb Code     0  startup_stm32f10x_hd.o(.text)
    EXTI0_IRQHandler                         0x0800015f   Thumb Code     0  startup_stm32f10x_hd.o(.text)
    EXTI15_10_IRQHandler                     0x0800015f   Thumb Code     0  startup_stm32f10x_hd.o(.text)
    EXTI1_IRQHandler                         0x0800015f   Thumb Code     0  startup_stm32f10x_hd.o(.text)
    EXTI2_IRQHandler                         0x0800015f   Thumb Code     0  startup_stm32f10x_hd.o(.text)
    EXTI3_IRQHandler                         0x0800015f   Thumb Code     0  startup_stm32f10x_hd.o(.text)
    EXTI4_IRQHandler                         0x0800015f   Thumb Code     0  startup_stm32f10x_hd.o(.text)
    EXTI9_5_IRQHandler                       0x0800015f   Thumb Code     0  startup_stm32f10x_hd.o(.text)
    FLASH_IRQHandler                         0x0800015f   Thumb Code     0  startup_stm32f10x_hd.o(.text)
    FSMC_IRQHandler                          0x0800015f   Thumb Code     0  startup_stm32f10x_hd.o(.text)
    I2C1_ER_IRQHandler                       0x0800015f   Thumb Code     0  startup_stm32f10x_hd.o(.text)
    I2C1_EV_IRQHandler                       0x0800015f   Thumb Code     0  startup_stm32f10x_hd.o(.text)
    I2C2_ER_IRQHandler                       0x0800015f   Thumb Code     0  startup_stm32f10x_hd.o(.text)
    I2C2_EV_IRQHandler                       0x0800015f   Thumb Code     0  startup_stm32f10x_hd.o(.text)
    PVD_IRQHandler                           0x0800015f   Thumb Code     0  startup_stm32f10x_hd.o(.text)
    RCC_IRQHandler                           0x0800015f   Thumb Code     0  startup_stm32f10x_hd.o(.text)
    RTCAlarm_IRQHandler                      0x0800015f   Thumb Code     0  startup_stm32f10x_hd.o(.text)
    RTC_IRQHandler                           0x0800015f   Thumb Code     0  startup_stm32f10x_hd.o(.text)
    SDIO_IRQHandler                          0x0800015f   Thumb Code     0  startup_stm32f10x_hd.o(.text)
    SPI1_IRQHandler                          0x0800015f   Thumb Code     0  startup_stm32f10x_hd.o(.text)
    SPI2_IRQHandler                          0x0800015f   Thumb Code     0  startup_stm32f10x_hd.o(.text)
    SPI3_IRQHandler                          0x0800015f   Thumb Code     0  startup_stm32f10x_hd.o(.text)
    TAMPER_IRQHandler                        0x0800015f   Thumb Code     0  startup_stm32f10x_hd.o(.text)
    TIM1_BRK_IRQHandler                      0x0800015f   Thumb Code     0  startup_stm32f10x_hd.o(.text)
    TIM1_CC_IRQHandler                       0x0800015f   Thumb Code     0  startup_stm32f10x_hd.o(.text)
    TIM1_TRG_COM_IRQHandler                  0x0800015f   Thumb Code     0  startup_stm32f10x_hd.o(.text)
    TIM1_UP_IRQHandler                       0x0800015f   Thumb Code     0  startup_stm32f10x_hd.o(.text)
    TIM2_IRQHandler                          0x0800015f   Thumb Code     0  startup_stm32f10x_hd.o(.text)
    TIM3_IRQHandler                          0x0800015f   Thumb Code     0  startup_stm32f10x_hd.o(.text)
    TIM4_IRQHandler                          0x0800015f   Thumb Code     0  startup_stm32f10x_hd.o(.text)
    TIM5_IRQHandler                          0x0800015f   Thumb Code     0  startup_stm32f10x_hd.o(.text)
    TIM6_IRQHandler                          0x0800015f   Thumb Code     0  startup_stm32f10x_hd.o(.text)
    TIM7_IRQHandler                          0x0800015f   Thumb Code     0  startup_stm32f10x_hd.o(.text)
    TIM8_BRK_IRQHandler                      0x0800015f   Thumb Code     0  startup_stm32f10x_hd.o(.text)
    TIM8_CC_IRQHandler                       0x0800015f   Thumb Code     0  startup_stm32f10x_hd.o(.text)
    TIM8_TRG_COM_IRQHandler                  0x0800015f   Thumb Code     0  startup_stm32f10x_hd.o(.text)
    TIM8_UP_IRQHandler                       0x0800015f   Thumb Code     0  startup_stm32f10x_hd.o(.text)
    USBWakeUp_IRQHandler                     0x0800015f   Thumb Code     0  startup_stm32f10x_hd.o(.text)
    USB_HP_CAN1_TX_IRQHandler                0x0800015f   Thumb Code     0  startup_stm32f10x_hd.o(.text)
    USB_LP_CAN1_RX0_IRQHandler               0x0800015f   Thumb Code     0  startup_stm32f10x_hd.o(.text)
    WWDG_IRQHandler                          0x0800015f   Thumb Code     0  startup_stm32f10x_hd.o(.text)
    __aeabi_ldivmod                          0x08000169   Thumb Code    98  ldiv.o(.text)
    __aeabi_memset                           0x080001cb   Thumb Code    14  memseta.o(.text)
    __aeabi_memset4                          0x080001cb   Thumb Code     0  memseta.o(.text)
    __aeabi_memset8                          0x080001cb   Thumb Code     0  memseta.o(.text)
    __aeabi_memclr                           0x080001d9   Thumb Code     4  memseta.o(.text)
    __aeabi_memclr4                          0x080001d9   Thumb Code     0  memseta.o(.text)
    __aeabi_memclr8                          0x080001d9   Thumb Code     0  memseta.o(.text)
    _memset$wrapper                          0x080001dd   Thumb Code    18  memseta.o(.text)
    memcmp                                   0x080001ef   Thumb Code    26  memcmp.o(.text)
    __aeabi_fadd                             0x08000209   Thumb Code   164  fadd.o(.text)
    __aeabi_fsub                             0x080002ad   Thumb Code     6  fadd.o(.text)
    __aeabi_frsub                            0x080002b3   Thumb Code     6  fadd.o(.text)
    __aeabi_fmul                             0x080002b9   Thumb Code   100  fmul.o(.text)
    __aeabi_fdiv                             0x0800031d   Thumb Code   124  fdiv.o(.text)
    __aeabi_dadd                             0x08000399   Thumb Code   322  dadd.o(.text)
    __aeabi_dsub                             0x080004db   Thumb Code     6  dadd.o(.text)
    __aeabi_drsub                            0x080004e1   Thumb Code     6  dadd.o(.text)
    __aeabi_dmul                             0x080004e7   Thumb Code   228  dmul.o(.text)
    __aeabi_ddiv                             0x080005cb   Thumb Code   222  ddiv.o(.text)
    __aeabi_i2f                              0x080006a9   Thumb Code    18  fflti.o(.text)
    __aeabi_ui2f                             0x080006bb   Thumb Code    10  ffltui.o(.text)
    __aeabi_i2d                              0x080006c5   Thumb Code    34  dflti.o(.text)
    __aeabi_ui2d                             0x080006e7   Thumb Code    26  dfltui.o(.text)
    __aeabi_f2iz                             0x08000701   Thumb Code    50  ffixi.o(.text)
    __aeabi_f2uiz                            0x08000733   Thumb Code    40  ffixui.o(.text)
    __aeabi_d2iz                             0x0800075b   Thumb Code    62  dfixi.o(.text)
    __aeabi_f2d                              0x08000799   Thumb Code    38  f2d.o(.text)
    __aeabi_d2f                              0x080007bf   Thumb Code    56  d2f.o(.text)
    __aeabi_cfcmpeq                          0x080007f9   Thumb Code     0  cfcmple.o(.text)
    __aeabi_cfcmple                          0x080007f9   Thumb Code    20  cfcmple.o(.text)
    __aeabi_cfrcmple                         0x0800080d   Thumb Code    20  cfrcmple.o(.text)
    __aeabi_uidiv                            0x08000821   Thumb Code     0  uidiv.o(.text)
    __aeabi_uidivmod                         0x08000821   Thumb Code    44  uidiv.o(.text)
    __aeabi_uldivmod                         0x0800084d   Thumb Code    98  uldiv.o(.text)
    __aeabi_llsl                             0x080008af   Thumb Code    30  llshl.o(.text)
    _ll_shift_l                              0x080008af   Thumb Code     0  llshl.o(.text)
    __aeabi_llsr                             0x080008cd   Thumb Code    32  llushr.o(.text)
    _ll_ushift_r                             0x080008cd   Thumb Code     0  llushr.o(.text)
    __aeabi_lasr                             0x080008ed   Thumb Code    36  llsshr.o(.text)
    _ll_sshift_r                             0x080008ed   Thumb Code     0  llsshr.o(.text)
    __I$use$fp                               0x08000911   Thumb Code     0  iusefp.o(.text)
    _float_round                             0x08000911   Thumb Code    18  fepilogue.o(.text)
    _float_epilogue                          0x08000923   Thumb Code    92  fepilogue.o(.text)
    _double_round                            0x0800097f   Thumb Code    30  depilogue.o(.text)
    _double_epilogue                         0x0800099d   Thumb Code   156  depilogue.o(.text)
    __ARM_scalbn                             0x08000a39   Thumb Code    46  dscalb.o(.text)
    scalbn                                   0x08000a39   Thumb Code     0  dscalb.o(.text)
    __aeabi_d2ulz                            0x08000a67   Thumb Code    48  dfixul.o(.text)
    __aeabi_cdrcmple                         0x08000a99   Thumb Code    48  cdrcmple.o(.text)
    __scatterload                            0x08000ac9   Thumb Code    28  init.o(.text)
    __scatterload_rt2                        0x08000ac9   Thumb Code     0  init.o(.text)
    _dsqrt                                   0x08000aed   Thumb Code   162  dsqrt.o(.text)
    ADC1_2_IRQHandler                        0x08000b91   Thumb Code   212  ad.o(i.ADC1_2_IRQHandler)
    ADC_AnalogWatchdogCmd                    0x08000cad   Thumb Code    16  stm32f10x_adc.o(i.ADC_AnalogWatchdogCmd)
    ADC_AnalogWatchdogSingleChannelConfig    0x08000cc1   Thumb Code    16  stm32f10x_adc.o(i.ADC_AnalogWatchdogSingleChannelConfig)
    ADC_AnalogWatchdogThresholdsConfig       0x08000cd1   Thumb Code     6  stm32f10x_adc.o(i.ADC_AnalogWatchdogThresholdsConfig)
    ADC_ClearITPendingBit                    0x08000cd7   Thumb Code    10  stm32f10x_adc.o(i.ADC_ClearITPendingBit)
    ADC_Cmd                                  0x08000ce1   Thumb Code    22  stm32f10x_adc.o(i.ADC_Cmd)
    ADC_GetCalibrationStatus                 0x08000cf7   Thumb Code    20  stm32f10x_adc.o(i.ADC_GetCalibrationStatus)
    ADC_GetConversionValue                   0x08000d0b   Thumb Code     8  stm32f10x_adc.o(i.ADC_GetConversionValue)
    ADC_GetITStatus                          0x08000d13   Thumb Code    36  stm32f10x_adc.o(i.ADC_GetITStatus)
    ADC_GetResetCalibrationStatus            0x08000d37   Thumb Code    20  stm32f10x_adc.o(i.ADC_GetResetCalibrationStatus)
    ADC_ITConfig                             0x08000d4b   Thumb Code    24  stm32f10x_adc.o(i.ADC_ITConfig)
    ADC_Init                                 0x08000d65   Thumb Code    70  stm32f10x_adc.o(i.ADC_Init)
    ADC_RegularChannelConfig                 0x08000db5   Thumb Code   184  stm32f10x_adc.o(i.ADC_RegularChannelConfig)
    ADC_ResetCalibration                     0x08000e6d   Thumb Code    10  stm32f10x_adc.o(i.ADC_ResetCalibration)
    ADC_SoftwareStartConvCmd                 0x08000e77   Thumb Code    22  stm32f10x_adc.o(i.ADC_SoftwareStartConvCmd)
    ADC_StartCalibration                     0x08000e8d   Thumb Code    10  stm32f10x_adc.o(i.ADC_StartCalibration)
    AD_GetValue                              0x08000e99   Thumb Code    10  ad.o(i.AD_GetValue)
    AD_Init                                  0x08000ea9   Thumb Code   238  ad.o(i.AD_Init)
    AD_Power                                 0x08000fa5   Thumb Code    38  task_work.o(i.AD_Power)
    Beep_Init                                0x08000fed   Thumb Code    38  buzzer.o(i.Beep_Init)
    Beep_ON                                  0x08001019   Thumb Code    36  buzzer.o(i.Beep_ON)
    BusFault_Handler                         0x08001045   Thumb Code     4  stm32f10x_it.o(i.BusFault_Handler)
    Car_Adjust                               0x08001049   Thumb Code   860  task_work.o(i.Car_Adjust)
    Catch                                    0x080013d5   Thumb Code    48  task_work.o(i.Catch)
    Contral_Car                              0x08001405   Thumb Code   574  task_work.o(i.Contral_Car)
    Contral_Turn_Car                         0x0800165d   Thumb Code   220  task_work.o(i.Contral_Turn_Car)
    DebugMon_Handler                         0x08001739   Thumb Code     2  stm32f10x_it.o(i.DebugMon_Handler)
    Delay_ms                                 0x0800173b   Thumb Code    24  delay.o(i.Delay_ms)
    Delay_s                                  0x08001753   Thumb Code    24  delay.o(i.Delay_s)
    Delay_us                                 0x0800176b   Thumb Code    46  delay.o(i.Delay_us)
    Emm_V5_Pos_Control                       0x08001799   Thumb Code   108  emm_v5.o(i.Emm_V5_Pos_Control)
    Emm_V5_Synchronous_motion                0x08001805   Thumb Code    46  emm_v5.o(i.Emm_V5_Synchronous_motion)
    GPIO_Init                                0x08001833   Thumb Code   278  stm32f10x_gpio.o(i.GPIO_Init)
    GPIO_PinRemapConfig                      0x08001949   Thumb Code   138  stm32f10x_gpio.o(i.GPIO_PinRemapConfig)
    GPIO_SetBits                             0x080019d9   Thumb Code     4  stm32f10x_gpio.o(i.GPIO_SetBits)
    GPIO_StructInit                          0x080019dd   Thumb Code    16  stm32f10x_gpio.o(i.GPIO_StructInit)
    GPIO_WriteBit                            0x080019ed   Thumb Code    10  stm32f10x_gpio.o(i.GPIO_WriteBit)
    HardFault_Handler                        0x080019f7   Thumb Code     4  stm32f10x_it.o(i.HardFault_Handler)
    IIC_Send_Byte                            0x080019fd   Thumb Code    90  iic.o(i.IIC_Send_Byte)
    IIC_Start                                0x08001a65   Thumb Code    64  iic.o(i.IIC_Start)
    IIC_Stop                                 0x08001ab1   Thumb Code    62  iic.o(i.IIC_Stop)
    IIC_Wait_Ack                             0x08001afd   Thumb Code    82  iic.o(i.IIC_Wait_Ack)
    Init                                     0x08001b5d   Thumb Code   114  main.o(i.Init)
    LAST_Car_Adjust                          0x08001bd9   Thumb Code   160  task_work.o(i.LAST_Car_Adjust)
    LAST_PUT                                 0x08001c85   Thumb Code    72  task_work.o(i.LAST_PUT)
    MPU_IIC_Ack                              0x08001cd1   Thumb Code    62  mpuiic.o(i.MPU_IIC_Ack)
    MPU_IIC_Delay                            0x08001d1d   Thumb Code    10  mpuiic.o(i.MPU_IIC_Delay)
    MPU_IIC_Init                             0x08001d29   Thumb Code    62  mpuiic.o(i.MPU_IIC_Init)
    MPU_IIC_NAck                             0x08001d71   Thumb Code    62  mpuiic.o(i.MPU_IIC_NAck)
    MPU_IIC_Read_Byte                        0x08001dbd   Thumb Code    94  mpuiic.o(i.MPU_IIC_Read_Byte)
    MPU_IIC_Send_Byte                        0x08001e29   Thumb Code    80  mpuiic.o(i.MPU_IIC_Send_Byte)
    MPU_IIC_Start                            0x08001e85   Thumb Code    60  mpuiic.o(i.MPU_IIC_Start)
    MPU_IIC_Stop                             0x08001ecd   Thumb Code    58  mpuiic.o(i.MPU_IIC_Stop)
    MPU_IIC_Wait_Ack                         0x08001f15   Thumb Code    86  mpuiic.o(i.MPU_IIC_Wait_Ack)
    MPU_Init                                 0x08001f79   Thumb Code   122  mpu6050.o(i.MPU_Init)
    MPU_Read_Byte                            0x08001ff3   Thumb Code    58  mpu6050.o(i.MPU_Read_Byte)
    MPU_Read_Len                             0x0800202d   Thumb Code   116  mpu6050.o(i.MPU_Read_Len)
    MPU_Set_Accel_Fsr                        0x080020a1   Thumb Code    16  mpu6050.o(i.MPU_Set_Accel_Fsr)
    MPU_Set_Gyro_Fsr                         0x080020b1   Thumb Code    16  mpu6050.o(i.MPU_Set_Gyro_Fsr)
    MPU_Set_LPF                              0x080020c1   Thumb Code    58  mpu6050.o(i.MPU_Set_LPF)
    MPU_Set_Rate                             0x080020fb   Thumb Code    58  mpu6050.o(i.MPU_Set_Rate)
    MPU_Write_Byte                           0x08002135   Thumb Code    68  mpu6050.o(i.MPU_Write_Byte)
    MPU_Write_Len                            0x08002179   Thumb Code    96  mpu6050.o(i.MPU_Write_Len)
    Make_Date                                0x080021d9   Thumb Code    60  usart3.o(i.Make_Date)
    MemManage_Handler                        0x08002215   Thumb Code     4  stm32f10x_it.o(i.MemManage_Handler)
    NMI_Handler                              0x08002219   Thumb Code     2  stm32f10x_it.o(i.NMI_Handler)
    NVIC_Init                                0x0800221d   Thumb Code   100  misc.o(i.NVIC_Init)
    NVIC_PriorityGroupConfig                 0x0800228d   Thumb Code    10  misc.o(i.NVIC_PriorityGroupConfig)
    OLED_Clear                               0x080022a1   Thumb Code    42  oled.o(i.OLED_Clear)
    OLED_Init                                0x080022cb   Thumb Code   174  oled.o(i.OLED_Init)
    OLED_Pow                                 0x08002379   Thumb Code    20  oled.o(i.OLED_Pow)
    OLED_SPI_Init                            0x0800238d   Thumb Code   144  oled.o(i.OLED_SPI_Init)
    OLED_SPI_SendByte                        0x08002421   Thumb Code    54  oled.o(i.OLED_SPI_SendByte)
    OLED_SetCursor                           0x0800245d   Thumb Code    34  oled.o(i.OLED_SetCursor)
    OLED_ShowChar                            0x08002481   Thumb Code   110  oled.o(i.OLED_ShowChar)
    OLED_ShowHexNum                          0x080024f5   Thumb Code    84  oled.o(i.OLED_ShowHexNum)
    OLED_ShowNum                             0x08002549   Thumb Code    68  oled.o(i.OLED_ShowNum)
    OLED_ShowString                          0x0800258d   Thumb Code    40  oled.o(i.OLED_ShowString)
    OLED_WriteCommand                        0x080025b5   Thumb Code    42  oled.o(i.OLED_WriteCommand)
    OLED_WriteData                           0x080025e5   Thumb Code    42  oled.o(i.OLED_WriteData)
    OpenMv_Part                              0x08002615   Thumb Code    68  task_work.o(i.OpenMv_Part)
    PCA9685_write                            0x08002665   Thumb Code    46  pca9685.o(i.PCA9685_write)
    PUT                                      0x08002695   Thumb Code    82  task_work.o(i.PUT)
    PendSV_Handler                           0x080026ed   Thumb Code     2  stm32f10x_it.o(i.PendSV_Handler)
    RCC_ADCCLKConfig                         0x080026f1   Thumb Code    18  stm32f10x_rcc.o(i.RCC_ADCCLKConfig)
    RCC_APB1PeriphClockCmd                   0x08002709   Thumb Code    26  stm32f10x_rcc.o(i.RCC_APB1PeriphClockCmd)
    RCC_APB1PeriphResetCmd                   0x08002729   Thumb Code    26  stm32f10x_rcc.o(i.RCC_APB1PeriphResetCmd)
    RCC_APB2PeriphClockCmd                   0x08002749   Thumb Code    26  stm32f10x_rcc.o(i.RCC_APB2PeriphClockCmd)
    RCC_APB2PeriphResetCmd                   0x08002769   Thumb Code    26  stm32f10x_rcc.o(i.RCC_APB2PeriphResetCmd)
    RCC_GetClocksFreq                        0x08002789   Thumb Code   192  stm32f10x_rcc.o(i.RCC_GetClocksFreq)
    Ring_Adjust                              0x0800285d   Thumb Code   508  task_work.o(i.Ring_Adjust)
    Run                                      0x08002a9d   Thumb Code   890  task_work.o(i.Run)
    SVC_Handler                              0x08002e79   Thumb Code     2  stm32f10x_it.o(i.SVC_Handler)
    Serial_SendArray_USART2                  0x08002e7d   Thumb Code    34  usart2.o(i.Serial_SendArray_USART2)
    Serial_SendArray_USART3                  0x08002ea5   Thumb Code    34  usart3.o(i.Serial_SendArray_USART3)
    Set_ON                                   0x08002fb5   Thumb Code    20  usart3.o(i.Set_ON)
    SysTick_Handler                          0x08002fd5   Thumb Code     2  stm32f10x_it.o(i.SysTick_Handler)
    SystemInit                               0x08002fd9   Thumb Code    78  system_stm32f10x.o(i.SystemInit)
    TJCPrintf                                0x08003039   Thumb Code   138  usart4.o(i.TJCPrintf)
    Task_Catch_Work                          0x080030c9   Thumb Code   166  task_work.o(i.Task_Catch_Work)
    Try                                      0x08003181   Thumb Code   696  task_work.o(i.Try)
    UART4_IRQHandler                         0x08003489   Thumb Code    42  usart4.o(i.UART4_IRQHandler)
    UART4_Init                               0x080034b9   Thumb Code   202  usart4.o(i.UART4_Init)
    UART5_IRQHandler                         0x0800358d   Thumb Code   320  usart5.o(i.UART5_IRQHandler)
    UART5_Init                               0x080036f1   Thumb Code   172  usart5.o(i.UART5_Init)
    USART1_IRQHandler                        0x080037a9   Thumb Code   122  usart.o(i.USART1_IRQHandler)
    USART1_Init                              0x08003835   Thumb Code    16  board.o(i.USART1_Init)
    USART2_IRQHandler                        0x08003845   Thumb Code   152  usart2.o(i.USART2_IRQHandler)
    USART2_Init                              0x080038f1   Thumb Code   170  usart2.o(i.USART2_Init)
    USART3_IRQHandler                        0x080039a5   Thumb Code   186  usart3.o(i.USART3_IRQHandler)
    USART3_Init                              0x08003a85   Thumb Code   172  usart3.o(i.USART3_Init)
    USART_ClearFlag                          0x08003b39   Thumb Code    18  stm32f10x_usart.o(i.USART_ClearFlag)
    USART_ClearITPendingBit                  0x08003b4b   Thumb Code    30  stm32f10x_usart.o(i.USART_ClearITPendingBit)
    USART_Cmd                                0x08003b69   Thumb Code    24  stm32f10x_usart.o(i.USART_Cmd)
    USART_DeInit                             0x08003b81   Thumb Code   134  stm32f10x_usart.o(i.USART_DeInit)
    USART_GetFlagStatus                      0x08003c1d   Thumb Code    26  stm32f10x_usart.o(i.USART_GetFlagStatus)
    USART_GetITStatus                        0x08003c37   Thumb Code    84  stm32f10x_usart.o(i.USART_GetITStatus)
    USART_ITConfig                           0x08003c8b   Thumb Code    74  stm32f10x_usart.o(i.USART_ITConfig)
    USART_Init                               0x08003cd5   Thumb Code   210  stm32f10x_usart.o(i.USART_Init)
    USART_ReceiveData                        0x08003dad   Thumb Code    10  stm32f10x_usart.o(i.USART_ReceiveData)
    USART_SendData                           0x08003db7   Thumb Code     8  stm32f10x_usart.o(i.USART_SendData)
    USART_StructInit                         0x08003dbf   Thumb Code    24  stm32f10x_usart.o(i.USART_StructInit)
    UsageFault_Handler                       0x08003dd7   Thumb Code     4  stm32f10x_it.o(i.UsageFault_Handler)
    Usart2WriteBuf                           0x08003ddd   Thumb Code    44  usart2.o(i.Usart2WriteBuf)
    __0vsnprintf                             0x08003e0d   Thumb Code    40  printfa.o(i.__0vsnprintf)
    __1vsnprintf                             0x08003e0d   Thumb Code     0  printfa.o(i.__0vsnprintf)
    __2vsnprintf                             0x08003e0d   Thumb Code     0  printfa.o(i.__0vsnprintf)
    __c89vsnprintf                           0x08003e0d   Thumb Code     0  printfa.o(i.__0vsnprintf)
    vsnprintf                                0x08003e0d   Thumb Code     0  printfa.o(i.__0vsnprintf)
    __ARM_fpclassify                         0x08003e39   Thumb Code    40  fpclassify.o(i.__ARM_fpclassify)
    __kernel_poly                            0x08003e61   Thumb Code   170  poly.o(i.__kernel_poly)
    __mathlib_dbl_infnan                     0x08003f0b   Thumb Code     6  dunder.o(i.__mathlib_dbl_infnan)
    __mathlib_dbl_infnan2                    0x08003f11   Thumb Code     4  dunder.o(i.__mathlib_dbl_infnan2)
    __mathlib_dbl_invalid                    0x08003f15   Thumb Code    12  dunder.o(i.__mathlib_dbl_invalid)
    __mathlib_dbl_underflow                  0x08003f21   Thumb Code    10  dunder.o(i.__mathlib_dbl_underflow)
    __scatterload_copy                       0x08003f31   Thumb Code    14  handlers.o(i.__scatterload_copy)
    __scatterload_null                       0x08003f3f   Thumb Code     2  handlers.o(i.__scatterload_null)
    __scatterload_zeroinit                   0x08003f41   Thumb Code    14  handlers.o(i.__scatterload_zeroinit)
    __set_errno                              0x08003f51   Thumb Code     6  errno.o(i.__set_errno)
    asin                                     0x080048cd   Thumb Code   572  asin.o(i.asin)
    atan                                     0x08004b3d   Thumb Code   474  atan.o(i.atan)
    atan2                                    0x08004d5d   Thumb Code   346  atan2.o(i.atan2)
    calculate_PWM                            0x08004edd   Thumb Code    66  pca9685.o(i.calculate_PWM)
    clock_init                               0x08004f35   Thumb Code    28  board.o(i.clock_init)
    dmp_enable_6x_lp_quat                    0x08004fb9   Thumb Code    60  inv_mpu_dmp_motion_driver.o(i.dmp_enable_6x_lp_quat)
    dmp_enable_feature                       0x08004ff5   Thumb Code   530  inv_mpu_dmp_motion_driver.o(i.dmp_enable_feature)
    dmp_enable_gyro_cal                      0x08005211   Thumb Code    62  inv_mpu_dmp_motion_driver.o(i.dmp_enable_gyro_cal)
    dmp_enable_lp_quat                       0x08005269   Thumb Code    60  inv_mpu_dmp_motion_driver.o(i.dmp_enable_lp_quat)
    dmp_load_motion_driver_firmware          0x080052a5   Thumb Code    20  inv_mpu_dmp_motion_driver.o(i.dmp_load_motion_driver_firmware)
    dmp_read_fifo                            0x080052bd   Thumb Code   456  inv_mpu_dmp_motion_driver.o(i.dmp_read_fifo)
    dmp_set_accel_bias                       0x08005489   Thumb Code   300  inv_mpu_dmp_motion_driver.o(i.dmp_set_accel_bias)
    dmp_set_fifo_rate                        0x080055b9   Thumb Code    96  inv_mpu_dmp_motion_driver.o(i.dmp_set_fifo_rate)
    dmp_set_gyro_bias                        0x08005629   Thumb Code   294  inv_mpu_dmp_motion_driver.o(i.dmp_set_gyro_bias)
    dmp_set_orientation                      0x08005759   Thumb Code   290  inv_mpu_dmp_motion_driver.o(i.dmp_set_orientation)
    dmp_set_shake_reject_thresh              0x08005891   Thumb Code    56  inv_mpu_dmp_motion_driver.o(i.dmp_set_shake_reject_thresh)
    dmp_set_shake_reject_time                0x080058c9   Thumb Code    38  inv_mpu_dmp_motion_driver.o(i.dmp_set_shake_reject_time)
    dmp_set_shake_reject_timeout             0x080058ef   Thumb Code    38  inv_mpu_dmp_motion_driver.o(i.dmp_set_shake_reject_timeout)
    dmp_set_tap_axes                         0x08005915   Thumb Code    70  inv_mpu_dmp_motion_driver.o(i.dmp_set_tap_axes)
    dmp_set_tap_count                        0x0800595b   Thumb Code    38  inv_mpu_dmp_motion_driver.o(i.dmp_set_tap_count)
    dmp_set_tap_thresh                       0x08005981   Thumb Code   396  inv_mpu_dmp_motion_driver.o(i.dmp_set_tap_thresh)
    dmp_set_tap_time                         0x08005b21   Thumb Code    38  inv_mpu_dmp_motion_driver.o(i.dmp_set_tap_time)
    dmp_set_tap_time_multi                   0x08005b47   Thumb Code    38  inv_mpu_dmp_motion_driver.o(i.dmp_set_tap_time_multi)
    fifo_deQueue                             0x08005b6d   Thumb Code    44  fifo.o(i.fifo_deQueue)
    fifo_enQueue                             0x08005b9d   Thumb Code    42  fifo.o(i.fifo_enQueue)
    fifo_queueLength                         0x08005bcd   Thumb Code    56  fifo.o(i.fifo_queueLength)
    initRingBuff                             0x0800623d   Thumb Code    12  usart4.o(i.initRingBuff)
    inv_orientation_matrix_to_scalar         0x0800624d   Thumb Code    40  inv_mpu.o(i.inv_orientation_matrix_to_scalar)
    inv_row_2_scale                          0x08006275   Thumb Code    78  inv_mpu.o(i.inv_row_2_scale)
    main                                     0x080062c3   Thumb Code    12  main.o(i.main)
    mget_ms                                  0x080062cf   Thumb Code     2  inv_mpu.o(i.mget_ms)
    mpu_configure_fifo                       0x080062d1   Thumb Code   106  inv_mpu.o(i.mpu_configure_fifo)
    mpu_dmp_get_data                         0x08006341   Thumb Code   544  inv_mpu.o(i.mpu_dmp_get_data)
    mpu_dmp_init                             0x08006565   Thumb Code   154  inv_mpu.o(i.mpu_dmp_init)
    mpu_get_accel_fsr                        0x08006605   Thumb Code    72  inv_mpu.o(i.mpu_get_accel_fsr)
    mpu_get_accel_sens                       0x08006651   Thumb Code    78  inv_mpu.o(i.mpu_get_accel_sens)
    mpu_get_fifo_config                      0x080066a5   Thumb Code    12  inv_mpu.o(i.mpu_get_fifo_config)
    mpu_get_gyro_fsr                         0x080066b5   Thumb Code    64  inv_mpu.o(i.mpu_get_gyro_fsr)
    mpu_get_gyro_sens                        0x080066f9   Thumb Code    58  inv_mpu.o(i.mpu_get_gyro_sens)
    mpu_get_lpf                              0x08006749   Thumb Code    74  inv_mpu.o(i.mpu_get_lpf)
    mpu_get_sample_rate                      0x08006799   Thumb Code    26  inv_mpu.o(i.mpu_get_sample_rate)
    mpu_init                                 0x080067b9   Thumb Code   396  inv_mpu.o(i.mpu_init)
    mpu_load_firmware                        0x08006949   Thumb Code   180  inv_mpu.o(i.mpu_load_firmware)
    mpu_lp_accel_mode                        0x08006a01   Thumb Code   218  inv_mpu.o(i.mpu_lp_accel_mode)
    mpu_read_fifo_stream                     0x08006ae1   Thumb Code   186  inv_mpu.o(i.mpu_read_fifo_stream)
    mpu_read_mem                             0x08006ba1   Thumb Code   122  inv_mpu.o(i.mpu_read_mem)
    mpu_reset_fifo                           0x08006c21   Thumb Code   450  inv_mpu.o(i.mpu_reset_fifo)
    mpu_run_self_test                        0x08006de9   Thumb Code   278  inv_mpu.o(i.mpu_run_self_test)
    mpu_set_accel_fsr                        0x08006f05   Thumb Code   126  inv_mpu.o(i.mpu_set_accel_fsr)
    mpu_set_bypass                           0x08006f89   Thumb Code   328  inv_mpu.o(i.mpu_set_bypass)
    mpu_set_dmp_state                        0x080070d5   Thumb Code   138  inv_mpu.o(i.mpu_set_dmp_state)
    mpu_set_gyro_fsr                         0x08007165   Thumb Code   132  inv_mpu.o(i.mpu_set_gyro_fsr)
    mpu_set_int_latched                      0x080071ed   Thumb Code   102  inv_mpu.o(i.mpu_set_int_latched)
    mpu_set_lpf                              0x08007259   Thumb Code   126  inv_mpu.o(i.mpu_set_lpf)
    mpu_set_sample_rate                      0x080072dd   Thumb Code   152  inv_mpu.o(i.mpu_set_sample_rate)
    mpu_set_sensors                          0x08007379   Thumb Code   202  inv_mpu.o(i.mpu_set_sensors)
    mpu_write_mem                            0x08007449   Thumb Code   122  inv_mpu.o(i.mpu_write_mem)
    nvic_init                                0x080074c9   Thumb Code    40  board.o(i.nvic_init)
    runActionGroup                           0x080074f1   Thumb Code    80  usart2.o(i.runActionGroup)
    run_self_test                            0x08007549   Thumb Code   148  inv_mpu.o(i.run_self_test)
    setPWM                                   0x080075dd   Thumb Code    58  pca9685.o(i.setPWM)
    sqrt                                     0x080076a9   Thumb Code    76  sqrt.o(i.sqrt)
    usart_SendByte                           0x080076f5   Thumb Code    56  usart.o(i.usart_SendByte)
    usart_SendCmd                            0x08007731   Thumb Code    44  usart.o(i.usart_SendCmd)
    usart_init                               0x0800775d   Thumb Code   148  board.o(i.usart_init)
    writeRingBuff                            0x080077f9   Thumb Code    54  usart4.o(i.writeRingBuff)
    OLED_F8x16                               0x08007834   Data        1520  oled.o(.constdata)
    reg                                      0x08007e24   Data          27  inv_mpu.o(.constdata)
    hw                                       0x08007e40   Data          12  inv_mpu.o(.constdata)
    test                                     0x08007e4c   Data          40  inv_mpu.o(.constdata)
    __mathlib_zero                           0x08008b58   Data           8  qnan.o(.constdata)
    Region$$Table$$Base                      0x08008b60   Number         0  anon$$obj.o(Region$$Table)
    Region$$Table$$Limit                     0x08008b80   Number         0  anon$$obj.o(Region$$Table)
    Flag_Color                               0x20000000   Data           1  task_work.o(.data)
    Flag_Ring                                0x20000001   Data           1  task_work.o(.data)
    motor_Flag                               0x20000002   Data           1  task_work.o(.data)
    cmd                                      0x20000003   Data           3  task_work.o(.data)
    DIR                                      0x20000006   Data           4  task_work.o(.data)
    Order_Color_1                            0x2000000a   Data           3  task_work.o(.data)
    Order_Color_2                            0x2000000d   Data           3  task_work.o(.data)
    Car_D                                    0x20000010   Data           1  task_work.o(.data)
    pitch                                    0x20000014   Data           4  task_work.o(.data)
    roll                                     0x20000018   Data           4  task_work.o(.data)
    yaw                                      0x2000001c   Data           4  task_work.o(.data)
    rxFrameFlag                              0x20000024   Data           1  usart.o(.data)
    rxCount                                  0x20000025   Data           1  usart.o(.data)
    Motor_Flag                               0x20000026   Data           1  usart.o(.data)
    Temp                                     0x20000027   Data           1  usart2.o(.data)
    rx_Flag                                  0x20000028   Data           1  usart2.o(.data)
    Servo_Flag                               0x20000029   Data           1  usart2.o(.data)
    Get_Flag                                 0x2000002c   Data           4  usart3.o(.data)
    DATA1                                    0x20000030   Data           4  usart3.o(.data)
    DATA2                                    0x20000034   Data           4  usart3.o(.data)
    data1                                    0x20000038   Data           3  usart3.o(.data)
    data2                                    0x2000003b   Data           3  usart3.o(.data)
    Num                                      0x2000003e   Data           1  usart3.o(.data)
    Color_Data                               0x20000040   Data           3  usart5.o(.data)
    D1                                       0x20000043   Data           3  usart5.o(.data)
    Ring_Data                                0x20000046   Data           2  usart5.o(.data)
    D2                                       0x20000048   Data           2  usart5.o(.data)
    AFlag                                    0x2000004c   Data           4  ad.o(.data)
    ADValue                                  0x20000050   Data           2  ad.o(.data)
    Voltage                                  0x20000054   Data           4  ad.o(.data)
    MOTOR                                    0x200000a8   Data          12  task_work.o(.bss)
    rxCmd                                    0x200000b4   Data         128  usart.o(.bss)
    Arry                                     0x20000134   Data          10  usart2.o(.bss)
    LobotTxBuf                               0x2000013e   Data         128  usart2.o(.bss)
    DATA_Temp                                0x200001be   Data          10  usart3.o(.bss)
    ringBuff                                 0x200001c8   Data         506  usart4.o(.bss)
    rxFIFO                                   0x200003c2   Data         258  fifo.o(.bss)
    __initial_sp                             0x20000cd8   Data           0  startup_stm32f10x_hd.o(STACK)



==============================================================================

Memory Map of the image

  Image Entry point : 0x08000131

  Load Region LR_IROM1 (Base: 0x08000000, Size: 0x00008c28, Max: 0x00040000, ABSOLUTE)

    Execution Region ER_IROM1 (Exec base: 0x08000000, Load base: 0x08000000, Size: 0x00008b80, Max: 0x00040000, ABSOLUTE)

    Exec Addr    Load Addr    Size         Type   Attr      Idx    E Section Name        Object

    0x08000000   0x08000000   0x00000130   Data   RO         1001    RESET               startup_stm32f10x_hd.o
    0x08000130   0x08000130   0x00000000   Code   RO         2637  * .ARM.Collect$$$$00000000  mc_w.l(entry.o)
    0x08000130   0x08000130   0x00000004   Code   RO         2980    .ARM.Collect$$$$00000001  mc_w.l(entry2.o)
    0x08000134   0x08000134   0x00000004   Code   RO         2983    .ARM.Collect$$$$00000004  mc_w.l(entry5.o)
    0x08000138   0x08000138   0x00000000   Code   RO         2985    .ARM.Collect$$$$00000008  mc_w.l(entry7b.o)
    0x08000138   0x08000138   0x00000000   Code   RO         2987    .ARM.Collect$$$$0000000A  mc_w.l(entry8b.o)
    0x08000138   0x08000138   0x00000008   Code   RO         2988    .ARM.Collect$$$$0000000B  mc_w.l(entry9a.o)
    0x08000140   0x08000140   0x00000000   Code   RO         2990    .ARM.Collect$$$$0000000D  mc_w.l(entry10a.o)
    0x08000140   0x08000140   0x00000000   Code   RO         2992    .ARM.Collect$$$$0000000F  mc_w.l(entry11a.o)
    0x08000140   0x08000140   0x00000004   Code   RO         2981    .ARM.Collect$$$$00002712  mc_w.l(entry2.o)
    0x08000144   0x08000144   0x00000024   Code   RO         1002    .text               startup_stm32f10x_hd.o
    0x08000168   0x08000168   0x00000062   Code   RO         2640    .text               mc_w.l(ldiv.o)
    0x080001ca   0x080001ca   0x00000024   Code   RO         2642    .text               mc_w.l(memseta.o)
    0x080001ee   0x080001ee   0x0000001a   Code   RO         2644    .text               mc_w.l(memcmp.o)
    0x08000208   0x08000208   0x000000b0   Code   RO         2907    .text               mf_w.l(fadd.o)
    0x080002b8   0x080002b8   0x00000064   Code   RO         2909    .text               mf_w.l(fmul.o)
    0x0800031c   0x0800031c   0x0000007c   Code   RO         2911    .text               mf_w.l(fdiv.o)
    0x08000398   0x08000398   0x0000014e   Code   RO         2913    .text               mf_w.l(dadd.o)
    0x080004e6   0x080004e6   0x000000e4   Code   RO         2915    .text               mf_w.l(dmul.o)
    0x080005ca   0x080005ca   0x000000de   Code   RO         2917    .text               mf_w.l(ddiv.o)
    0x080006a8   0x080006a8   0x00000012   Code   RO         2919    .text               mf_w.l(fflti.o)
    0x080006ba   0x080006ba   0x0000000a   Code   RO         2921    .text               mf_w.l(ffltui.o)
    0x080006c4   0x080006c4   0x00000022   Code   RO         2923    .text               mf_w.l(dflti.o)
    0x080006e6   0x080006e6   0x0000001a   Code   RO         2925    .text               mf_w.l(dfltui.o)
    0x08000700   0x08000700   0x00000032   Code   RO         2927    .text               mf_w.l(ffixi.o)
    0x08000732   0x08000732   0x00000028   Code   RO         2929    .text               mf_w.l(ffixui.o)
    0x0800075a   0x0800075a   0x0000003e   Code   RO         2931    .text               mf_w.l(dfixi.o)
    0x08000798   0x08000798   0x00000026   Code   RO         2935    .text               mf_w.l(f2d.o)
    0x080007be   0x080007be   0x00000038   Code   RO         2937    .text               mf_w.l(d2f.o)
    0x080007f6   0x080007f6   0x00000002   PAD
    0x080007f8   0x080007f8   0x00000014   Code   RO         2939    .text               mf_w.l(cfcmple.o)
    0x0800080c   0x0800080c   0x00000014   Code   RO         2941    .text               mf_w.l(cfrcmple.o)
    0x08000820   0x08000820   0x0000002c   Code   RO         2995    .text               mc_w.l(uidiv.o)
    0x0800084c   0x0800084c   0x00000062   Code   RO         2997    .text               mc_w.l(uldiv.o)
    0x080008ae   0x080008ae   0x0000001e   Code   RO         2999    .text               mc_w.l(llshl.o)
    0x080008cc   0x080008cc   0x00000020   Code   RO         3001    .text               mc_w.l(llushr.o)
    0x080008ec   0x080008ec   0x00000024   Code   RO         3003    .text               mc_w.l(llsshr.o)
    0x08000910   0x08000910   0x00000000   Code   RO         3012    .text               mc_w.l(iusefp.o)
    0x08000910   0x08000910   0x0000006e   Code   RO         3013    .text               mf_w.l(fepilogue.o)
    0x0800097e   0x0800097e   0x000000ba   Code   RO         3015    .text               mf_w.l(depilogue.o)
    0x08000a38   0x08000a38   0x0000002e   Code   RO         3017    .text               mf_w.l(dscalb.o)
    0x08000a66   0x08000a66   0x00000030   Code   RO         3019    .text               mf_w.l(dfixul.o)
    0x08000a96   0x08000a96   0x00000002   PAD
    0x08000a98   0x08000a98   0x00000030   Code   RO         3021    .text               mf_w.l(cdrcmple.o)
    0x08000ac8   0x08000ac8   0x00000024   Code   RO         3023    .text               mc_w.l(init.o)
    0x08000aec   0x08000aec   0x000000a2   Code   RO         3025    .text               mf_w.l(dsqrt.o)
    0x08000b8e   0x08000b8e   0x00000002   PAD
    0x08000b90   0x08000b90   0x0000011c   Code   RO          955    i.ADC1_2_IRQHandler  ad.o
    0x08000cac   0x08000cac   0x00000014   Code   RO         1693    i.ADC_AnalogWatchdogCmd  stm32f10x_adc.o
    0x08000cc0   0x08000cc0   0x00000010   Code   RO         1694    i.ADC_AnalogWatchdogSingleChannelConfig  stm32f10x_adc.o
    0x08000cd0   0x08000cd0   0x00000006   Code   RO         1695    i.ADC_AnalogWatchdogThresholdsConfig  stm32f10x_adc.o
    0x08000cd6   0x08000cd6   0x0000000a   Code   RO         1698    i.ADC_ClearITPendingBit  stm32f10x_adc.o
    0x08000ce0   0x08000ce0   0x00000016   Code   RO         1699    i.ADC_Cmd           stm32f10x_adc.o
    0x08000cf6   0x08000cf6   0x00000014   Code   RO         1707    i.ADC_GetCalibrationStatus  stm32f10x_adc.o
    0x08000d0a   0x08000d0a   0x00000008   Code   RO         1708    i.ADC_GetConversionValue  stm32f10x_adc.o
    0x08000d12   0x08000d12   0x00000024   Code   RO         1711    i.ADC_GetITStatus   stm32f10x_adc.o
    0x08000d36   0x08000d36   0x00000014   Code   RO         1713    i.ADC_GetResetCalibrationStatus  stm32f10x_adc.o
    0x08000d4a   0x08000d4a   0x00000018   Code   RO         1716    i.ADC_ITConfig      stm32f10x_adc.o
    0x08000d62   0x08000d62   0x00000002   PAD
    0x08000d64   0x08000d64   0x00000050   Code   RO         1717    i.ADC_Init          stm32f10x_adc.o
    0x08000db4   0x08000db4   0x000000b8   Code   RO         1721    i.ADC_RegularChannelConfig  stm32f10x_adc.o
    0x08000e6c   0x08000e6c   0x0000000a   Code   RO         1722    i.ADC_ResetCalibration  stm32f10x_adc.o
    0x08000e76   0x08000e76   0x00000016   Code   RO         1724    i.ADC_SoftwareStartConvCmd  stm32f10x_adc.o
    0x08000e8c   0x08000e8c   0x0000000a   Code   RO         1726    i.ADC_StartCalibration  stm32f10x_adc.o
    0x08000e96   0x08000e96   0x00000002   PAD
    0x08000e98   0x08000e98   0x00000010   Code   RO          956    i.AD_GetValue       ad.o
    0x08000ea8   0x08000ea8   0x000000fc   Code   RO          957    i.AD_Init           ad.o
    0x08000fa4   0x08000fa4   0x00000048   Code   RO          172    i.AD_Power          task_work.o
    0x08000fec   0x08000fec   0x0000002c   Code   RO          934    i.Beep_Init         buzzer.o
    0x08001018   0x08001018   0x0000002c   Code   RO          935    i.Beep_ON           buzzer.o
    0x08001044   0x08001044   0x00000004   Code   RO          109    i.BusFault_Handler  stm32f10x_it.o
    0x08001048   0x08001048   0x0000038c   Code   RO          173    i.Car_Adjust        task_work.o
    0x080013d4   0x080013d4   0x00000030   Code   RO          174    i.Catch             task_work.o
    0x08001404   0x08001404   0x00000258   Code   RO          175    i.Contral_Car       task_work.o
    0x0800165c   0x0800165c   0x000000dc   Code   RO          176    i.Contral_Turn_Car  task_work.o
    0x08001738   0x08001738   0x00000002   Code   RO          110    i.DebugMon_Handler  stm32f10x_it.o
    0x0800173a   0x0800173a   0x00000018   Code   RO         1082    i.Delay_ms          delay.o
    0x08001752   0x08001752   0x00000018   Code   RO         1083    i.Delay_s           delay.o
    0x0800176a   0x0800176a   0x0000002e   Code   RO         1084    i.Delay_us          delay.o
    0x08001798   0x08001798   0x0000006c   Code   RO          279    i.Emm_V5_Pos_Control  emm_v5.o
    0x08001804   0x08001804   0x0000002e   Code   RO          284    i.Emm_V5_Synchronous_motion  emm_v5.o
    0x08001832   0x08001832   0x00000116   Code   RO         1112    i.GPIO_Init         stm32f10x_gpio.o
    0x08001948   0x08001948   0x00000090   Code   RO         1114    i.GPIO_PinRemapConfig  stm32f10x_gpio.o
    0x080019d8   0x080019d8   0x00000004   Code   RO         1120    i.GPIO_SetBits      stm32f10x_gpio.o
    0x080019dc   0x080019dc   0x00000010   Code   RO         1121    i.GPIO_StructInit   stm32f10x_gpio.o
    0x080019ec   0x080019ec   0x0000000a   Code   RO         1123    i.GPIO_WriteBit     stm32f10x_gpio.o
    0x080019f6   0x080019f6   0x00000004   Code   RO          111    i.HardFault_Handler  stm32f10x_it.o
    0x080019fa   0x080019fa   0x00000002   PAD
    0x080019fc   0x080019fc   0x00000068   Code   RO          702    i.IIC_Send_Byte     iic.o
    0x08001a64   0x08001a64   0x0000004c   Code   RO          703    i.IIC_Start         iic.o
    0x08001ab0   0x08001ab0   0x0000004c   Code   RO          704    i.IIC_Stop          iic.o
    0x08001afc   0x08001afc   0x00000060   Code   RO          705    i.IIC_Wait_Ack      iic.o
    0x08001b5c   0x08001b5c   0x0000007c   Code   RO            1    i.Init              main.o
    0x08001bd8   0x08001bd8   0x000000ac   Code   RO          177    i.LAST_Car_Adjust   task_work.o
    0x08001c84   0x08001c84   0x0000004c   Code   RO          178    i.LAST_PUT          task_work.o
    0x08001cd0   0x08001cd0   0x0000004c   Code   RO         2516    i.MPU_IIC_Ack       mpuiic.o
    0x08001d1c   0x08001d1c   0x0000000a   Code   RO         2517    i.MPU_IIC_Delay     mpuiic.o
    0x08001d26   0x08001d26   0x00000002   PAD
    0x08001d28   0x08001d28   0x00000048   Code   RO         2518    i.MPU_IIC_Init      mpuiic.o
    0x08001d70   0x08001d70   0x0000004c   Code   RO         2519    i.MPU_IIC_NAck      mpuiic.o
    0x08001dbc   0x08001dbc   0x0000006c   Code   RO         2520    i.MPU_IIC_Read_Byte  mpuiic.o
    0x08001e28   0x08001e28   0x0000005c   Code   RO         2521    i.MPU_IIC_Send_Byte  mpuiic.o
    0x08001e84   0x08001e84   0x00000048   Code   RO         2522    i.MPU_IIC_Start     mpuiic.o
    0x08001ecc   0x08001ecc   0x00000048   Code   RO         2523    i.MPU_IIC_Stop      mpuiic.o
    0x08001f14   0x08001f14   0x00000064   Code   RO         2524    i.MPU_IIC_Wait_Ack  mpuiic.o
    0x08001f78   0x08001f78   0x0000007a   Code   RO         2437    i.MPU_Init          mpu6050.o
    0x08001ff2   0x08001ff2   0x0000003a   Code   RO         2438    i.MPU_Read_Byte     mpu6050.o
    0x0800202c   0x0800202c   0x00000074   Code   RO         2439    i.MPU_Read_Len      mpu6050.o
    0x080020a0   0x080020a0   0x00000010   Code   RO         2440    i.MPU_Set_Accel_Fsr  mpu6050.o
    0x080020b0   0x080020b0   0x00000010   Code   RO         2441    i.MPU_Set_Gyro_Fsr  mpu6050.o
    0x080020c0   0x080020c0   0x0000003a   Code   RO         2442    i.MPU_Set_LPF       mpu6050.o
    0x080020fa   0x080020fa   0x0000003a   Code   RO         2443    i.MPU_Set_Rate      mpu6050.o
    0x08002134   0x08002134   0x00000044   Code   RO         2444    i.MPU_Write_Byte    mpu6050.o
    0x08002178   0x08002178   0x00000060   Code   RO         2445    i.MPU_Write_Len     mpu6050.o
    0x080021d8   0x080021d8   0x0000003c   Code   RO          538    i.Make_Date         usart3.o
    0x08002214   0x08002214   0x00000004   Code   RO          112    i.MemManage_Handler  stm32f10x_it.o
    0x08002218   0x08002218   0x00000002   Code   RO          113    i.NMI_Handler       stm32f10x_it.o
    0x0800221a   0x0800221a   0x00000002   PAD
    0x0800221c   0x0800221c   0x00000070   Code   RO         1600    i.NVIC_Init         misc.o
    0x0800228c   0x0800228c   0x00000014   Code   RO         1601    i.NVIC_PriorityGroupConfig  misc.o
    0x080022a0   0x080022a0   0x0000002a   Code   RO          602    i.OLED_Clear        oled.o
    0x080022ca   0x080022ca   0x000000ae   Code   RO          603    i.OLED_Init         oled.o
    0x08002378   0x08002378   0x00000014   Code   RO          604    i.OLED_Pow          oled.o
    0x0800238c   0x0800238c   0x00000094   Code   RO          605    i.OLED_SPI_Init     oled.o
    0x08002420   0x08002420   0x0000003c   Code   RO          606    i.OLED_SPI_SendByte  oled.o
    0x0800245c   0x0800245c   0x00000022   Code   RO          607    i.OLED_SetCursor    oled.o
    0x0800247e   0x0800247e   0x00000002   PAD
    0x08002480   0x08002480   0x00000074   Code   RO          609    i.OLED_ShowChar     oled.o
    0x080024f4   0x080024f4   0x00000054   Code   RO          610    i.OLED_ShowHexNum   oled.o
    0x08002548   0x08002548   0x00000044   Code   RO          611    i.OLED_ShowNum      oled.o
    0x0800258c   0x0800258c   0x00000028   Code   RO          613    i.OLED_ShowString   oled.o
    0x080025b4   0x080025b4   0x00000030   Code   RO          614    i.OLED_WriteCommand  oled.o
    0x080025e4   0x080025e4   0x00000030   Code   RO          615    i.OLED_WriteData    oled.o
    0x08002614   0x08002614   0x00000050   Code   RO          179    i.OpenMv_Part       task_work.o
    0x08002664   0x08002664   0x0000002e   Code   RO          757    i.PCA9685_write     pca9685.o
    0x08002692   0x08002692   0x00000002   PAD
    0x08002694   0x08002694   0x00000058   Code   RO          180    i.PUT               task_work.o
    0x080026ec   0x080026ec   0x00000002   Code   RO          114    i.PendSV_Handler    stm32f10x_it.o
    0x080026ee   0x080026ee   0x00000002   PAD
    0x080026f0   0x080026f0   0x00000018   Code   RO         1220    i.RCC_ADCCLKConfig  stm32f10x_rcc.o
    0x08002708   0x08002708   0x00000020   Code   RO         1222    i.RCC_APB1PeriphClockCmd  stm32f10x_rcc.o
    0x08002728   0x08002728   0x00000020   Code   RO         1223    i.RCC_APB1PeriphResetCmd  stm32f10x_rcc.o
    0x08002748   0x08002748   0x00000020   Code   RO         1224    i.RCC_APB2PeriphClockCmd  stm32f10x_rcc.o
    0x08002768   0x08002768   0x00000020   Code   RO         1225    i.RCC_APB2PeriphResetCmd  stm32f10x_rcc.o
    0x08002788   0x08002788   0x000000d4   Code   RO         1232    i.RCC_GetClocksFreq  stm32f10x_rcc.o
    0x0800285c   0x0800285c   0x00000240   Code   RO          183    i.Ring_Adjust       task_work.o
    0x08002a9c   0x08002a9c   0x000003dc   Code   RO          184    i.Run               task_work.o
    0x08002e78   0x08002e78   0x00000002   Code   RO          115    i.SVC_Handler       stm32f10x_it.o
    0x08002e7a   0x08002e7a   0x00000002   PAD
    0x08002e7c   0x08002e7c   0x00000028   Code   RO          468    i.Serial_SendArray_USART2  usart2.o
    0x08002ea4   0x08002ea4   0x00000028   Code   RO          540    i.Serial_SendArray_USART3  usart3.o
    0x08002ecc   0x08002ecc   0x00000008   Code   RO         1006    i.SetSysClock       system_stm32f10x.o
    0x08002ed4   0x08002ed4   0x000000e0   Code   RO         1007    i.SetSysClockTo72   system_stm32f10x.o
    0x08002fb4   0x08002fb4   0x00000020   Code   RO          544    i.Set_ON            usart3.o
    0x08002fd4   0x08002fd4   0x00000002   Code   RO          116    i.SysTick_Handler   stm32f10x_it.o
    0x08002fd6   0x08002fd6   0x00000002   PAD
    0x08002fd8   0x08002fd8   0x00000060   Code   RO         1009    i.SystemInit        system_stm32f10x.o
    0x08003038   0x08003038   0x00000090   Code   RO          807    i.TJCPrintf         usart4.o
    0x080030c8   0x080030c8   0x000000b8   Code   RO          185    i.Task_Catch_Work   task_work.o
    0x08003180   0x08003180   0x00000308   Code   RO          186    i.Try               task_work.o
    0x08003488   0x08003488   0x00000030   Code   RO          809    i.UART4_IRQHandler  usart4.o
    0x080034b8   0x080034b8   0x000000d4   Code   RO          810    i.UART4_Init        usart4.o
    0x0800358c   0x0800358c   0x00000164   Code   RO          887    i.UART5_IRQHandler  usart5.o
    0x080036f0   0x080036f0   0x000000b8   Code   RO          888    i.UART5_Init        usart5.o
    0x080037a8   0x080037a8   0x0000008c   Code   RO          363    i.USART1_IRQHandler  usart.o
    0x08003834   0x08003834   0x00000010   Code   RO          437    i.USART1_Init       board.o
    0x08003844   0x08003844   0x000000ac   Code   RO          472    i.USART2_IRQHandler  usart2.o
    0x080038f0   0x080038f0   0x000000b4   Code   RO          473    i.USART2_Init       usart2.o
    0x080039a4   0x080039a4   0x000000e0   Code   RO          545    i.USART3_IRQHandler  usart3.o
    0x08003a84   0x08003a84   0x000000b4   Code   RO          546    i.USART3_Init       usart3.o
    0x08003b38   0x08003b38   0x00000012   Code   RO         1420    i.USART_ClearFlag   stm32f10x_usart.o
    0x08003b4a   0x08003b4a   0x0000001e   Code   RO         1421    i.USART_ClearITPendingBit  stm32f10x_usart.o
    0x08003b68   0x08003b68   0x00000018   Code   RO         1424    i.USART_Cmd         stm32f10x_usart.o
    0x08003b80   0x08003b80   0x0000009c   Code   RO         1426    i.USART_DeInit      stm32f10x_usart.o
    0x08003c1c   0x08003c1c   0x0000001a   Code   RO         1427    i.USART_GetFlagStatus  stm32f10x_usart.o
    0x08003c36   0x08003c36   0x00000054   Code   RO         1428    i.USART_GetITStatus  stm32f10x_usart.o
    0x08003c8a   0x08003c8a   0x0000004a   Code   RO         1430    i.USART_ITConfig    stm32f10x_usart.o
    0x08003cd4   0x08003cd4   0x000000d8   Code   RO         1431    i.USART_Init        stm32f10x_usart.o
    0x08003dac   0x08003dac   0x0000000a   Code   RO         1438    i.USART_ReceiveData  stm32f10x_usart.o
    0x08003db6   0x08003db6   0x00000008   Code   RO         1441    i.USART_SendData    stm32f10x_usart.o
    0x08003dbe   0x08003dbe   0x00000018   Code   RO         1447    i.USART_StructInit  stm32f10x_usart.o
    0x08003dd6   0x08003dd6   0x00000004   Code   RO          117    i.UsageFault_Handler  stm32f10x_it.o
    0x08003dda   0x08003dda   0x00000002   PAD
    0x08003ddc   0x08003ddc   0x00000030   Code   RO          474    i.Usart2WriteBuf    usart2.o
    0x08003e0c   0x08003e0c   0x0000002c   Code   RO         2884    i.__0vsnprintf      mc_w.l(printfa.o)
    0x08003e38   0x08003e38   0x00000028   Code   RO         2967    i.__ARM_fpclassify  m_ws.l(fpclassify.o)
    0x08003e60   0x08003e60   0x000000aa   Code   RO         2969    i.__kernel_poly     m_ws.l(poly.o)
    0x08003f0a   0x08003f0a   0x00000006   Code   RO         2954    i.__mathlib_dbl_infnan  m_ws.l(dunder.o)
    0x08003f10   0x08003f10   0x00000004   Code   RO         2955    i.__mathlib_dbl_infnan2  m_ws.l(dunder.o)
    0x08003f14   0x08003f14   0x0000000c   Code   RO         2956    i.__mathlib_dbl_invalid  m_ws.l(dunder.o)
    0x08003f20   0x08003f20   0x00000010   Code   RO         2959    i.__mathlib_dbl_underflow  m_ws.l(dunder.o)
    0x08003f30   0x08003f30   0x0000000e   Code   RO         3031    i.__scatterload_copy  mc_w.l(handlers.o)
    0x08003f3e   0x08003f3e   0x00000002   Code   RO         3032    i.__scatterload_null  mc_w.l(handlers.o)
    0x08003f40   0x08003f40   0x0000000e   Code   RO         3033    i.__scatterload_zeroinit  mc_w.l(handlers.o)
    0x08003f4e   0x08003f4e   0x00000002   PAD
    0x08003f50   0x08003f50   0x0000000c   Code   RO         3007    i.__set_errno       mc_w.l(errno.o)
    0x08003f5c   0x08003f5c   0x00000184   Code   RO         2886    i._fp_digits        mc_w.l(printfa.o)
    0x080040e0   0x080040e0   0x000006dc   Code   RO         2887    i._printf_core      mc_w.l(printfa.o)
    0x080047bc   0x080047bc   0x00000024   Code   RO         2888    i._printf_post_padding  mc_w.l(printfa.o)
    0x080047e0   0x080047e0   0x0000002e   Code   RO         2889    i._printf_pre_padding  mc_w.l(printfa.o)
    0x0800480e   0x0800480e   0x00000016   Code   RO         2890    i._snputc           mc_w.l(printfa.o)
    0x08004824   0x08004824   0x000000a8   Code   RO         1915    i.accel_self_test   inv_mpu.o
    0x080048cc   0x080048cc   0x00000270   Code   RO         2616    i.asin              m_ws.l(asin.o)
    0x08004b3c   0x08004b3c   0x00000220   Code   RO         2944    i.atan              m_ws.l(atan.o)
    0x08004d5c   0x08004d5c   0x00000180   Code   RO         2626    i.atan2             m_ws.l(atan2.o)
    0x08004edc   0x08004edc   0x00000058   Code   RO          758    i.calculate_PWM     pca9685.o
    0x08004f34   0x08004f34   0x00000020   Code   RO          438    i.clock_init        board.o
    0x08004f54   0x08004f54   0x00000064   Code   RO         2245    i.decode_gesture    inv_mpu_dmp_motion_driver.o
    0x08004fb8   0x08004fb8   0x0000003c   Code   RO         2246    i.dmp_enable_6x_lp_quat  inv_mpu_dmp_motion_driver.o
    0x08004ff4   0x08004ff4   0x0000021c   Code   RO         2247    i.dmp_enable_feature  inv_mpu_dmp_motion_driver.o
    0x08005210   0x08005210   0x00000058   Code   RO         2248    i.dmp_enable_gyro_cal  inv_mpu_dmp_motion_driver.o
    0x08005268   0x08005268   0x0000003c   Code   RO         2249    i.dmp_enable_lp_quat  inv_mpu_dmp_motion_driver.o
    0x080052a4   0x080052a4   0x00000018   Code   RO         2254    i.dmp_load_motion_driver_firmware  inv_mpu_dmp_motion_driver.o
    0x080052bc   0x080052bc   0x000001cc   Code   RO         2255    i.dmp_read_fifo     inv_mpu_dmp_motion_driver.o
    0x08005488   0x08005488   0x00000130   Code   RO         2258    i.dmp_set_accel_bias  inv_mpu_dmp_motion_driver.o
    0x080055b8   0x080055b8   0x00000070   Code   RO         2259    i.dmp_set_fifo_rate  inv_mpu_dmp_motion_driver.o
    0x08005628   0x08005628   0x00000130   Code   RO         2260    i.dmp_set_gyro_bias  inv_mpu_dmp_motion_driver.o
    0x08005758   0x08005758   0x00000138   Code   RO         2262    i.dmp_set_orientation  inv_mpu_dmp_motion_driver.o
    0x08005890   0x08005890   0x00000038   Code   RO         2265    i.dmp_set_shake_reject_thresh  inv_mpu_dmp_motion_driver.o
    0x080058c8   0x080058c8   0x00000026   Code   RO         2266    i.dmp_set_shake_reject_time  inv_mpu_dmp_motion_driver.o
    0x080058ee   0x080058ee   0x00000026   Code   RO         2267    i.dmp_set_shake_reject_timeout  inv_mpu_dmp_motion_driver.o
    0x08005914   0x08005914   0x00000046   Code   RO         2268    i.dmp_set_tap_axes  inv_mpu_dmp_motion_driver.o
    0x0800595a   0x0800595a   0x00000026   Code   RO         2269    i.dmp_set_tap_count  inv_mpu_dmp_motion_driver.o
    0x08005980   0x08005980   0x000001a0   Code   RO         2270    i.dmp_set_tap_thresh  inv_mpu_dmp_motion_driver.o
    0x08005b20   0x08005b20   0x00000026   Code   RO         2271    i.dmp_set_tap_time  inv_mpu_dmp_motion_driver.o
    0x08005b46   0x08005b46   0x00000026   Code   RO         2272    i.dmp_set_tap_time_multi  inv_mpu_dmp_motion_driver.o
    0x08005b6c   0x08005b6c   0x00000030   Code   RO         1040    i.fifo_deQueue      fifo.o
    0x08005b9c   0x08005b9c   0x00000030   Code   RO         1041    i.fifo_enQueue      fifo.o
    0x08005bcc   0x08005bcc   0x0000003c   Code   RO         1043    i.fifo_queueLength  fifo.o
    0x08005c08   0x08005c08   0x000000b4   Code   RO         1916    i.get_accel_prod_shift  inv_mpu.o
    0x08005cbc   0x08005cbc   0x00000470   Code   RO         1917    i.get_st_biases     inv_mpu.o
    0x0800612c   0x0800612c   0x00000110   Code   RO         1918    i.gyro_self_test    inv_mpu.o
    0x0800623c   0x0800623c   0x00000010   Code   RO          813    i.initRingBuff      usart4.o
    0x0800624c   0x0800624c   0x00000028   Code   RO         1919    i.inv_orientation_matrix_to_scalar  inv_mpu.o
    0x08006274   0x08006274   0x0000004e   Code   RO         1920    i.inv_row_2_scale   inv_mpu.o
    0x080062c2   0x080062c2   0x0000000c   Code   RO            2    i.main              main.o
    0x080062ce   0x080062ce   0x00000002   Code   RO         1921    i.mget_ms           inv_mpu.o
    0x080062d0   0x080062d0   0x00000070   Code   RO         1922    i.mpu_configure_fifo  inv_mpu.o
    0x08006340   0x08006340   0x00000224   Code   RO         1923    i.mpu_dmp_get_data  inv_mpu.o
    0x08006564   0x08006564   0x000000a0   Code   RO         1924    i.mpu_dmp_init      inv_mpu.o
    0x08006604   0x08006604   0x0000004c   Code   RO         1925    i.mpu_get_accel_fsr  inv_mpu.o
    0x08006650   0x08006650   0x00000054   Code   RO         1927    i.mpu_get_accel_sens  inv_mpu.o
    0x080066a4   0x080066a4   0x00000010   Code   RO         1932    i.mpu_get_fifo_config  inv_mpu.o
    0x080066b4   0x080066b4   0x00000044   Code   RO         1933    i.mpu_get_gyro_fsr  inv_mpu.o
    0x080066f8   0x080066f8   0x00000050   Code   RO         1935    i.mpu_get_gyro_sens  inv_mpu.o
    0x08006748   0x08006748   0x00000050   Code   RO         1937    i.mpu_get_lpf       inv_mpu.o
    0x08006798   0x08006798   0x00000020   Code   RO         1939    i.mpu_get_sample_rate  inv_mpu.o
    0x080067b8   0x080067b8   0x00000190   Code   RO         1941    i.mpu_init          inv_mpu.o
    0x08006948   0x08006948   0x000000b8   Code   RO         1942    i.mpu_load_firmware  inv_mpu.o
    0x08006a00   0x08006a00   0x000000e0   Code   RO         1943    i.mpu_lp_accel_mode  inv_mpu.o
    0x08006ae0   0x08006ae0   0x000000c0   Code   RO         1946    i.mpu_read_fifo_stream  inv_mpu.o
    0x08006ba0   0x08006ba0   0x00000080   Code   RO         1947    i.mpu_read_mem      inv_mpu.o
    0x08006c20   0x08006c20   0x000001c8   Code   RO         1950    i.mpu_reset_fifo    inv_mpu.o
    0x08006de8   0x08006de8   0x0000011c   Code   RO         1951    i.mpu_run_self_test  inv_mpu.o
    0x08006f04   0x08006f04   0x00000084   Code   RO         1953    i.mpu_set_accel_fsr  inv_mpu.o
    0x08006f88   0x08006f88   0x0000014c   Code   RO         1954    i.mpu_set_bypass    inv_mpu.o
    0x080070d4   0x080070d4   0x00000090   Code   RO         1956    i.mpu_set_dmp_state  inv_mpu.o
    0x08007164   0x08007164   0x00000088   Code   RO         1957    i.mpu_set_gyro_fsr  inv_mpu.o
    0x080071ec   0x080071ec   0x0000006c   Code   RO         1958    i.mpu_set_int_latched  inv_mpu.o
    0x08007258   0x08007258   0x00000084   Code   RO         1960    i.mpu_set_lpf       inv_mpu.o
    0x080072dc   0x080072dc   0x0000009c   Code   RO         1961    i.mpu_set_sample_rate  inv_mpu.o
    0x08007378   0x08007378   0x000000d0   Code   RO         1962    i.mpu_set_sensors   inv_mpu.o
    0x08007448   0x08007448   0x00000080   Code   RO         1963    i.mpu_write_mem     inv_mpu.o
    0x080074c8   0x080074c8   0x00000028   Code   RO          439    i.nvic_init         board.o
    0x080074f0   0x080074f0   0x00000058   Code   RO          475    i.runActionGroup    usart2.o
    0x08007548   0x08007548   0x00000094   Code   RO         1964    i.run_self_test     inv_mpu.o
    0x080075dc   0x080075dc   0x0000003a   Code   RO          760    i.setPWM            pca9685.o
    0x08007616   0x08007616   0x00000002   PAD
    0x08007618   0x08007618   0x00000090   Code   RO         1965    i.set_int_enable    inv_mpu.o
    0x080076a8   0x080076a8   0x0000004c   Code   RO         2973    i.sqrt              m_ws.l(sqrt.o)
    0x080076f4   0x080076f4   0x0000003c   Code   RO          365    i.usart_SendByte    usart.o
    0x08007730   0x08007730   0x0000002c   Code   RO          366    i.usart_SendCmd     usart.o
    0x0800775c   0x0800775c   0x0000009c   Code   RO          440    i.usart_init        board.o
    0x080077f8   0x080077f8   0x0000003c   Code   RO          816    i.writeRingBuff     usart4.o
    0x08007834   0x08007834   0x000005f0   Data   RO          616    .constdata          oled.o
    0x08007e24   0x08007e24   0x00000050   Data   RO         1967    .constdata          inv_mpu.o
    0x08007e74   0x08007e74   0x00000bf6   Data   RO         2274    .constdata          inv_mpu_dmp_motion_driver.o
    0x08008a6a   0x08008a6a   0x00000006   PAD
    0x08008a70   0x08008a70   0x00000050   Data   RO         2617    .constdata          m_ws.l(asin.o)
    0x08008ac0   0x08008ac0   0x00000098   Data   RO         2945    .constdata          m_ws.l(atan.o)
    0x08008b58   0x08008b58   0x00000008   Data   RO         2971    .constdata          m_ws.l(qnan.o)
    0x08008b60   0x08008b60   0x00000020   Data   RO         3029    Region$$Table       anon$$obj.o


    Execution Region RW_IRAM1 (Exec base: 0x20000000, Load base: 0x08008b80, Size: 0x00000cd8, Max: 0x0000c000, ABSOLUTE)

    Exec Addr    Load Addr    Size         Type   Attr      Idx    E Section Name        Object

    0x20000000   0x08008b80   0x00000024   Data   RW          188    .data               task_work.o
    0x20000024   0x08008ba4   0x00000003   Data   RW          368    .data               usart.o
    0x20000027   0x08008ba7   0x00000003   Data   RW          477    .data               usart2.o
    0x2000002a   0x08008baa   0x00000002   PAD
    0x2000002c   0x08008bac   0x00000014   Data   RW          548    .data               usart3.o
    0x20000040   0x08008bc0   0x0000000c   Data   RW          889    .data               usart5.o
    0x2000004c   0x08008bcc   0x0000000c   Data   RW          958    .data               ad.o
    0x20000058   0x08008bd8   0x00000014   Data   RW         1252    .data               stm32f10x_rcc.o
    0x2000006c   0x08008bec   0x00000035   Data   RW         1968    .data               inv_mpu.o
    0x200000a1   0x08008c21   0x00000003   PAD
    0x200000a4   0x08008c24   0x00000004   Data   RW         3008    .data               mc_w.l(errno.o)
    0x200000a8        -       0x0000000c   Zero   RW          187    .bss                task_work.o
    0x200000b4        -       0x00000080   Zero   RW          367    .bss                usart.o
    0x20000134        -       0x0000008a   Zero   RW          476    .bss                usart2.o
    0x200001be        -       0x0000000a   Zero   RW          547    .bss                usart3.o
    0x200001c8        -       0x000001fa   Zero   RW          817    .bss                usart4.o
    0x200003c2        -       0x00000102   Zero   RW         1045    .bss                fifo.o
    0x200004c4        -       0x00000010   Zero   RW         2273    .bss                inv_mpu_dmp_motion_driver.o
    0x200004d4   0x08008c28   0x00000004   PAD
    0x200004d8        -       0x00000800   Zero   RW          999    STACK               startup_stm32f10x_hd.o


==============================================================================

Image component sizes


      Code (inc. data)   RO Data    RW Data    ZI Data      Debug   Object Name

       552         92          0         12          0      11116   ad.o
       244         12          0          0          0       2044   board.o
        88         14          0          0          0        950   buzzer.o
         0          0          0          0          0         32   core_cm3.o
        94          0          0          0          0       1512   delay.o
       154          0          0          0          0       1433   emm_v5.o
       156         14          0          0        258       2450   fifo.o
       352         54          0          0          0       2130   iic.o
      6768        214         80         53          0      30924   inv_mpu.o
      3096        122       3062          0         16      20630   inv_mpu_dmp_motion_driver.o
       136         10          0          0          0     233690   main.o
       132         22          0          0          0       1735   misc.o
       608          0          0          0          0       6187   mpu6050.o
       678        104          0          0          0       4882   mpuiic.o
       882         28       1520          0          0       7766   oled.o
       192         22          0          0          0       1773   pca9685.o
        36          8        304          0       2048        804   startup_stm32f10x_hd.o
       488         14          0          0          0      12135   stm32f10x_adc.o
       452          6          0          0          0       4811   stm32f10x_gpio.o
        26          0          0          0          0       4050   stm32f10x_it.o
       364         50          0         20          0       6615   stm32f10x_rcc.o
       670         28          0          0          0       9243   stm32f10x_usart.o
       328         28          0          0          0       1965   system_stm32f10x.o
      4788        434          0         36         12      11131   task_work.o
       244         22          0          3        128       3092   usart.o
       528         48          0          3        138       4168   usart2.o
       536         64          0         20         10       4122   usart3.o
       480         32          0          0        506       3714   usart4.o
       540         48          0         12          0       2612   usart5.o

    ----------------------------------------------------------------------
     23636       1490       5004        164       3120     397716   Object Totals
         0          0         32          0          0          0   (incl. Generated)
        24          0          6          5          4          0   (incl. Padding)

    ----------------------------------------------------------------------

      Code (inc. data)   RO Data    RW Data    ZI Data      Debug   Library Member Name

       624         52         80          0          0        168   asin.o
       544         70        152          0          0        124   atan.o
       384         38          0          0          0        144   atan2.o
        38          6          0          0          0        272   dunder.o
        40          0          0          0          0         68   fpclassify.o
       170          0          0          0          0         96   poly.o
         0          0          8          0          0          0   qnan.o
        76          0          0          0          0         84   sqrt.o
         0          0          0          0          0          0   entry.o
         0          0          0          0          0          0   entry10a.o
         0          0          0          0          0          0   entry11a.o
         8          4          0          0          0          0   entry2.o
         4          0          0          0          0          0   entry5.o
         0          0          0          0          0          0   entry7b.o
         0          0          0          0          0          0   entry8b.o
         8          4          0          0          0          0   entry9a.o
        12          6          0          4          0         68   errno.o
        30          0          0          0          0          0   handlers.o
        36          8          0          0          0         68   init.o
         0          0          0          0          0          0   iusefp.o
        98          0          0          0          0         84   ldiv.o
        30          0          0          0          0         68   llshl.o
        36          0          0          0          0         68   llsshr.o
        32          0          0          0          0         68   llushr.o
        26          0          0          0          0         80   memcmp.o
        36          0          0          0          0        108   memseta.o
      2292         84          0          0          0        516   printfa.o
        44          0          0          0          0         80   uidiv.o
        98          0          0          0          0         92   uldiv.o
        48          0          0          0          0         68   cdrcmple.o
        20          0          0          0          0         68   cfcmple.o
        20          0          0          0          0         68   cfrcmple.o
        56          0          0          0          0         88   d2f.o
       334          0          0          0          0        148   dadd.o
       222          0          0          0          0        100   ddiv.o
       186          0          0          0          0        176   depilogue.o
        62          0          0          0          0         80   dfixi.o
        48          0          0          0          0         68   dfixul.o
        34          0          0          0          0         76   dflti.o
        26          0          0          0          0         76   dfltui.o
       228          0          0          0          0         96   dmul.o
        46          0          0          0          0         80   dscalb.o
       162          0          0          0          0        100   dsqrt.o
        38          0          0          0          0         68   f2d.o
       176          0          0          0          0        140   fadd.o
       124          0          0          0          0         88   fdiv.o
       110          0          0          0          0        168   fepilogue.o
        50          0          0          0          0         68   ffixi.o
        40          0          0          0          0         68   ffixui.o
        18          0          0          0          0         68   fflti.o
        10          0          0          0          0         68   ffltui.o
       100          0          0          0          0         76   fmul.o

    ----------------------------------------------------------------------
      6832        272        240          4          0       4360   Library Totals
         8          0          0          0          0          0   (incl. Padding)

    ----------------------------------------------------------------------

      Code (inc. data)   RO Data    RW Data    ZI Data      Debug   Library Name

      1876        166        240          0          0        956   m_ws.l
      2790        106          0          4          0       1300   mc_w.l
      2158          0          0          0          0       2104   mf_w.l

    ----------------------------------------------------------------------
      6832        272        240          4          0       4360   Library Totals

    ----------------------------------------------------------------------

==============================================================================


      Code (inc. data)   RO Data    RW Data    ZI Data      Debug   

     30468       1762       5244        168       3120     389956   Grand Totals
     30468       1762       5244        168       3120     389956   ELF Image Totals
     30468       1762       5244        168          0          0   ROM Totals

==============================================================================

    Total RO  Size (Code + RO Data)                35712 (  34.88kB)
    Total RW  Size (RW Data + ZI Data)              3288 (   3.21kB)
    Total ROM Size (Code + RO Data + RW Data)      35880 (  35.04kB)

==============================================================================

